******************************************************************************
                  TI ARM Linker PC v5.2.6                      
******************************************************************************
>> Linked Thu Nov 19 00:40:25 2015

OUTPUT FILE NAME:   <HDC1008_RTOS.out>
ENTRY POINT SYMBOL: "_c_int00"  address: 000048cd


MEMORY CONFIGURATION

         name            origin    length      used     unused   attr    fill
----------------------  --------  ---------  --------  --------  ----  --------
  MAIN                  00000000   00040000  00007b16  000384ea  R  X
  INFO                  00200000   00004000  00000000  00004000  R  X
  SRAM_CODE             01000000   00010000  00000000  00010000  RW X
  SRAM_DATA             20000000   00010000  00001790  0000e870  RW  


SEGMENT ALLOCATION MAP

run origin  load origin   length   init length attrs members
----------  ----------- ---------- ----------- ----- -------
00000000    00000000    00007b20   00007b20    r-x
  00000000    00000000    0000003c   0000003c    r-- .resetVecs
  00000040    00000040    000071a2   000071a2    r-x .text
  000071e4    000071e4    000004f8   000004f8    r-- .const
  000076e0    000076e0    00000440   00000440    r-- .cinit
20000000    20000000    00001590   00000000    rw-
  20000000    20000000    00000140   00000000    rw- .vecs
  20000140    20000140    00000d6c   00000000    rw- .bss
  20000eac    20000eac    000006e4   00000000    rw- .data
2000fe00    2000fe00    00000200   00000000    rw-
  2000fe00    2000fe00    00000200   00000000    rw- .stack


SECTION ALLOCATION MAP

 output                                  attributes/
section   page    origin      length       input sections
--------  ----  ----------  ----------   ----------------
.resetVecs 
*          0    00000000    0000003c     
                  00000000    0000003c     empty_min_pem4f.oem4f (.resetVecs)

.text      0    00000040    000071a2     
                  00000040    0000030c     rtsv7M4_T_le_v4SPD16_eabi.lib : lowlev.obj (.text)
                  0000034c    000002fc     ti.sysbios.fatfs.aem4f : ff.oem4f (.text:chk_mounted)
                  00000648    000002d4     rtsv7M4_T_le_v4SPD16_eabi.lib : trgdrv.obj (.text)
                  0000091c    000002a8                                   : mktime.obj (.text)
                  00000bc4    0000023c     drivers_MSP432P401R.aem4f : SDSPIMSP432.oem4f (.text:SDSPIMSP432_diskInitialize)
                  00000e00    000001c4                               : SDSPIMSP432.oem4f (.text:send_cmd)
                  00000fc4    000001a6     ti.sysbios.fatfs.aem4f : ff.oem4f (.text:f_write)
                  0000116a    00000002     power_tirtos_MSP432P401R.aem4f : PowerMSP432_tirtos.oem4f (.text:PowerMSP432_policyInitFxn)
                  0000116c    00000198     drivers_MSP432P401R.aem4f : SDSPIMSP432.oem4f (.text:SDSPIMSP432_open)
                  00001304    00000184                               : I2CMSP432.oem4f (.text:I2CMSP432_open)
                  00001488    00000182     msp432p4xx_driverlib.lib : pcm.o (.text:PCM_setPowerStateWithTimeout)
                  0000160a    00000176     ti.sysbios.fatfs.aem4f : ff.oem4f (.text:f_read)
                  00001780    00000162     drivers_MSP432P401R.aem4f : SDSPIMSP432.oem4f (.text:xmit_datablock)
                  000018e2    00000158     ti.sysbios.fatfs.aem4f : ff.oem4f (.text:f_lseek)
                  00001a3a    00000006     msp432p4xx_driverlib.lib : spi.o (.text:EUSCI_A_SPI_receiveData)
                  00001a40    00000158     sysbios.aem4f : BIOS.obj (.text:ti_sysbios_knl_Semaphore_pend__E)
                  00001b98    00000150     ti.sysbios.fatfs.aem4f : ff.oem4f (.text:f_open)
                  00001ce8    0000013c     drivers_MSP432P401R.aem4f : GPIOMSP432.oem4f (.text:GPIO_setConfig)
                  00001e24    0000011c     ti.sysbios.fatfs.aem4f : ff.oem4f (.text:f_rename)
                  00001f40    00000118     drivers_MSP432P401R.aem4f : I2CMSP432.oem4f (.text:I2CMSP432_hwiIntFxn)
                  00002058    00000118     ti.targets.arm.rtsarm.aem4f : Error.oem4f (.text:xdc_runtime_Error_policyDefault__E)
                  00002170    00000117     ti.sysbios.fatfs.aem4f : ff.oem4f (.text:create_name)
                  00002287    00000001     --HOLE-- [fill = 0]
                  00002288    00000110     drivers_MSP432P401R.aem4f : SDSPIMSP432.oem4f (.text:SDSPIMSP432_diskIOctrl)
                  00002398    00000100                               : SDSPIMSP432.oem4f (.text:SDSPIMSP432_diskWrite)
                  00002498    00000100     ti.targets.arm.rtsarm.aem4f : Core-mem.oem4f (.text:xdc_runtime_Core_createObject__I)
                  00002598    000000fc     ti.sysbios.fatfs.aem4f : ff.oem4f (.text:dir_next)
                  00002694    000000f8     ti.targets.arm.rtsarm.aem4f : Startup.oem4f (.text:xdc_runtime_Startup_startMods__I)
                  0000278c    000000f4     drivers_MSP432P401R.aem4f : PowerMSP432.oem4f (.text:Power_sleep)
                  00002880    000000f4     sysbios.aem4f : m3_Hwi_asm.obj (.text:ti_sysbios_family_arm_m3_Hwi_dispatch__I)
                  00002974    000000f0     drivers_MSP432P401R.aem4f : PowerMSP432.oem4f (.text:initPerfControl)
                  00002a64    000000f0                               : SDSPIMSP432.oem4f (.text:rcvr_datablock)
                  00002b54    000000e2     ti.sysbios.fatfs.aem4f : ff.oem4f (.text:put_fat)
                  00002c36    00000002     rtsv7M4_T_le_v4SPD16_eabi.lib : i_div0.obj (.text)
                  00002c38    000000e0     msp432p4xx_driverlib.lib : cs.o (.text:CS_initClockSignal)
                  00002d18    000000e0     drivers_MSP432P401R.aem4f : SDSPIMSP432.oem4f (.text:SDSPIMSP432_diskRead)
                  00002df8    000000d4     msp432p4xx_driverlib.lib : pcm.o (.text:PCM_setPowerModeWithTimeout)
                  00002ecc    000000cc     ti.sysbios.fatfs.aem4f : ff.oem4f (.text:get_fat)
                  00002f98    000000cc     sysbios.aem4f : BIOS.obj (.text:ti_sysbios_heaps_HeapMem_alloc__E)
                  00003064    000000cc     ti.targets.arm.rtsarm.aem4f : Core-smem.oem4f (.text:xdc_runtime_Core_constructObject__I)
                  00003130    000000c0     sysbios.aem4f : BIOS.obj (.text:ti_sysbios_knl_Task_sleep__E)
                  000031f0    000000be     ti.sysbios.fatfs.aem4f : ff.oem4f (.text:f_unlink)
                  000032ae    00000002     empty_min_pem4f.oem4f (.text:ti_sysbios_BIOS_nullFunc__I)
                  000032b0    000000b8     ti.sysbios.fatfs.aem4f : ffcio.oem4f (.text:ffcio_open)
                  00003368    000000b2                            : ff.oem4f (.text:sync)
                  0000341a    00000002     ti.targets.arm.rtsarm.aem4f : SysCallback.oem4f (.text:xdc_runtime_SysCallback_defaultAbort)
                  0000341c    000000a8     msp432p4xx_driverlib.lib : pcm.o (.text:PCM_setCoreVoltageLevelWithTimeout)
                  000034c4    00000004                              : cpu.o (.text:CPU_wfi)
                  000034c8    000000a8     sysbios.aem4f : BIOS.obj (.text:ti_sysbios_family_arm_msp432_Timer_periodicStub__E)
                  00003570    000000a6     ti.sysbios.fatfs.aem4f : ff.oem4f (.text:f_sync)
                  00003616    00000002     ti.targets.arm.rtsarm.aem4f : SysCallback.oem4f (.text:xdc_runtime_SysCallback_defaultExit)
                  00003618    000000a0     auto_init.aem4f : auto_init.oem4f (.text)
                  000036b8    0000009c     rtsv7M4_T_le_v4SPD16_eabi.lib : memcpy_t2.obj (.text)
                  00003754    00000098     ti.sysbios.fatfs.aem4f : ff.oem4f (.text:create_chain)
                  000037ec    00000004     msp432p4xx_driverlib.lib : spi.o (.text:EUSCI_A_SPI_transmitData)
                  000037f0    00000094     sysbios.aem4f : BIOS.obj (.text:ti_sysbios_family_arm_m3_Hwi_Instance_init__E)
                  00003884    00000004     msp432p4xx_driverlib.lib : spi.o (.text:EUSCI_B_SPI_transmitData)
                  00003888    00000094     sysbios.aem4f : BIOS.obj (.text:ti_sysbios_family_arm_m3_Hwi_initNVIC__E)
                  0000391c    0000008c     drivers_MSP432P401R.aem4f : I2CMSP432.oem4f (.text:I2CMSP432_transfer)
                  000039a8    0000008c     sysbios.aem4f : m3_TaskSupport_asm.obj (.text:ti_sysbios_family_arm_m3_TaskSupport_buildTaskStack)
                  00003a34    00000004     tirtosport.aem4f : HwiP_tirtos.oem4f (.text:HwiP_disable)
                  00003a38    0000008c     sysbios.aem4f : BIOS.obj (.text:ti_sysbios_hal_SecondsClock_Module_startup__E)
                  00003ac4    00000004     msp432p4xx_driverlib.lib : i2c.o (.text:I2C_setSlaveAddress)
                  00003ac8    0000008c     sysbios.aem4f : BIOS.obj (.text:ti_sysbios_knl_Task_postInit__I)
                  00003b54    00000088     drivers_MSP432P401R.aem4f : SDSPIMSP432.oem4f (.text:wait_ready)
                  00003bdc    0000007c     msp432p4xx_driverlib.lib : pcm.o (.text:PCM_gotoLPM3)
                  00003c58    0000007c                              : spi.o (.text:SPI_initMaster)
                  00003cd4    0000007c     ti.sysbios.fatfs.aem4f : ff.oem4f (.text:dir_sdi)
                  00003d50    0000007c     sysbios.aem4f : BIOS.obj (.text:ti_sysbios_heaps_HeapMem_free__E)
                  00003dcc    0000007a     rtsv7M4_T_le_v4SPD16_eabi.lib : memset_t2.obj (.text)
                  00003e46    00000076     ti.sysbios.fatfs.aem4f : ff.oem4f (.text:follow_path)
                  00003ebc    00000074                            : ff.oem4f (.text:check_fs)
                  00003f30    00000074     sysbios.aem4f : BIOS.obj (.text:ti_sysbios_family_arm_m3_Hwi_postInit__I)
                  00003fa4    00000070     ti.sysbios.fatfs.aem4f : ff.oem4f (.text:move_window)
                  00004014    00000004     drivers_MSP432P401R.aem4f : List.oem4f (.text:List_head)
                  00004018    00000070     sysbios.aem4f : BIOS.obj (.text:ti_sysbios_knl_Semaphore_post__E)
                  00004088    0000006c                   : BIOS.obj (.text:ti_sysbios_knl_Clock_workFunc__E)
                  000040f4    00000004     drivers_MSP432P401R.aem4f : List.oem4f (.text:List_next)
                  000040f8    0000006c     sysbios.aem4f : BIOS.obj (.text:ti_sysbios_knl_Swi_restoreHwi__E)
                  00004164    00000004     drivers_MSP432P401R.aem4f : PowerMSP432.oem4f (.text:PowerMSP432_getNumPerfLevels)
                  00004168    0000006c     sysbios.aem4f : BIOS.obj (.text:ti_sysbios_knl_Task_exit__E)
                  000041d4    0000006c     ti.targets.arm.rtsarm.aem4f : Memory.oem4f (.text:xdc_runtime_Memory_alloc__E)
                  00004240    0000006a     rtsv7M4_T_le_v4SPD16_eabi.lib : copy_decompress_rle.obj (.text)
                  000042aa    00000002     --HOLE-- [fill = 0]
                  000042ac    00000068     drivers_MSP432P401R.aem4f : GPIOMSP432.oem4f (.text:GPIO_init)
                  00004314    00000068                               : I2CMSP432.oem4f (.text:primeTransfer)
                  0000437c    00000068     rtsv7M4_T_le_v4SPD16_eabi.lib : trgmsg.obj (.text)
                  000043e4    00000066     drivers_MSP432P401R.aem4f : I2CMSP432.oem4f (.text:I2CMSP432_close)
                  0000444a    00000066     ti.targets.arm.rtsarm.aem4f : Core-mem.oem4f (.text:xdc_runtime_Core_deleteObject__I)
                  000044b0    00000064     sysbios.aem4f : BIOS.obj (.text:ti_sysbios_family_arm_m3_Hwi_dispatchC__I)
                  00004514    00000062     tirtosport.aem4f : HwiP_tirtos.oem4f (.text:HwiP_create)
                  00004576    00000062     ti.sysbios.fatfs.aem4f : ff.oem4f (.text:remove_chain)
                  000045d8    00000060     sysbios.aem4f : BIOS.obj (.text:ti_sysbios_family_arm_msp432_Timer_Module_startup__E)
                  00004638    0000005e     drivers_MSP432P401R.aem4f : SDSPIMSP432.oem4f (.text:SDSPIMSP432_close)
                  00004696    0000005e     ti.sysbios.fatfs.aem4f : ff.oem4f (.text:dir_register)
                  000046f4    00000004                            : syncsysbios.oem4f (.text:ff_rel_grant)
                  000046f8    0000005c     sysbios.aem4f : BIOS.obj (.text:ti_sysbios_knl_Swi_run__I)
                  00004754    00000004     ti.sysbios.fatfs.aem4f : diskio.oem4f (.text:get_fattime)
                  00004758    0000005c     sysbios.aem4f : BIOS.obj (.text:ti_sysbios_knl_Swi_schedule__I)
                  000047b4    00000004     empty_min_pem4f.oem4f (.text:ti_sysbios_BIOS_RtsGateProxy_enter__E)
                  000047b8    0000005c     sysbios.aem4f : BIOS.obj (.text:ti_sysbios_knl_Task_Module_startup__E)
                  00004814    00000004     empty_min_pem4f.oem4f (.text:ti_sysbios_BIOS_RtsGateProxy_leave__E)
                  00004818    0000005c     sysbios.aem4f : BIOS.obj (.text:ti_sysbios_knl_Task_startCore__E)
                  00004874    00000058     tirtosport.aem4f : SemaphoreP_tirtos.oem4f (.text:SemaphoreP_create)
                  000048cc    00000058     boot.aem4f : boot.oem4f (.text)
                  00004924    00000058     empty_min_pem4f.oem4f (.text:ti_sysbios_family_arm_m3_Hwi_construct)
                  0000497c    00000058     sysbios.aem4f : m3_Hwi_asm_switch.obj (.text:ti_sysbios_family_arm_m3_Hwi_initStacks__E)
                  000049d4    00000054     drivers_MSP432P401R.aem4f : GPIOMSP432.oem4f (.text:GPIO_hwiIntFxn)
                  00004a28    00000054                               : GPIOMSP432.oem4f (.text:GPIO_setCallback)
                  00004a7c    00000054                               : I2CMSP432.oem4f (.text:initHw)
                  00004ad0    00000054                               : SDSPIMSP432.oem4f (.text:send_initial_clock_train)
                  00004b24    00000004     empty_min_pem4f.oem4f (.text:ti_sysbios_family_arm_m3_Hwi_destruct)
                  00004b28    00000054     sysbios.aem4f : BIOS.obj (.text:ti_sysbios_family_arm_m3_Timer_start__E)
                  00004b7c    00000004     empty_min_pem4f.oem4f (.text:ti_sysbios_family_arm_m3_TaskSupport_Module__startupDone__S)
                  00004b80    00000054     sysbios.aem4f : BIOS.obj (.text:ti_sysbios_family_arm_msp432_Timer_initDevice__I)
                  00004bd4    00000004     empty_min_pem4f.oem4f (.text:ti_sysbios_heaps_HeapMem_Module_GateProxy_enter__E)
                  00004bd8    00000054     sysbios.aem4f : BIOS.obj (.text:ti_sysbios_family_arm_msp432_init_Boot_configureClocksHigh)
                  00004c2c    00000054     ti.targets.arm.rtsarm.aem4f : Assert.oem4f (.text:xdc_runtime_Assert_raise__I)
                  00004c80    00000050     drivers_MSP432P401R.aem4f : GPIOMSP432.oem4f (.text:GPIO_write)
                  00004cd0    00000050     msp432p4xx_driverlib.lib : pcm.o (.text:PCM_shutdownDevice)
                  00004d20    00000050     power_tirtos_MSP432P401R.aem4f : PowerMSP432_tirtos.oem4f (.text:PowerMSP432_policyFxn)
                  00004d70    00000050     sysbios.aem4f : BIOS.obj (.text:ti_sysbios_family_arm_m3_Hwi_Module_startup__E)
                  00004dc0    00000050     ti.targets.arm.rtsarm.aem4f : Startup.oem4f (.text:xdc_runtime_Startup_exec__E)
                  00004e10    0000004c     msp432p4xx_driverlib.lib : gpio.o (.text:GPIO_setAsPeripheralModuleFunctionInputPin)
                  00004e5c    0000004c                              : gpio.o (.text:GPIO_setAsPeripheralModuleFunctionOutputPin)
                  00004ea8    0000004c     rtsv7M4_T_le_v4SPD16_eabi.lib : cpy_tbl.obj (.text)
                  00004ef4    0000004c                                   : localtim.obj (.text)
                  00004f40    0000004c     sysbios.aem4f : BIOS.obj (.text:ti_sysbios_family_arm_msp432_Timer_start__E)
                  00004f8c    0000004c     empty_min_pem4f.oem4f (.text:ti_sysbios_fatfs_startup)
                  00004fd8    0000004c     sysbios.aem4f : BIOS.obj (.text:ti_sysbios_heaps_HeapMem_getStats__E)
                  00005024    00000004     empty_min_pem4f.oem4f (.text:ti_sysbios_heaps_HeapMem_Module_GateProxy_leave__E)
                  00005028    0000004c     sysbios.aem4f : BIOS.obj (.text:ti_sysbios_knl_Swi_runLoop__I)
                  00005074    00000004     empty_min_pem4f.oem4f (.text:ti_sysbios_knl_Clock_TimerProxy_getFreq__E)
                  00005078    0000004c     sysbios.aem4f : BIOS.obj (.text:ti_sysbios_knl_Task_allBlockedFunction__I)
                  000050c4    00000004     empty_min_pem4f.oem4f (.text:ti_sysbios_knl_Clock_TimerProxy_getMaxTicks__E)
                  000050c8    0000004c     sysbios.aem4f : BIOS.obj (.text:ti_sysbios_knl_Task_schedule__I)
                  00005114    00000048     ti.sysbios.fatfs.aem4f : ff.oem4f (.text:dir_find)
                  0000515c    00000004     empty_min_pem4f.oem4f (.text:ti_sysbios_knl_Clock_TimerProxy_getPeriod__E)
                  00005160    00000048     sysbios.aem4f : BIOS.obj (.text:ti_sysbios_family_arm_m3_Hwi_disableInterrupt__E)
                  000051a8    00000048                   : BIOS.obj (.text:ti_sysbios_family_arm_m3_Hwi_enableInterrupt__E)
                  000051f0    00000048                   : BIOS.obj (.text:ti_sysbios_family_arm_m3_Timer_initDevice__I)
                  00005238    00000048                   : BIOS.obj (.text:ti_sysbios_family_arm_m3_Timer_setPeriod__E)
                  00005280    00000048                   : BIOS.obj (.text:ti_sysbios_hal_SecondsClock_increment__I)
                  000052c8    00000046     ti.targets.arm.rtsarm.aem4f : Core-params.oem4f (.text:xdc_runtime_Core_assignParams__I)
                  0000530e    00000002     --HOLE-- [fill = 0]
                  00005310    00000044     ti.sysbios.fatfs.aem4f : ff.oem4f (.text:f_mount)
                  00005354    00000044     drivers_MSP432P401R.aem4f : SDSPIMSP432.oem4f (.text:initHw)
                  00005398    00000044     rtsv7M4_T_le_v4SPD16_eabi.lib : exit.obj (.text)
                  000053dc    00000004     empty_min_pem4f.oem4f (.text:ti_sysbios_knl_Queue_destruct)
                  000053e0    00000044     sysbios.aem4f : BIOS.obj (.text:ti_sysbios_family_arm_m3_Hwi_getStackInfo__E)
                  00005424    00000004     empty_min_pem4f.oem4f (.text:ti_sysbios_knl_Semaphore_delete)
                  00005428    00000044     sysbios.aem4f : BIOS.obj (.text:ti_sysbios_knl_Swi_post__E)
                  0000546c    00000044     ti.targets.arm.rtsarm.aem4f : Error.oem4f (.text:xdc_runtime_Error_setX__E)
                  000054b0    00000042     drivers_MSP432P401R.aem4f : I2CMSP432.oem4f (.text:completeTransfer)
                  000054f2    00000002     --HOLE-- [fill = 0]
                  000054f4    00000040     msp432p4xx_driverlib.lib : flash.o (.text:FlashCtl_disableReadBuffering)
                  00005534    00000040                              : i2c.o (.text:I2C_masterSendMultiByteFinish)
                  00005574    00000040     ti.sysbios.fatfs.aem4f : ff.oem4f (.text:dir_read)
                  000055b4    00000040     drivers_MSP432P401R.aem4f : PowerMSP432.oem4f (.text:notify)
                  000055f4    00000040     rtsv7M4_T_le_v4SPD16_eabi.lib : u_divt2.obj (.text)
                  00005634    00000004     empty_min_pem4f.oem4f (.text:ti_sysbios_knl_Semaphore_destruct)
                  00005638    00000040     sysbios.aem4f : BIOS.obj (.text:ti_sysbios_family_arm_msp432_Timer_startup__E)
                  00005678    00000040                   : BIOS.obj (.text:ti_sysbios_heaps_HeapMem_Instance_init__E)
                  000056b8    0000003e     msp432p4xx_driverlib.lib : i2c.o (.text:I2C_initMaster)
                  000056f6    00000002     --HOLE-- [fill = 0]
                  000056f8    0000003c     sysbios.aem4f : BIOS.obj (.text:ti_sysbios_family_arm_m3_TaskSupport_start__E)
                  00005734    00000004     empty_min_pem4f.oem4f (.text:xdc_runtime_System_Module_GateProxy_enter__E)
                  00005738    0000003c     sysbios.aem4f : BIOS.obj (.text:ti_sysbios_family_arm_msp432_Timer_getFreq__E)
                  00005774    00000004     empty_min_pem4f.oem4f (.text:xdc_runtime_System_Module_GateProxy_leave__E)
                  00005778    0000003c     sysbios.aem4f : BIOS.obj (.text:ti_sysbios_heaps_HeapMem_init__I)
                  000057b4    00000004     --HOLE-- [fill = 0]
                  000057b8    0000003c                   : BIOS.obj (.text:ti_sysbios_knl_Swi_restore__E)
                  000057f4    00000038     drivers_MSP432P401R.aem4f : I2C.oem4f (.text:I2C_init)
                  0000582c    00000038                               : SDSPI.oem4f (.text:SDSPI_init)
                  00005864    00000038                               : I2CMSP432.oem4f (.text:perfChangeNotifyFxn)
                  0000589c    00000038                               : SDSPIMSP432.oem4f (.text:perfChangeNotifyFxn)
                  000058d4    00000038     ti.targets.arm.rtsarm.aem4f : System.oem4f (.text:xdc_runtime_System_atexit__E)
                  0000590c    00000036     empty_min_pem4f.oem4f (.text:ti_sysbios_fatfs_getFatTime)
                  00005942    00000002     --HOLE-- [fill = 0]
                  00005944    00000034     msp432p4xx_driverlib.lib : flash.o (.text:FlashCtl_enableReadBuffering)
                  00005978    00000034     drivers_MSP432P401R.aem4f : PowerMSP432.oem4f (.text:Power_init)
                  000059ac    00000034     ti.sysbios.fatfs.aem4f : ffcio.oem4f (.text:ffcio_lseek)
                  000059e0    00000034     sysbios.aem4f : BIOS.obj (.text:ti_sysbios_family_arm_m3_Timer_periodicStub__I)
                  00005a14    00000034     empty_min_pem4f.oem4f (.text:ti_sysbios_knl_Semaphore_create)
                  00005a48    00000034     ti.targets.arm.rtsarm.aem4f : Core-label.oem4f (.text:xdc_runtime_Core_assignLabel__I)
                  00005a7c    00000004     --HOLE-- [fill = 0]
                  00005a80    00000032     sysbios.aem4f : BIOS.obj (.text:ti_sysbios_hal_Hwi_initStack)
                  00005ab2    00000002     --HOLE-- [fill = 0]
                  00005ab4    00000030     msp432p4xx_driverlib.lib : gpio.o (.text:GPIO_getEnabledInterruptStatus)
                  00005ae4    00000030                              : gpio.o (.text:GPIO_setAsInputPinWithPullDownResistor)
                  00005b14    00000030                              : gpio.o (.text:GPIO_setAsInputPinWithPullUpResistor)
                  00005b44    00000030     drivers_MSP432P401R.aem4f : GPIOMSP432.oem4f (.text:GPIO_toggle)
                  00005b74    00000030     msp432p4xx_driverlib.lib : spi.o (.text:is_A_Module)
                  00005ba4    00000030     rtsv7M4_T_le_v4SPD16_eabi.lib : strncpy.obj (.text)
                  00005bd4    00000030     empty_min_pem4f.oem4f (.text:ti_sysbios_BIOS_atExitFunc__I)
                  00005c04    00000004     --HOLE-- [fill = 0]
                  00005c08    00000030     sysbios.aem4f : BIOS.obj (.text:ti_sysbios_family_arm_msp432_Timer_setPeriod__E)
                  00005c38    00000030     empty_min_pem4f.oem4f (.text:ti_sysbios_gates_GateHwi_Object__create__S)
                  00005c68    00000030     empty_min_pem4f.oem4f (.text:ti_sysbios_gates_GateMutex_Object__create__S)
                  00005c98    00000030     sysbios.aem4f : BIOS.obj (.text:ti_sysbios_gates_GateMutex_enter__E)
                  00005cc8    00000030     empty_min_pem4f.oem4f (.text:ti_sysbios_heaps_HeapMem_Object__create__S)
                  00005cf8    00000030     empty_min_pem4f.oem4f (.text:ti_sysbios_knl_Semaphore_construct)
                  00005d28    00000030     sysbios.aem4f : BIOS.obj (.text:ti_sysbios_knl_Semaphore_pendTimeout__I)
                  00005d58    00000030                   : BIOS.obj (.text:ti_sysbios_knl_Task_processVitalTaskFlag__I)
                  00005d88    00000030                   : BIOS.obj (.text:ti_sysbios_knl_Task_unblockI__E)
                  00005db8    00000030     ti.sysbios.fatfs.aem4f : ff.oem4f (.text:validate)
                  00005de8    00000030     ti.targets.arm.rtsarm.aem4f : System.oem4f (.text:xdc_runtime_System_processAtExit__E)
                  00005e18    0000002c     msp432p4xx_driverlib.lib : gpio.o (.text:GPIO_setAsInputPin)
                  00005e44    0000002c                              : pcm.o (.text:PCM_getCoreVoltageLevel)
                  00005e70    0000002c     power_tirtos_MSP432P401R.aem4f : PowerMSP432_tirtos.oem4f (.text:PowerMSP432_updateFreqs)
                  00005e9c    0000002c     drivers_MSP432P401R.aem4f : PowerMSP432.oem4f (.text:Power_releaseConstraint)
                  00005ec8    0000002c                               : PowerMSP432.oem4f (.text:Power_setConstraint)
                  00005ef4    0000002c     ti.sysbios.fatfs.aem4f : diskio.oem4f (.text:disk_register)
                  00005f20    0000002c     empty_min_pem4f.oem4f (.text:ti_sysbios_BIOS_startFunc__I)
                  00005f4c    00000004     --HOLE-- [fill = 0]
                  00005f50    0000002c     sysbios.aem4f : BIOS.obj (.text:ti_sysbios_family_arm_m3_Hwi_Instance_finalize__E)
                  00005f7c    0000002c     empty_min_pem4f.oem4f (.text:ti_sysbios_knl_Clock_doTick__I)
                  00005fa8    0000002c     empty_min_pem4f.oem4f (.text:ti_sysbios_knl_Queue_construct)
                  00005fd4    00000004     --HOLE-- [fill = 0]
                  00005fd8    0000002c     sysbios.aem4f : BIOS.obj (.text:ti_sysbios_knl_Task_restore__E)
                  00006004    0000002c     ti.targets.arm.rtsarm.aem4f : Text.oem4f (.text:xdc_runtime_Text_cordText__E)
                  00006030    0000002a     msp432p4xx_driverlib.lib : pcm.o (.text:PCM_getPowerMode)
                  0000605a    00000002     --HOLE-- [fill = 0]
                  0000605c    00000028                              : flash.o (.text:FlashCtl_setWaitState)
                  00006084    00000028                              : pcm.o (.text:PCM_gotoLPM0)
                  000060ac    00000028     ti.sysbios.fatfs.aem4f : diskio.oem4f (.text:disk_unregister)
                  000060d4    00000004     --HOLE-- [fill = 0]
                  000060d8    00000028     sysbios.aem4f : BIOS.obj (.text:ti_sysbios_knl_Clock_addI__E)
                  00006100    00000028                   : BIOS.obj (.text:ti_sysbios_knl_Swi_Module_startup__E)
                  00006128    00000026     drivers_MSP432P401R.aem4f : List.oem4f (.text:List_put)
                  0000614e    00000026     msp432p4xx_driverlib.lib : spi.o (.text:SPI_changeMasterClock)
                  00006174    00000026     sysbios.aem4f : m3_Hwi_asm.obj (.text:ti_sysbios_family_arm_m3_Hwi_pendSV__I)
                  0000619a    00000002     --HOLE-- [fill = 0]
                  0000619c    00000024     msp432p4xx_driverlib.lib : cs.o (.text:CS_setDCOCenteredFrequency)
                  000061c0    00000024                              : gpio.o (.text:GPIO_setAsOutputPin)
                  000061e4    00000024                              : i2c.o (.text:I2C_masterSendMultiByteNext)
                  00006208    00000024                              : rtc_c.o (.text:RTC_C_holdClock)
                  0000622c    00000024                              : rtc_c.o (.text:RTC_C_startClock)
                  00006250    00000024     ti.sysbios.fatfs.aem4f : ff.oem4f (.text:dir_remove)
                  00006274    00000024                            : diskio.oem4f (.text:disk_ioctl)
                  00006298    00000024                            : ffcio.oem4f (.text:ffcio_close)
                  000062bc    00000024     empty_min_pem4f.oem4f (.text:ti_sysbios_BIOS_registerRTSLock__I)
                  000062e0    00000024     empty_min_pem4f.oem4f (.text:ti_sysbios_BIOS_removeRTSLock__I)
                  00006304    00000004     --HOLE-- [fill = 0]
                  00006308    00000024     sysbios.aem4f : BIOS.obj (.text:ti_sysbios_family_arm_m3_Timer_Module_startup__E)
                  0000632c    00000004     --HOLE-- [fill = 0]
                  00006330    00000024                   : BIOS.obj (.text:ti_sysbios_family_arm_m3_Timer_postInit__I)
                  00006354    00000004     --HOLE-- [fill = 0]
                  00006358    00000024                   : BIOS.obj (.text:ti_sysbios_family_arm_m3_Timer_startup__E)
                  0000637c    00000004     --HOLE-- [fill = 0]
                  00006380    00000024                   : BIOS.obj (.text:ti_sysbios_family_arm_msp432_ClockFreqs_setFrequency__E)
                  000063a4    00000024     empty_min_pem4f.oem4f (.text:ti_sysbios_gates_GateMutex_Object__delete__S)
                  000063c8    00000024     sysbios.aem4f : BIOS.obj (.text:ti_sysbios_knl_Clock_Module_startup__E)
                  000063ec    00000004     --HOLE-- [fill = 0]
                  000063f0    00000024                   : BIOS.obj (.text:ti_sysbios_knl_Clock_start__E)
                  00006414    00000004     --HOLE-- [fill = 0]
                  00006418    00000024                   : BIOS.obj (.text:ti_sysbios_knl_Semaphore_Instance_init__E)
                  0000643c    00000024     empty_min_pem4f.oem4f (.text:ti_sysbios_knl_Semaphore_Object__delete__S)
                  00006460    00000024     sysbios.aem4f : BIOS.obj (.text:ti_sysbios_knl_Task_restoreHwi__E)
                  00006484    00000022     hdc1008rtos.obj (.text:main)
                  000064a6    00000002     --HOLE-- [fill = 0]
                  000064a8    00000020     msp432p4xx_driverlib.lib : gpio.o (.text:GPIO_interruptEdgeSelect)
                  000064c8    00000020     drivers_MSP432P401R.aem4f : PowerMSP432.oem4f (.text:PowerMSP432_getFreqs)
                  000064e8    00000020                               : PowerMSP432.oem4f (.text:Power_idleFunc)
                  00006508    00000020                               : PowerMSP432.oem4f (.text:Power_unregisterNotify)
                  00006528    00000020     msp432p4xx_driverlib.lib : spi.o (.text:SPI_getInterruptStatus)
                  00006548    00000020                              : spi.o (.text:SPI_transmitData)
                  00006568    00000020     ti.sysbios.fatfs.aem4f : ffcio.oem4f (.text:ffcio_read)
                  00006588    00000020                            : ffcio.oem4f (.text:ffcio_write)
                  000065a8    00000020     empty_min_pem4f.oem4f (.text:ti_sysbios_BIOS_rtsLock__I)
                  000065c8    00000020     sysbios.aem4f : m3_Hwi_asm.obj (.text:ti_sysbios_family_arm_m3_Hwi_excHandlerAsm__I)
                  000065e8    00000020                   : BIOS.obj (.text:ti_sysbios_family_arm_m3_Hwi_excHandler__I)
                  00006608    00000020                   : BIOS.obj (.text:ti_sysbios_family_arm_m3_TimestampProvider_Module_startup__E)
                  00006628    00000020     empty_min_pem4f.oem4f (.text:ti_sysbios_gates_GateHwi_Object__delete__S)
                  00006648    00000020     empty_min_pem4f.oem4f (.text:ti_sysbios_heaps_HeapMem_Object__delete__S)
                  00006668    00000020     sysbios.aem4f : BIOS.obj (.text:ti_sysbios_knl_Idle_run__E)
                  00006688    00000020     empty_min_pem4f.oem4f (.text:ti_sysbios_knl_Semaphore_Object__destruct__S)
                  000066a8    0000001e     sysbios.aem4f : m3_Hwi_asm_switch.obj (.text:ti_sysbios_family_xxx_Hwi_switchAndRunFunc)
                  000066c6    00000002     --HOLE-- [fill = 0]
                  000066c8    0000001c     drivers_MSP432P401R.aem4f : PowerMSP432.oem4f (.text:Power_registerNotify)
                  000066e4    0000001c     ti.sysbios.fatfs.aem4f : diskio.oem4f (.text:disk_initialize)
                  00006700    0000001c                            : diskio.oem4f (.text:disk_read)
                  0000671c    0000001c                            : diskio.oem4f (.text:disk_status)
                  00006738    0000001c                            : diskio.oem4f (.text:disk_write)
                  00006754    0000001c                            : ff.oem4f (.text:mem_cmp)
                  00006770    0000001c     empty_min_pem4f.oem4f (.text:ti_sysbios_family_arm_m3_Hwi_Object__destruct__S)
                  0000678c    00000004     --HOLE-- [fill = 0]
                  00006790    0000001c     sysbios.aem4f : BIOS.obj (.text:ti_sysbios_family_arm_m3_Timer_stop__E)
                  000067ac    00000004     --HOLE-- [fill = 0]
                  000067b0    0000001c                   : BIOS.obj (.text:ti_sysbios_gates_GateMutex_Instance_init__E)
                  000067cc    0000001c     empty_min_pem4f.oem4f (.text:ti_sysbios_knl_Queue_Object__destruct__S)
                  000067e8    0000001c     sysbios.aem4f : BIOS.obj (.text:ti_sysbios_knl_Queue_put__E)
                  00006804    00000004     --HOLE-- [fill = 0]
                  00006808    0000001c                   : BIOS.obj (.text:ti_sysbios_knl_Task_enter__I)
                  00006824    0000001c     ti.targets.arm.rtsarm.aem4f : Error.oem4f (.text:xdc_runtime_Error_raiseX__E)
                  00006840    0000001c                                 : Memory.oem4f (.text:xdc_runtime_Memory_valloc__E)
                  0000685c    0000001c                                 : System.oem4f (.text:xdc_runtime_System_abort__E)
                  00006878    0000001a     drivers_MSP432P401R.aem4f : List.oem4f (.text:List_remove)
                  00006892    0000001a     msp432p4xx_driverlib.lib : spi.o (.text:SPI_disableModule)
                  000068ac    0000001a                              : spi.o (.text:SPI_enableModule)
                  000068c6    0000001a                              : spi.o (.text:SPI_receiveData)
                  000068e0    0000001a     ti.sysbios.fatfs.aem4f : syncsysbios.oem4f (.text:ff_cre_syncobj)
                  000068fa    00000018     msp432p4xx_driverlib.lib : spi.o (.text:EUSCI_A_SPI_masterChangeClock)
                  00006912    00000018                              : spi.o (.text:EUSCI_B_SPI_masterChangeClock)
                  0000692a    00000002     --HOLE-- [fill = 0]
                  0000692c    00000018                              : gpio.o (.text:GPIO_clearInterruptFlag)
                  00006944    00000018                              : gpio.o (.text:GPIO_setDriveStrengthLow)
                  0000695c    00000018                              : gpio.o (.text:GPIO_setOutputLowOnPin)
                  00006974    00000018                              : i2c.o (.text:I2C_masterIsStartSent)
                  0000698c    00000018                              : wdt_a.o (.text:WDT_A_holdTimer)
                  000069a4    00000018     ti.sysbios.fatfs.aem4f : ff.oem4f (.text:clust2sect)
                  000069bc    00000018     rtsv7M4_T_le_v4SPD16_eabi.lib : args_main.obj (.text)
                  000069d4    00000018                                   : strcmp.obj (.text)
                  000069ec    00000018     empty_min_pem4f.oem4f (.text:ti_sysbios_BIOS_rtsUnlock__I)
                  00006a04    00000018     empty_min_pem4f.oem4f (.text:ti_sysbios_family_arm_m3_Hwi_Module__startupDone__F)
                  00006a1c    00000018     sysbios.aem4f : m3_TaskSupport_asm.obj (.text:ti_sysbios_family_arm_m3_TaskSupport_swap__E)
                  00006a34    00000018     empty_min_pem4f.oem4f (.text:ti_sysbios_family_arm_msp432_Timer_Module__startupDone__F)
                  00006a4c    00000018     empty_min_pem4f.oem4f (.text:ti_sysbios_gates_GateHwi_Handle__label__S)
                  00006a64    00000018     empty_min_pem4f.oem4f (.text:ti_sysbios_gates_GateMutex_Handle__label__S)
                  00006a7c    00000004     --HOLE-- [fill = 0]
                  00006a80    00000018     sysbios.aem4f : BIOS.obj (.text:ti_sysbios_gates_GateMutex_leave__E)
                  00006a98    00000018     empty_min_pem4f.oem4f (.text:ti_sysbios_heaps_HeapMem_Handle__label__S)
                  00006ab0    00000018     empty_min_pem4f.oem4f (.text:ti_sysbios_knl_Clock_Module__startupDone__F)
                  00006ac8    00000018     sysbios.aem4f : BIOS.obj (.text:ti_sysbios_knl_Task_sleepTimeout__I)
                  00006ae0    00000018     empty_min_pem4f.oem4f (.text:time)
                  00006af8    00000018     ti.sysbios.fatfs.aem4f : ff.oem4f (.text:unlock_fs)
                  00006b10    00000018     ti.targets.arm.rtsarm.aem4f : Error.oem4f (.text:xdc_runtime_Error_check__E)
                  00006b28    00000018                                 : System.oem4f (.text:xdc_runtime_System_exit__E)
                  00006b40    00000018                                 : Text.oem4f (.text:xdc_runtime_Text_ropeText__E)
                  00006b58    00000016     tirtosport.aem4f : HwiP_tirtos.oem4f (.text:HwiP_delete)
                  00006b6e    00000016                      : SemaphoreP_tirtos.oem4f (.text:SemaphoreP_delete)
                  00006b84    00000016     ti.sysbios.fatfs.aem4f : ff.oem4f (.text:mem_cpy)
                  00006b9a    00000016     rtsv7M4_T_le_v4SPD16_eabi.lib : strchr.obj (.text)
                  00006bb0    00000016     empty_min_pem4f.oem4f (.text:ti_sysbios_BIOS_errorRaiseHook__I)
                  00006bc6    00000016     empty_min_pem4f.oem4f (.text:ti_sysbios_BIOS_exitFunc__I)
                  00006bdc    00000004     --HOLE-- [fill = 0]
                  00006be0    00000016     sysbios.aem4f : BIOS.obj (.text:ti_sysbios_knl_Task_unblock__E)
                  00006bf6    00000002     --HOLE-- [fill = 0]
                  00006bf8    00000014     msp432p4xx_driverlib.lib : gpio.o (.text:GPIO_setDriveStrengthHigh)
                  00006c0c    00000014                              : gpio.o (.text:GPIO_setOutputHighOnPin)
                  00006c20    00000014                              : gpio.o (.text:GPIO_toggleOutputOnPin)
                  00006c34    00000014                              : wdt_a.o (.text:WDT_A_startTimer)
                  00006c48    00000014     hdc1008rtos.obj (.text:heartBeatFxn)
                  00006c5c    00000014     ti.sysbios.fatfs.aem4f : ff.oem4f (.text:mem_set)
                  00006c70    00000014     rtsv7M4_T_le_v4SPD16_eabi.lib : _lock.obj (.text)
                  00006c84    00000014                                   : strcpy.obj (.text)
                  00006c98    00000014                                   : strlen.obj (.text)
                  00006cac    00000014     empty_min_pem4f.oem4f (.text:ti_sysbios_family_arm_m3_Hwi_Object__get__S)
                  00006cc0    00000014     sysbios.aem4f : BIOS.obj (.text:ti_sysbios_family_arm_m3_Hwi_switchFromBootStack__E)
                  00006cd4    00000014     empty_min_pem4f.oem4f (.text:ti_sysbios_heaps_HeapMem_Object__get__S)
                  00006ce8    00000014     empty_min_pem4f.oem4f (.text:ti_sysbios_knl_Swi_Object__get__S)
                  00006cfc    00000012     MSP_EXP432P401R.obj (.text:MSP_EXP432P401R_initI2C)
                  00006d0e    00000012     drivers_MSP432P401R.aem4f : SDSPIMSP432.oem4f (.text:SDSPIMSP432_init)
                  00006d20    00000012     tirtosport.aem4f : SemaphoreP_tirtos.oem4f (.text:SemaphoreP_pend)
                  00006d32    00000012     ti.sysbios.fatfs.aem4f : ff.oem4f (.text:chk_chr)
                  00006d44    00000012                            : ffcio.oem4f (.text:ffcio_rename)
                  00006d56    00000012                            : ffcio.oem4f (.text:ffcio_unlink)
                  00006d68    00000012     sysbios.aem4f : BIOS.obj (.text:ti_sysbios_hal_Hwi_Module_startup__E)
                  00006d7a    00000012     empty_min_pem4f.oem4f (.text:xdc_runtime_Startup_exec__I)
                  00006d8c    00000010     msp432p4xx_driverlib.lib : gpio.o (.text:GPIO_getInterruptStatus)
                  00006d9c    00000010                              : i2c.o (.text:I2C_masterReceiveMultiByteStop)
                  00006dac    00000010                              : i2c.o (.text:I2C_masterReceiveStart)
                  00006dbc    00000010                              : i2c.o (.text:I2C_masterSendStart)
                  00006dcc    00000010                              : pcm.o (.text:PCM_getPowerState)
                  00006ddc    00000010     drivers_MSP432P401R.aem4f : SDSPIMSP432.oem4f (.text:SDSPIMSP432_diskStatus)
                  00006dec    00000010     ti.sysbios.fatfs.aem4f : ff.oem4f (.text:f_close)
                  00006dfc    00000004     --HOLE-- [fill = 0]
                  00006e00    00000010     sysbios.aem4f : BIOS.obj (.text:ti_sysbios_BIOS_exit__E)
                  00006e10    00000010                   : BIOS.obj (.text:ti_sysbios_BIOS_setCpuFreq__E)
                  00006e20    00000010                   : BIOS.obj (.text:ti_sysbios_BIOS_setThreadType__E)
                  00006e30    00000010                   : BIOS.obj (.text:ti_sysbios_BIOS_start__E)
                  00006e40    00000010                   : m3_TaskSupport_asm.obj (.text:ti_sysbios_family_arm_m3_TaskSupport_glue)
                  00006e50    00000010                   : BIOS.obj (.text:ti_sysbios_family_arm_msp432_init_Boot_disableWatchdog)
                  00006e60    00000010                   : BIOS.obj (.text:ti_sysbios_gates_GateMutex_Instance_finalize__E)
                  00006e70    00000010                   : BIOS.obj (.text:ti_sysbios_knl_Semaphore_Instance_finalize__E)
                  00006e80    00000010                   : BIOS.obj (.text:ti_sysbios_knl_Swi_disable__E)
                  00006e90    00000010     empty_min_pem4f.oem4f (.text:ti_sysbios_knl_Task_Object__get__S)
                  00006ea0    00000010     sysbios.aem4f : BIOS.obj (.text:ti_sysbios_knl_Task_disable__E)
                  00006eb0    00000010     ti.targets.arm.rtsarm.aem4f : Gate.oem4f (.text:xdc_runtime_Gate_leaveSystem__E)
                  00006ec0    00000010                                 : Memory.oem4f (.text:xdc_runtime_Memory_free__E)
                  00006ed0    00000010                                 : SysCallback.oem4f (.text:xdc_runtime_SysCallback_abort__E)
                  00006ee0    00000010                                 : SysCallback.oem4f (.text:xdc_runtime_SysCallback_exit__E)
                  00006ef0    0000000e     tirtosport.aem4f : HwiP_tirtos.oem4f (.text:HwiP_Params_init)
                  00006efe    0000000e     msp432p4xx_driverlib.lib : i2c.o (.text:I2C_clearInterruptFlag)
                  00006f0c    0000000e                              : i2c.o (.text:I2C_disableInterrupt)
                  00006f1a    0000000e                              : i2c.o (.text:I2C_setMode)
                  00006f28    0000000e     rtsv7M4_T_le_v4SPD16_eabi.lib : copy_decompress_none.obj (.text:decompress:none)
                  00006f36    0000000e     ti.sysbios.fatfs.aem4f : syncsysbios.oem4f (.text:ff_del_syncobj)
                  00006f44    00000004     --HOLE-- [fill = 0]
                  00006f48    0000000e     sysbios.aem4f : BIOS.obj (.text:ti_sysbios_knl_Idle_loop__E)
                  00006f56    00000002     --HOLE-- [fill = 0]
                  00006f58    0000000e                   : BIOS.obj (.text:ti_sysbios_knl_Queue_empty__E)
                  00006f66    0000000c     empty_min_pem4f.oem4f (.text:.bootCodeSection:ti_sysbios_family_arm_msp432_init_Boot_init__I)
                  00006f72    0000000c     msp432p4xx_driverlib.lib : cpu.o (.text:CPU_cpsid)
                  00006f7e    0000000c                              : cpu.o (.text:CPU_cpsie)
                  00006f8a    00000002     --HOLE-- [fill = 0]
                  00006f8c    0000000c     tirtosport.aem4f : ClockP_tirtos.oem4f (.text:ClockP_getSystemTickPeriod)
                  00006f98    0000000c     msp432p4xx_driverlib.lib : spi.o (.text:EUSCI_A_SPI_disable)
                  00006fa4    0000000c                              : spi.o (.text:EUSCI_A_SPI_enable)
                  00006fb0    0000000c                              : spi.o (.text:EUSCI_B_SPI_disable)
                  00006fbc    0000000c                              : spi.o (.text:EUSCI_B_SPI_enable)
                  00006fc8    0000000c                              : i2c.o (.text:I2C_disableModule)
                  00006fd4    0000000c                              : i2c.o (.text:I2C_enableModule)
                  00006fe0    0000000c     drivers_MSP432P401R.aem4f : PowerMSP432.oem4f (.text:Power_getConstraintMask)
                  00006fec    0000000c                               : PowerMSP432.oem4f (.text:Power_getPerformanceLevel)
                  00006ff8    0000000c     rtsv7M4_T_le_v4SPD16_eabi.lib : copy_zero_init.obj (.text:decompress:ZI)
                  00007004    0000000c     empty_min_pem4f.oem4f (.text:ti_sysbios_family_arm_m3_Hwi_Params__init__S)
                  00007010    0000000c     sysbios.aem4f : BIOS.obj (.text:ti_sysbios_family_arm_m3_Hwi_disableFxn__E)
                  0000701c    00000004     --HOLE-- [fill = 0]
                  00007020    0000000c                   : BIOS.obj (.text:ti_sysbios_family_arm_m3_TimestampProvider_startTimer__E)
                  0000702c    00000004     --HOLE-- [fill = 0]
                  00007030    0000000c                   : BIOS.obj (.text:ti_sysbios_family_arm_msp432_Timer_getMaxTicks__E)
                  0000703c    00000004     --HOLE-- [fill = 0]
                  00007040    0000000c                   : BIOS.obj (.text:ti_sysbios_gates_GateHwi_enter__E)
                  0000704c    00000004     --HOLE-- [fill = 0]
                  00007050    0000000c                   : BIOS.obj (.text:ti_sysbios_hal_SecondsClock_get__E)
                  0000705c    00000004     --HOLE-- [fill = 0]
                  00007060    0000000c                   : BIOS.obj (.text:ti_sysbios_knl_Clock_getTicks__E)
                  0000706c    0000000c     empty_min_pem4f.oem4f (.text:ti_sysbios_knl_Queue_Object__get__S)
                  00007078    0000000c     empty_min_pem4f.oem4f (.text:ti_sysbios_knl_Semaphore_Params__init__S)
                  00007084    0000000c     ti.targets.arm.rtsarm.aem4f : Error.oem4f (.text:xdc_runtime_Error_init__E)
                  00007090    0000000c                                 : Gate.oem4f (.text:xdc_runtime_Gate_enterSystem__E)
                  0000709c    0000000c                                 : Memory.oem4f (.text:xdc_runtime_Memory_calloc__E)
                  000070a8    0000000c                                 : Memory.oem4f (.text:xdc_runtime_Memory_getMaxDefaultTypeAlign__E)
                  000070b4    0000000a     drivers_MSP432P401R.aem4f : I2CMSP432.oem4f (.text:I2CMSP432_init)
                  000070be    0000000a     tirtosport.aem4f : SemaphoreP_tirtos.oem4f (.text:SemaphoreP_post)
                  000070c8    0000000a     empty_min_pem4f.oem4f (.text:xdc_runtime_IHeap_alloc)
                  000070d2    0000000a     empty_min_pem4f.oem4f (.text:xdc_runtime_IHeap_free)
                  000070dc    00000008     msp432p4xx_driverlib.lib : spi.o (.text:EUSCI_A_SPI_getInterruptStatus)
                  000070e4    00000008                              : spi.o (.text:EUSCI_B_SPI_getInterruptStatus)
                  000070ec    00000008                              : i2c.o (.text:I2C_enableInterrupt)
                  000070f4    00000008     MSP_EXP432P401R.obj (.text:MSP_EXP432P401R_initGPIO)
                  000070fc    00000008     MSP_EXP432P401R.obj (.text:MSP_EXP432P401R_initGeneral)
                  00007104    00000008     MSP_EXP432P401R.obj (.text:MSP_EXP432P401R_initSDSPI)
                  0000710c    00000008     tirtosport.aem4f : SemaphoreP_tirtos.oem4f (.text:SemaphoreP_Params_init)
                  00007114    00000008     drivers_MSP432P401R.aem4f : I2CMSP432.oem4f (.text:blockingTransferCallback)
                  0000711c    00000008     ti.sysbios.fatfs.aem4f : syncsysbios.oem4f (.text:ff_req_grant)
                  00007124    00000004     --HOLE-- [fill = 0]
                  00007128    00000008     sysbios.aem4f : BIOS.obj (.text:ti_sysbios_family_arm_m3_Hwi_doSwiRestore__I)
                  00007130    00000008                   : BIOS.obj (.text:ti_sysbios_family_arm_m3_Hwi_startup__E)
                  00007138    00000006     msp432p4xx_driverlib.lib : spi.o (.text:EUSCI_B_SPI_receiveData)
                  0000713e    00000006     drivers_MSP432P401R.aem4f : I2CMSP432.oem4f (.text:I2CMSP432_control)
                  00007144    00000006     msp432p4xx_driverlib.lib : i2c.o (.text:I2C_getEnabledInterruptStatus)
                  0000714a    00000006                              : i2c.o (.text:I2C_getInterruptStatus)
                  00007150    00000006                              : i2c.o (.text:I2C_masterReceiveMultiByteNext)
                  00007156    00000006                              : pcm.o (.text:PCM_setPowerMode)
                  0000715c    00000006                              : pcm.o (.text:PCM_setPowerState)
                  00007162    00000006     drivers_MSP432P401R.aem4f : SDSPIMSP432.oem4f (.text:SDSPIMSP432_control)
                  00007168    00000006     ti.targets.arm.rtsarm.aem4f : xdc_noinit.oem4f (.text:__xdc__init)
                  0000716e    00000006     rtsv7M4_T_le_v4SPD16_eabi.lib : copy_decompress_rle.obj (.text:decompress:rle24)
                  00007174    00000006     ti.sysbios.fatfs.aem4f : ff.oem4f (.text:lock_fs)
                  0000717a    00000006     ti.targets.arm.rtsarm.aem4f : System.oem4f (.text:xdc_runtime_System_Module_startup__E)
                  00007180    00000006     sysbios.aem4f : BIOS.obj (.text:ti_sysbios_family_arm_m3_Hwi_doTaskRestore__I)
                  00007186    00000002     --HOLE-- [fill = 0]
                  00007188    00000006                   : BIOS.obj (.text:ti_sysbios_family_arm_m3_Hwi_restoreFxn__E)
                  0000718e    00000002     --HOLE-- [fill = 0]
                  00007190    00000006                   : BIOS.obj (.text:ti_sysbios_gates_GateHwi_leave__E)
                  00007196    00000002     --HOLE-- [fill = 0]
                  00007198    00000006                   : BIOS.obj (.text:ti_sysbios_heaps_HeapMem_isBlocking__E)
                  0000719e    00000002     --HOLE-- [fill = 0]
                  000071a0    00000006                   : BIOS.obj (.text:ti_sysbios_knl_Queue_Instance_init__E)
                  000071a6    00000002     --HOLE-- [fill = 0]
                  000071a8    00000006                   : BIOS.obj (.text:ti_sysbios_knl_Swi_startup__E)
                  000071ae    00000002     --HOLE-- [fill = 0]
                  000071b0    00000004                   : BIOS.obj (.text:ti_sysbios_family_arm_msp432_Timer_getPeriod__E)
                  000071b4    00000004     --HOLE-- [fill = 0]
                  000071b8    00000004                   : BIOS.obj (.text:ti_sysbios_gates_GateHwi_query__E)
                  000071bc    00000004     --HOLE-- [fill = 0]
                  000071c0    00000004                   : BIOS.obj (.text:ti_sysbios_gates_GateMutex_query__E)
                  000071c4    00000004     --HOLE-- [fill = 0]
                  000071c8    00000004                   : BIOS.obj (.text:ti_sysbios_knl_Task_startup__E)
                  000071cc    00000004     --HOLE-- [fill = 0]
                  000071d0    00000002                   : BIOS.obj (.text:ti_sysbios_family_arm_m3_TimestampProvider_rolloverFunc__E)
                  000071d2    00000006     --HOLE-- [fill = 0]
                  000071d8    00000002                   : BIOS.obj (.text:ti_sysbios_gates_GateHwi_Instance_init__E)
                  000071da    00000006     --HOLE-- [fill = 0]
                  000071e0    00000002                   : BIOS.obj (.text:ti_sysbios_knl_Clock_logTick__E)

.const     0    000071e4    000004f8     
                  000071e4    00000060     rtsv7M4_T_le_v4SPD16_eabi.lib : mktime.obj (.const)
                  00007244    00000048     empty_min_pem4f.oem4f (.const:.string)
                  0000728c    00000030     msp432p4xx_driverlib.lib : gpio.o (.const:GPIO_PORT_TO_BASE)
                  000072bc    00000030     empty_min_pem4f.oem4f (.const:ti_sysbios_family_arm_m3_Hwi_Object__PARAMS__C)
                  000072ec    00000028     empty_min_pem4f.oem4f (.const:ti_sysbios_heaps_HeapMem_Module__FXNS__C)
                  00007314    00000028     empty_min_pem4f.oem4f (.const:xdc_runtime_Startup_sfxnTab__A)
                  0000733c    00000024     empty_min_pem4f.oem4f (.const:ti_sysbios_gates_GateHwi_Module__FXNS__C)
                  00007360    00000024     empty_min_pem4f.oem4f (.const:ti_sysbios_gates_GateMutex_Module__FXNS__C)
                  00007384    00000024     empty_min_pem4f.oem4f (.const:ti_sysbios_heaps_HeapMem_Object__PARAMS__C)
                  000073a8    00000024     empty_min_pem4f.oem4f (.const:ti_sysbios_knl_Semaphore_Object__PARAMS__C)
                  000073cc    00000020     empty_min_pem4f.oem4f (.const:ti_sysbios_family_arm_m3_Hwi_Object__DESC__C)
                  000073ec    00000020     empty_min_pem4f.oem4f (.const:ti_sysbios_gates_GateHwi_Object__DESC__C)
                  0000740c    00000020     empty_min_pem4f.oem4f (.const:ti_sysbios_gates_GateMutex_Object__DESC__C)
                  0000742c    00000020     empty_min_pem4f.oem4f (.const:ti_sysbios_heaps_HeapMem_Object__DESC__C)
                  0000744c    00000020     empty_min_pem4f.oem4f (.const:ti_sysbios_knl_Queue_Object__DESC__C)
                  0000746c    00000020     empty_min_pem4f.oem4f (.const:ti_sysbios_knl_Semaphore_Object__DESC__C)
                  0000748c    0000001c     drivers_MSP432P401R.aem4f : I2CMSP432.oem4f (.const)
                  000074a8    00000018     MSP_EXP432P401R.obj (.const:I2C_config)
                  000074c0    00000018     MSP_EXP432P401R.obj (.const:SDSPI_config)
                  000074d8    00000018     empty_min_pem4f.oem4f (.const:ti_sysbios_gates_GateHwi_Object__PARAMS__C)
                  000074f0    00000018     empty_min_pem4f.oem4f (.const:ti_sysbios_gates_GateMutex_Object__PARAMS__C)
                  00007508    00000018     empty_min_pem4f.oem4f (.const:ti_sysbios_knl_Queue_Object__PARAMS__C)
                  00007520    00000014     MSP_EXP432P401R.obj (.const:GPIOMSP432_config)
                  00007534    00000014     MSP_EXP432P401R.obj (.const:sdspiMSP432HWAttrs)
                  00007548    00000014     empty_min_pem4f.oem4f (.const:xdc_runtime_Startup_sfxnRts__A)
                  0000755c    00000010     MSP_EXP432P401R.obj (.const)
                  0000756c    00000010     drivers_MSP432P401R.aem4f : I2C.oem4f (.const)
                  0000757c    00000010                               : SDSPIMSP432.oem4f (.const)
                  0000758c    00000010     MSP_EXP432P401R.obj (.const:i2cMSP432HWAttrs)
                  0000759c    0000000c     drivers_MSP432P401R.aem4f : GPIOMSP432.oem4f (.const:.string)
                  000075a8    0000000c     empty_min_pem4f.oem4f (.const:xdc_runtime_Startup_firstFxns__A)
                  000075b4    00000008     drivers_MSP432P401R.aem4f : SDSPI.oem4f (.const)
                  000075bc    00000008     empty_min_pem4f.oem4f (.const:ti_sysbios_knl_Idle_funcList__C)
                  000075c4    00000008     empty_min_pem4f.oem4f (.const:xdc_runtime_Startup_firstFxns__C)
                  000075cc    00000008     empty_min_pem4f.oem4f (.const:xdc_runtime_Startup_lastFxns__C)
                  000075d4    00000004     empty_min_pem4f.oem4f (.const:ti_sysbios_family_arm_m3_Hwi_E_alreadyDefined__C)
                  000075d8    00000004     empty_min_pem4f.oem4f (.const:ti_sysbios_family_arm_m3_Hwi_NUM_INTERRUPTS__C)
                  000075dc    00000004     empty_min_pem4f.oem4f (.const:ti_sysbios_family_arm_m3_Hwi_Object__count__C)
                  000075e0    00000004     empty_min_pem4f.oem4f (.const:ti_sysbios_family_arm_m3_Hwi_ccr__C)
                  000075e4    00000004     empty_min_pem4f.oem4f (.const:ti_sysbios_family_arm_m3_Hwi_excHandlerFunc__C)
                  000075e8    00000004     empty_min_pem4f.oem4f (.const:ti_sysbios_family_arm_m3_Hwi_nullIsrFunc__C)
                  000075ec    00000004     empty_min_pem4f.oem4f (.const:ti_sysbios_family_arm_m3_Hwi_priGroup__C)
                  000075f0    00000004     empty_min_pem4f.oem4f (.const:ti_sysbios_family_arm_m3_Timer_E_cannotSupport__C)
                  000075f4    00000004     empty_min_pem4f.oem4f (.const:ti_sysbios_family_arm_m3_Timer_startupNeeded__C)
                  000075f8    00000004     empty_min_pem4f.oem4f (.const:ti_sysbios_family_arm_msp432_Timer_numTimerDevices__C)
                  000075fc    00000004     empty_min_pem4f.oem4f (.const:ti_sysbios_family_arm_msp432_Timer_startupNeeded__C)
                  00007600    00000004     empty_min_pem4f.oem4f (.const:ti_sysbios_gates_GateMutex_Instance_State_sem__O)
                  00007604    00000004     empty_min_pem4f.oem4f (.const:ti_sysbios_hal_SecondsClock_Module_State_clock__O)
                  00007608    00000004     empty_min_pem4f.oem4f (.const:ti_sysbios_heaps_HeapMem_E_memory__C)
                  0000760c    00000004     empty_min_pem4f.oem4f (.const:ti_sysbios_heaps_HeapMem_Module__gateObj__C)
                  00007610    00000004     empty_min_pem4f.oem4f (.const:ti_sysbios_heaps_HeapMem_Object__count__C)
                  00007614    00000004     empty_min_pem4f.oem4f (.const:ti_sysbios_heaps_HeapMem_reqAlign__C)
                  00007618    00000004     empty_min_pem4f.oem4f (.const:ti_sysbios_knl_Clock_Module_State_clockQ__O)
                  0000761c    00000004     empty_min_pem4f.oem4f (.const:ti_sysbios_knl_Clock_tickPeriod__C)
                  00007620    00000004     empty_min_pem4f.oem4f (.const:ti_sysbios_knl_Idle_funcList__A)
                  00007624    00000004     empty_min_pem4f.oem4f (.const:ti_sysbios_knl_Semaphore_Instance_State_pendQ__O)
                  00007628    00000004     empty_min_pem4f.oem4f (.const:ti_sysbios_knl_Swi_Object__count__C)
                  0000762c    00000004     empty_min_pem4f.oem4f (.const:ti_sysbios_knl_Task_Module_State_inactiveQ__O)
                  00007630    00000004     empty_min_pem4f.oem4f (.const:ti_sysbios_knl_Task_Object__count__C)
                  00007634    00000004     empty_min_pem4f.oem4f (.const:ti_sysbios_knl_Task_allBlockedFunc__C)
                  00007638    00000004     empty_min_pem4f.oem4f (.const:ti_sysbios_knl_Task_numConstructedTasks__C)
                  0000763c    00000004     empty_min_pem4f.oem4f (.const:xdc_runtime_Assert_E_assertFailed__C)
                  00007640    00000004     empty_min_pem4f.oem4f (.const:xdc_runtime_Core_A_initializedParams__C)
                  00007644    00000004     empty_min_pem4f.oem4f (.const:xdc_runtime_Core_Module__diagsEnabled__C)
                  00007648    00000004     empty_min_pem4f.oem4f (.const:xdc_runtime_Core_Module__diagsIncluded__C)
                  0000764c    00000004     empty_min_pem4f.oem4f (.const:xdc_runtime_Core_Module__diagsMask__C)
                  00007650    00000004     empty_min_pem4f.oem4f (.const:xdc_runtime_Error_E_memory__C)
                  00007654    00000004     empty_min_pem4f.oem4f (.const:xdc_runtime_Error_Module__diagsEnabled__C)
                  00007658    00000004     empty_min_pem4f.oem4f (.const:xdc_runtime_Error_Module__diagsIncluded__C)
                  0000765c    00000004     empty_min_pem4f.oem4f (.const:xdc_runtime_Error_Module__diagsMask__C)
                  00007660    00000004     empty_min_pem4f.oem4f (.const:xdc_runtime_Error_Module__loggerFxn8__C)
                  00007664    00000004     empty_min_pem4f.oem4f (.const:xdc_runtime_Error_Module__loggerObj__C)
                  00007668    00000004     empty_min_pem4f.oem4f (.const:xdc_runtime_Error_policyFxn__C)
                  0000766c    00000004     empty_min_pem4f.oem4f (.const:xdc_runtime_Error_raiseHook__C)
                  00007670    00000004     empty_min_pem4f.oem4f (.const:xdc_runtime_IGateProvider_Interface__BASE__C)
                  00007674    00000004     empty_min_pem4f.oem4f (.const:xdc_runtime_IHeap_Interface__BASE__C)
                  00007678    00000004     empty_min_pem4f.oem4f (.const:xdc_runtime_IModule_Interface__BASE__C)
                  0000767c    00000004     empty_min_pem4f.oem4f (.const:xdc_runtime_Log_L_error__C)
                  00007680    00000004     empty_min_pem4f.oem4f (.const:xdc_runtime_Memory_defaultHeapInstance__C)
                  00007684    00000004     empty_min_pem4f.oem4f (.const:xdc_runtime_Startup_execImpl__C)
                  00007688    00000004     empty_min_pem4f.oem4f (.const:xdc_runtime_Startup_lastFxns__A)
                  0000768c    00000004     empty_min_pem4f.oem4f (.const:xdc_runtime_Startup_maxPasses__C)
                  00007690    00000004     empty_min_pem4f.oem4f (.const:xdc_runtime_Startup_sfxnRts__C)
                  00007694    00000004     empty_min_pem4f.oem4f (.const:xdc_runtime_Startup_sfxnTab__C)
                  00007698    00000004     empty_min_pem4f.oem4f (.const:xdc_runtime_SysCallback_abortFxn__C)
                  0000769c    00000004     empty_min_pem4f.oem4f (.const:xdc_runtime_SysCallback_exitFxn__C)
                  000076a0    00000004     empty_min_pem4f.oem4f (.const:xdc_runtime_System_Module__gateObj__C)
                  000076a4    00000004     empty_min_pem4f.oem4f (.const:xdc_runtime_System_abortFxn__C)
                  000076a8    00000004     empty_min_pem4f.oem4f (.const:xdc_runtime_System_exitFxn__C)
                  000076ac    00000004     empty_min_pem4f.oem4f (.const:xdc_runtime_System_maxAtexitHandlers__C)
                  000076b0    00000004     empty_min_pem4f.oem4f (.const:xdc_runtime_Text_charTab__C)
                  000076b4    00000004     empty_min_pem4f.oem4f (.const:xdc_runtime_Text_nameEmpty__C)
                  000076b8    00000004     empty_min_pem4f.oem4f (.const:xdc_runtime_Text_nameStatic__C)
                  000076bc    00000004     empty_min_pem4f.oem4f (.const:xdc_runtime_Text_nameUnknown__C)
                  000076c0    00000004     empty_min_pem4f.oem4f (.const:xdc_runtime_Text_nodeTab__A)
                  000076c4    00000002     empty_min_pem4f.oem4f (.const:ti_sysbios_family_arm_m3_Hwi_Module__id__C)
                  000076c6    00000002     empty_min_pem4f.oem4f (.const:ti_sysbios_family_arm_m3_Timer_Module__id__C)
                  000076c8    00000002     empty_min_pem4f.oem4f (.const:ti_sysbios_family_arm_m3_TimestampProvider_configTimer__C)
                  000076ca    00000002     empty_min_pem4f.oem4f (.const:ti_sysbios_heaps_HeapMem_Module__id__C)
                  000076cc    00000002     empty_min_pem4f.oem4f (.const:ti_sysbios_knl_Task_initStackFlag__C)
                  000076ce    00000002     empty_min_pem4f.oem4f (.const:xdc_runtime_Core_Module__id__C)
                  000076d0    00000002     empty_min_pem4f.oem4f (.const:xdc_runtime_Error_Module__loggerDefined__C)
                  000076d2    00000002     empty_min_pem4f.oem4f (.const:xdc_runtime_Error_maxDepth__C)
                  000076d4    00000002     empty_min_pem4f.oem4f (.const:xdc_runtime_Memory_Module__id__C)
                  000076d6    00000002     empty_min_pem4f.oem4f (.const:xdc_runtime_Text_charCnt__C)
                  000076d8    00000002     empty_min_pem4f.oem4f (.const:xdc_runtime_Text_isLoaded__C)
                  000076da    00000001     empty_min_pem4f.oem4f (.const:xdc_runtime_Error_policy__C)
                  000076db    00000001     empty_min_pem4f.oem4f (.const:xdc_runtime_Text_charTab__A)

.cinit     0    000076e0    00000440     
                  000076e0    00000409     (.cinit..data.load) [load image, compression = rle]
                  00007ae9    00000003     --HOLE-- [fill = 0]
                  00007aec    0000000c     (__TI_handler_table)
                  00007af8    00000008     (.cinit..bss.load) [load image, compression = zero_init]
                  00007b00    00000008     (.cinit..vecs.load) [load image, compression = zero_init]
                  00007b08    00000018     (__TI_cinit_table)

.vecs      0    20000000    00000140     UNINITIALIZED
                  20000000    00000140     empty_min_pem4f.oem4f (.vecs)

.bss       0    20000140    00000d6c     UNINITIALIZED
                  20000140    00000400     empty_min_pem4f.oem4f (.bss:taskStackSection)
                  20000540    00000400     empty_min_pem4f.oem4f (.bss:ti_sysbios_heaps_HeapMem_Instance_State_0_buf__A)
                  20000940    00000254     MSP_EXP432P401R.obj (.bss:sdspiMSP432Objects)
                  20000b94    00000140     empty_min_pem4f.oem4f (.bss:ti_sysbios_family_arm_m3_Hwi_dispatchTable)
                  20000cd4    00000120     rtsv7M4_T_le_v4SPD16_eabi.lib : trgmsg.obj (.bss:__CIOBUF_)
                  20000df4    00000048     MSP_EXP432P401R.obj (.bss:i2cMSP432Objects)
                  20000e3c    00000030     drivers_MSP432P401R.aem4f : GPIOMSP432.oem4f (.bss:gpioCallbackInfo)
                  20000e6c    00000028     ti.sysbios.fatfs.aem4f : ffcio.oem4f (.bss:filTable)
                  20000e94    00000010     (.common:sdspiHandles)
                  20000ea4    00000008     (.common:parmbuf)

.data      0    20000eac    000006e4     UNINITIALIZED
                  20000eac    0000014c     empty_min_pem4f.oem4f (.data)
                  20000ff8    000000d0     rtsv7M4_T_le_v4SPD16_eabi.lib : lowlev.obj (.data)
                  200010c8    0000009c     drivers_MSP432P401R.aem4f : PowerMSP432.oem4f (.data:PowerMSP432_perfLevels)
                  20001164    00000098     empty_min_pem4f.oem4f (.data:ti_sysbios_knl_Task_Object__table__V)
                  200011fc    00000080     empty_min_pem4f.oem4f (.data:ti_sysbios_knl_Swi_Module_State_0_readyQ__A)
                  2000127c    00000050     ti.sysbios.fatfs.aem4f : diskio.oem4f (.data:drive_fxn_table)
                  200012cc    0000004c     empty_min_pem4f.oem4f (.data:ti_sysbios_family_arm_msp432_Timer_Object__table__V)
                  20001318    00000044     empty_min_pem4f.oem4f (.data:ti_sysbios_knl_Task_Module__state__V)
                  2000135c    0000003c     empty_min_pem4f.oem4f (.data:ti_sysbios_hal_SecondsClock_Module__state__V)
                  20001398    00000038     empty_min_pem4f.oem4f (.data:ti_sysbios_gates_GateMutex_Object__table__V)
                  200013d0    00000034     empty_min_pem4f.oem4f (.data:ti_sysbios_family_arm_m3_Hwi_Module__state__V)
                  20001404    00000030     empty_min_pem4f.oem4f (.data:ti_sysbios_family_arm_m3_Hwi_Object__table__V)
                  20001434    00000030     empty_min_pem4f.oem4f (.data:ti_sysbios_family_arm_m3_Timer_Object__table__V)
                  20001464    00000030     empty_min_pem4f.oem4f (.data:ti_sysbios_knl_Swi_Object__table__V)
                  20001494    0000002c     empty_min_pem4f.oem4f (.data:ti_sysbios_knl_Clock_Module__state__V)
                  200014c0    00000024     drivers_MSP432P401R.aem4f : PowerMSP432.oem4f (.data:PowerMSP432_module)
                  200014e4    00000024     rtsv7M4_T_le_v4SPD16_eabi.lib : localtim.obj (.data:local_tm)
                  20001508    00000024     empty_min_pem4f.oem4f (.data:ti_sysbios_BIOS_Module__state__V)
                  2000152c    0000001c     MSP_EXP432P401R.obj (.data)
                  20001548    00000012     ti.sysbios.fatfs.aem4f : ff.oem4f (.data)
                  2000155a    00000001     drivers_MSP432P401R.aem4f : GPIOMSP432.oem4f (.data)
                  2000155b    00000001     --HOLE--
                  2000155c    00000010     rtsv7M4_T_le_v4SPD16_eabi.lib : tmzone.obj (.data)
                  2000156c    00000008                                   : _lock.obj (.data)
                  20001574    00000008                                   : exit.obj (.data)
                  2000157c    00000004     drivers_MSP432P401R.aem4f : I2C.oem4f (.data)
                  20001580    00000004                               : SDSPI.oem4f (.data)
                  20001584    00000004                               : SDSPIMSP432.oem4f (.data)
                  20001588    00000004     rtsv7M4_T_le_v4SPD16_eabi.lib : stkdepth_vars.obj (.data)
                  2000158c    00000004     ti.sysbios.fatfs.aem4f : ffcio.oem4f (.data)

.stack     0    2000fe00    00000200     UNINITIALIZED
                  2000fe00    00000200     --HOLE--

.bootVecs 
*          0    00000000    00000008     DSECT
                  00000000    00000008     boot.aem4f : boot.oem4f (.bootVecs)

xdc.meta   0    00000000    000000f8     COPY SECTION
                  00000000    000000f8     empty_min_pem4f.oem4f (xdc.meta)

xdc.noload 
*          0    00000000    00000000     COPY SECTION

.TI.noinit 
*          0    20000140    00000000     UNINITIALIZED

.TI.persistent 
*          0    20000eac    00000000     UNINITIALIZED


LINKER GENERATED COPY TABLES

__TI_cinit_table @ 00007b08 records: 3, size/record: 8, table size: 24
	.data: load addr=000076e0, load size=00000409 bytes, run addr=20000eac, run size=000006e4 bytes, compression=rle
	.bss: load addr=00007af8, load size=00000008 bytes, run addr=20000140, run size=00000d6c bytes, compression=zero_init
	.vecs: load addr=00007b00, load size=00000008 bytes, run addr=20000000, run size=00000140 bytes, compression=zero_init


LINKER GENERATED HANDLER TABLE

__TI_handler_table @ 00007aec records: 3, size/record: 4, table size: 12
	index: 0, handler: __TI_decompress_rle24
	index: 1, handler: __TI_decompress_none
	index: 2, handler: __TI_zero_init


GLOBAL SYMBOLS: SORTED ALPHABETICALLY BY Name 

address   name                                                        
-------   ----                                                        
00005399  C$$EXIT                                                     
000043ab  C$$IO$$                                                     
00006f73  CPU_cpsid                                                   
00006f7f  CPU_cpsie                                                   
000034c5  CPU_wfi                                                     
00002c39  CS_initClockSignal                                          
0000619d  CS_setDCOCenteredFrequency                                  
00006f8d  ClockP_getSystemTickPeriod                                  
00007061  ClockP_getSystemTicks                                       
00006f99  EUSCI_A_SPI_disable                                         
00006fa5  EUSCI_A_SPI_enable                                          
000070dd  EUSCI_A_SPI_getInterruptStatus                              
000068fb  EUSCI_A_SPI_masterChangeClock                               
00001a3b  EUSCI_A_SPI_receiveData                                     
000037ed  EUSCI_A_SPI_transmitData                                    
00006fb1  EUSCI_B_SPI_disable                                         
00006fbd  EUSCI_B_SPI_enable                                          
000070e5  EUSCI_B_SPI_getInterruptStatus                              
00006913  EUSCI_B_SPI_masterChangeClock                               
00007139  EUSCI_B_SPI_receiveData                                     
00003885  EUSCI_B_SPI_transmitData                                    
000054f5  FlashCtl_disableReadBuffering                               
00005945  FlashCtl_enableReadBuffering                                
0000605d  FlashCtl_setWaitState                                       
00007520  GPIOMSP432_config                                           
0000692d  GPIO_clearInterruptFlag                                     
00005ab5  GPIO_getEnabledInterruptStatus                              
00006d8d  GPIO_getInterruptStatus                                     
000049d5  GPIO_hwiIntFxn                                              
000042ad  GPIO_init                                                   
000064a9  GPIO_interruptEdgeSelect                                    
00005e19  GPIO_setAsInputPin                                          
00005ae5  GPIO_setAsInputPinWithPullDownResistor                      
00005b15  GPIO_setAsInputPinWithPullUpResistor                        
000061c1  GPIO_setAsOutputPin                                         
00004e11  GPIO_setAsPeripheralModuleFunctionInputPin                  
00004e5d  GPIO_setAsPeripheralModuleFunctionOutputPin                 
00004a29  GPIO_setCallback                                            
00001ce9  GPIO_setConfig                                              
00006bf9  GPIO_setDriveStrengthHigh                                   
00006945  GPIO_setDriveStrengthLow                                    
00006c0d  GPIO_setOutputHighOnPin                                     
0000695d  GPIO_setOutputLowOnPin                                      
00005b45  GPIO_toggle                                                 
00006c21  GPIO_toggleOutputOnPin                                      
00004c81  GPIO_write                                                  
000008d5  HOSTclock                                                   
0000089d  HOSTclose                                                   
0000085f  HOSTgetenv                                                  
00000803  HOSTlseek                                                   
000007b1  HOSTopen                                                    
00000765  HOSTread                                                    
00000707  HOSTrename                                                  
000006cd  HOSTtime                                                    
00000695  HOSTunlink                                                  
00000649  HOSTwrite                                                   
00006ef1  HwiP_Params_init                                            
00004515  HwiP_create                                                 
00006b59  HwiP_delete                                                 
00003a35  HwiP_disable                                                
00007189  HwiP_restore                                                
000043e5  I2CMSP432_close                                             
0000713f  I2CMSP432_control                                           
0000748c  I2CMSP432_fxnTable                                          
00001f41  I2CMSP432_hwiIntFxn                                         
000070b5  I2CMSP432_init                                              
00001305  I2CMSP432_open                                              
0000391d  I2CMSP432_transfer                                          
00006eff  I2C_clearInterruptFlag                                      
000074a8  I2C_config                                                  
0000756c  I2C_defaultParams                                           
00006f0d  I2C_disableInterrupt                                        
00006fc9  I2C_disableModule                                           
000070ed  I2C_enableInterrupt                                         
00006fd5  I2C_enableModule                                            
00007145  I2C_getEnabledInterruptStatus                               
0000714b  I2C_getInterruptStatus                                      
000057f5  I2C_init                                                    
000056b9  I2C_initMaster                                              
00006975  I2C_masterIsStartSent                                       
00007151  I2C_masterReceiveMultiByteNext                              
00006d9d  I2C_masterReceiveMultiByteStop                              
00006dad  I2C_masterReceiveStart                                      
00005535  I2C_masterSendMultiByteFinish                               
000061e5  I2C_masterSendMultiByteNext                                 
00006dbd  I2C_masterSendStart                                         
00006f1b  I2C_setMode                                                 
00003ac5  I2C_setSlaveAddress                                         
00004015  List_head                                                   
000040f5  List_next                                                   
00006129  List_put                                                    
00006879  List_remove                                                 
000070f5  MSP_EXP432P401R_initGPIO                                    
000070fd  MSP_EXP432P401R_initGeneral                                 
00006cfd  MSP_EXP432P401R_initI2C                                     
00007105  MSP_EXP432P401R_initSDSPI                                   
00005e45  PCM_getCoreVoltageLevel                                     
00006031  PCM_getPowerMode                                            
00006dcd  PCM_getPowerState                                           
00006085  PCM_gotoLPM0                                                
00003bdd  PCM_gotoLPM3                                                
0000341d  PCM_setCoreVoltageLevelWithTimeout                          
00007157  PCM_setPowerMode                                            
00002df9  PCM_setPowerModeWithTimeout                                 
0000715d  PCM_setPowerState                                           
00001489  PCM_setPowerStateWithTimeout                                
00004cd1  PCM_shutdownDevice                                          
0000755c  PowerMSP432_config                                          
000064c9  PowerMSP432_getFreqs                                        
00004165  PowerMSP432_getNumPerfLevels                                
200014c0  PowerMSP432_module                                          
200010c8  PowerMSP432_perfLevels                                      
00004d21  PowerMSP432_policyFxn                                       
0000116b  PowerMSP432_policyInitFxn                                   
00005e71  PowerMSP432_updateFreqs                                     
00006fe1  Power_getConstraintMask                                     
00006fed  Power_getPerformanceLevel                                   
000064e9  Power_idleFunc                                              
00005979  Power_init                                                  
000066c9  Power_registerNotify                                        
00005e9d  Power_releaseConstraint                                     
00005ec9  Power_setConstraint                                         
0000278d  Power_sleep                                                 
00006509  Power_unregisterNotify                                      
00006209  RTC_C_holdClock                                             
0000622d  RTC_C_startClock                                            
00004639  SDSPIMSP432_close                                           
00007163  SDSPIMSP432_control                                         
00002289  SDSPIMSP432_diskIOctrl                                      
00000bc5  SDSPIMSP432_diskInitialize                                  
00002d19  SDSPIMSP432_diskRead                                        
00006ddd  SDSPIMSP432_diskStatus                                      
00002399  SDSPIMSP432_diskWrite                                       
0000757c  SDSPIMSP432_fxnTable                                        
00006d0f  SDSPIMSP432_init                                            
0000116d  SDSPIMSP432_open                                            
000074c0  SDSPI_config                                                
[...]
00006e41  ti_sysbios_family_arm_m3_TaskSupport_glue                   
00006e51  ti_sysbios_family_arm_msp432_init_Boot_disableWatchdog      
00006e61  ti_sysbios_gates_GateMutex_Instance_finalize__E             
00006e71  ti_sysbios_knl_Semaphore_Instance_finalize__E               
00006e81  ti_sysbios_knl_Swi_disable__E                               
00006e91  ti_sysbios_knl_Task_Object__get__S                          
00006ea1  ti_sysbios_knl_Task_disable__E                              
00006eb1  xdc_runtime_Gate_leaveSystem__E                             
00006ec1  xdc_runtime_Memory_free__E                                  
00006ed1  xdc_runtime_SysCallback_abort__E                            
00006ed1  xdc_runtime_System_SupportProxy_abort__E                    
00006ee1  xdc_runtime_SysCallback_exit__E                             
00006ee1  xdc_runtime_System_SupportProxy_exit__E                     
00006ef1  HwiP_Params_init                                            
00006eff  I2C_clearInterruptFlag                                      
00006f0d  I2C_disableInterrupt                                        
00006f1b  I2C_setMode                                                 
00006f29  __TI_decompress_none                                        
00006f37  ff_del_syncobj                                              
00006f49  ti_sysbios_knl_Idle_loop__E                                 
00006f59  ti_sysbios_knl_Queue_empty__E                               
00006f67  ti_sysbios_family_arm_msp432_init_Boot_init__I              
00006f67  xdc_runtime_Startup_reset__I                                
00006f73  CPU_cpsid                                                   
00006f7f  CPU_cpsie                                                   
00006f8d  ClockP_getSystemTickPeriod                                  
00006f99  EUSCI_A_SPI_disable                                         
00006fa5  EUSCI_A_SPI_enable                                          
00006fb1  EUSCI_B_SPI_disable                                         
00006fbd  EUSCI_B_SPI_enable                                          
00006fc9  I2C_disableModule                                           
00006fd5  I2C_enableModule                                            
00006fe1  Power_getConstraintMask                                     
00006fed  Power_getPerformanceLevel                                   
00006ff9  __TI_zero_init                                              
00007005  ti_sysbios_family_arm_m3_Hwi_Params__init__S                
00007005  ti_sysbios_hal_Hwi_HwiProxy_Params__init__S                 
00007011  ti_sysbios_family_arm_m3_Hwi_disableFxn__E                  
00007011  ti_sysbios_hal_Hwi_HwiProxy_disable__E                      
00007021  ti_sysbios_family_arm_m3_TimestampProvider_startTimer__E    
00007031  ti_sysbios_family_arm_msp432_Timer_getMaxTicks__E           
00007041  ti_sysbios_gates_GateHwi_enter__E                           
00007051  ti_sysbios_hal_SecondsClock_get__E                          
00007051  ti_sysbios_hal_Seconds_SecondsProxy_get__E                  
00007061  ClockP_getSystemTicks                                       
00007061  ti_sysbios_knl_Clock_getTicks__E                            
0000706d  ti_sysbios_knl_Queue_Object__get__S                         
00007079  ti_sysbios_knl_Semaphore_Params__init__S                    
00007085  xdc_runtime_Error_init__E                                   
00007091  xdc_runtime_Gate_enterSystem__E                             
0000709d  xdc_runtime_Memory_calloc__E                                
000070a9  xdc_runtime_Memory_getMaxDefaultTypeAlign__E                
000070b5  I2CMSP432_init                                              
000070bf  SemaphoreP_post                                             
000070bf  SemaphoreP_postFromClock                                    
000070bf  SemaphoreP_postFromISR                                      
000070c9  xdc_runtime_Memory_HeapProxy_alloc__E                       
000070d3  xdc_runtime_Memory_HeapProxy_free__E                        
000070dd  EUSCI_A_SPI_getInterruptStatus                              
000070e5  EUSCI_B_SPI_getInterruptStatus                              
000070ed  I2C_enableInterrupt                                         
000070f5  MSP_EXP432P401R_initGPIO                                    
000070fd  MSP_EXP432P401R_initGeneral                                 
00007105  MSP_EXP432P401R_initSDSPI                                   
0000710d  SemaphoreP_Params_init                                      
0000711d  ff_req_grant                                                
00007129  ti_sysbios_family_arm_m3_Hwi_doSwiRestore__I                
00007131  ti_sysbios_family_arm_m3_Hwi_startup__E                     
00007131  ti_sysbios_hal_Hwi_HwiProxy_startup__E                      
00007139  EUSCI_B_SPI_receiveData                                     
0000713f  I2CMSP432_control                                           
00007145  I2C_getEnabledInterruptStatus                               
0000714b  I2C_getInterruptStatus                                      
00007151  I2C_masterReceiveMultiByteNext                              
00007157  PCM_setPowerMode                                            
0000715d  PCM_setPowerState                                           
00007163  SDSPIMSP432_control                                         
00007169  __xdc__init                                                 
0000716f  __TI_decompress_rle24                                       
0000717b  xdc_runtime_System_Module_startup__E                        
00007181  ti_sysbios_family_arm_m3_Hwi_doTaskRestore__I               
00007189  HwiP_restore                                                
00007189  ti_sysbios_family_arm_m3_Hwi_restoreFxn__E                  
00007189  ti_sysbios_hal_Hwi_HwiProxy_restore__E                      
00007191  ti_sysbios_gates_GateHwi_leave__E                           
00007199  ti_sysbios_heaps_HeapMem_isBlocking__E                      
000071a1  ti_sysbios_knl_Queue_Instance_init__E                       
000071a9  ti_sysbios_knl_Swi_startup__E                               
000071b1  ti_sysbios_family_arm_msp432_Timer_getPeriod__E             
000071b9  ti_sysbios_gates_GateHwi_query__E                           
000071b9  xdc_runtime_Main_Module_GateProxy_query__E                  
000071b9  xdc_runtime_System_Module_GateProxy_query__E                
000071c1  ti_sysbios_BIOS_RtsGateProxy_query__E                       
000071c1  ti_sysbios_gates_GateMutex_query__E                         
000071c1  ti_sysbios_heaps_HeapMem_Module_GateProxy_query__E          
000071c9  ti_sysbios_knl_Task_startup__E                              
000071d1  ti_sysbios_family_arm_m3_TimestampProvider_rolloverFunc__E  
000071d9  ti_sysbios_gates_GateHwi_Instance_init__E                   
000071e1  ti_sysbios_knl_Clock_logTick__E                             
000072bc  ti_sysbios_family_arm_m3_Hwi_Object__PARAMS__C              
000072ec  ti_sysbios_heaps_HeapMem_Module__FXNS__C                    
00007314  xdc_runtime_Startup_sfxnTab__A                              
0000733c  ti_sysbios_gates_GateHwi_Module__FXNS__C                    
00007360  ti_sysbios_gates_GateMutex_Module__FXNS__C                  
00007384  ti_sysbios_heaps_HeapMem_Object__PARAMS__C                  
000073a8  ti_sysbios_knl_Semaphore_Object__PARAMS__C                  
000073cc  ti_sysbios_family_arm_m3_Hwi_Object__DESC__C                
000073ec  ti_sysbios_gates_GateHwi_Object__DESC__C                    
0000740c  ti_sysbios_gates_GateMutex_Object__DESC__C                  
0000742c  ti_sysbios_heaps_HeapMem_Object__DESC__C                    
0000744c  ti_sysbios_knl_Queue_Object__DESC__C                        
0000746c  ti_sysbios_knl_Semaphore_Object__DESC__C                    
0000748c  I2CMSP432_fxnTable                                          
000074a8  I2C_config                                                  
000074c0  SDSPI_config                                                
000074d8  ti_sysbios_gates_GateHwi_Object__PARAMS__C                  
000074f0  ti_sysbios_gates_GateMutex_Object__PARAMS__C                
00007508  ti_sysbios_knl_Queue_Object__PARAMS__C                      
00007520  GPIOMSP432_config                                           
00007534  sdspiMSP432HWAttrs                                          
00007548  xdc_runtime_Startup_sfxnRts__A                              
0000755c  PowerMSP432_config                                          
0000756c  I2C_defaultParams                                           
0000757c  SDSPIMSP432_fxnTable                                        
0000758c  i2cMSP432HWAttrs                                            
000075a8  xdc_runtime_Startup_firstFxns__A                            
000075b4  SDSPI_defaultParams                                         
000075bc  ti_sysbios_knl_Idle_funcList__C                             
000075c4  xdc_runtime_Startup_firstFxns__C                            
000075cc  xdc_runtime_Startup_lastFxns__C                             
000075d4  ti_sysbios_family_arm_m3_Hwi_E_alreadyDefined__C            
000075d8  ti_sysbios_family_arm_m3_Hwi_NUM_INTERRUPTS__C              
000075dc  ti_sysbios_family_arm_m3_Hwi_Object__count__C               
000075e0  ti_sysbios_family_arm_m3_Hwi_ccr__C                         
000075e4  ti_sysbios_family_arm_m3_Hwi_excHandlerFunc__C              
000075e8  ti_sysbios_family_arm_m3_Hwi_nullIsrFunc__C                 
000075ec  ti_sysbios_family_arm_m3_Hwi_priGroup__C                    
000075f0  ti_sysbios_family_arm_m3_Timer_E_cannotSupport__C           
000075f4  ti_sysbios_family_arm_m3_Timer_startupNeeded__C             
000075f8  ti_sysbios_family_arm_msp432_Timer_numTimerDevices__C       
000075fc  ti_sysbios_family_arm_msp432_Timer_startupNeeded__C         
00007600  ti_sysbios_gates_GateMutex_Instance_State_sem__O            
00007604  ti_sysbios_hal_SecondsClock_Module_State_clock__O           
00007608  ti_sysbios_heaps_HeapMem_E_memory__C                        
0000760c  ti_sysbios_heaps_HeapMem_Module__gateObj__C                 
00007610  ti_sysbios_heaps_HeapMem_Object__count__C                   
00007614  ti_sysbios_heaps_HeapMem_reqAlign__C                        
00007618  ti_sysbios_knl_Clock_Module_State_clockQ__O                 
0000761c  ti_sysbios_knl_Clock_tickPeriod__C                          
00007620  ti_sysbios_knl_Idle_funcList__A                             
00007624  ti_sysbios_knl_Semaphore_Instance_State_pendQ__O            
00007628  ti_sysbios_knl_Swi_Object__count__C                         
0000762c  ti_sysbios_knl_Task_Module_State_inactiveQ__O               
00007630  ti_sysbios_knl_Task_Object__count__C                        
00007634  ti_sysbios_knl_Task_allBlockedFunc__C                       
00007638  ti_sysbios_knl_Task_numConstructedTasks__C                  
0000763c  xdc_runtime_Assert_E_assertFailed__C                        
00007640  xdc_runtime_Core_A_initializedParams__C                     
00007644  xdc_runtime_Core_Module__diagsEnabled__C                    
00007648  xdc_runtime_Core_Module__diagsIncluded__C                   
0000764c  xdc_runtime_Core_Module__diagsMask__C                       
00007650  xdc_runtime_Error_E_memory__C                               
00007654  xdc_runtime_Error_Module__diagsEnabled__C                   
00007658  xdc_runtime_Error_Module__diagsIncluded__C                  
0000765c  xdc_runtime_Error_Module__diagsMask__C                      
00007660  xdc_runtime_Error_Module__loggerFxn8__C                     
00007664  xdc_runtime_Error_Module__loggerObj__C                      
00007668  xdc_runtime_Error_policyFxn__C                              
0000766c  xdc_runtime_Error_raiseHook__C                              
00007670  xdc_runtime_IGateProvider_Interface__BASE__C                
00007674  xdc_runtime_IHeap_Interface__BASE__C                        
00007678  xdc_runtime_IModule_Interface__BASE__C                      
0000767c  xdc_runtime_Log_L_error__C                                  
00007680  xdc_runtime_Memory_defaultHeapInstance__C                   
00007684  xdc_runtime_Startup_execImpl__C                             
00007688  xdc_runtime_Startup_lastFxns__A                             
0000768c  xdc_runtime_Startup_maxPasses__C                            
00007690  xdc_runtime_Startup_sfxnRts__C                              
00007694  xdc_runtime_Startup_sfxnTab__C                              
00007698  xdc_runtime_SysCallback_abortFxn__C                         
0000769c  xdc_runtime_SysCallback_exitFxn__C                          
000076a0  xdc_runtime_System_Module__gateObj__C                       
000076a4  xdc_runtime_System_abortFxn__C                              
000076a8  xdc_runtime_System_exitFxn__C                               
000076ac  xdc_runtime_System_maxAtexitHandlers__C                     
000076b0  xdc_runtime_Text_charTab__C                                 
000076b4  xdc_runtime_Text_nameEmpty__C                               
000076b8  xdc_runtime_Text_nameStatic__C                              
000076bc  xdc_runtime_Text_nameUnknown__C                             
000076c0  xdc_runtime_Text_nodeTab__A                                 
000076c4  ti_sysbios_family_arm_m3_Hwi_Module__id__C                  
000076c6  ti_sysbios_family_arm_m3_Timer_Module__id__C                
000076c8  ti_sysbios_family_arm_m3_TimestampProvider_configTimer__C   
000076ca  ti_sysbios_heaps_HeapMem_Module__id__C                      
000076cc  ti_sysbios_knl_Task_initStackFlag__C                        
000076ce  xdc_runtime_Core_Module__id__C                              
000076d0  xdc_runtime_Error_Module__loggerDefined__C                  
000076d2  xdc_runtime_Error_maxDepth__C                               
000076d4  xdc_runtime_Memory_Module__id__C                            
000076d6  xdc_runtime_Text_charCnt__C                                 
000076d8  xdc_runtime_Text_isLoaded__C                                
000076da  xdc_runtime_Error_policy__C                                 
000076db  xdc_runtime_Text_charTab__A                                 
000076e0  __TI_static_base__                                          
00007aec  __TI_Handler_Table_Base                                     
00007af8  __TI_Handler_Table_Limit                                    
00007b08  __TI_CINIT_Base                                             
00007b20  __TI_CINIT_Limit                                            
20000000  ti_sysbios_family_arm_m3_Hwi_ramVectors                     
20000140  ti_sysbios_knl_Task_Instance_State_0_stack__A               
20000340  ti_sysbios_knl_Task_Instance_State_1_stack__A               
20000540  ti_sysbios_heaps_HeapMem_Instance_State_0_buf__A            
20000940  sdspiMSP432Objects                                          
20000b94  ti_sysbios_family_arm_m3_Hwi_dispatchTable                  
20000cd4  __CIOBUF_                                                   
20000df4  i2cMSP432Objects                                            
20000eac  ti_sysbios_family_arm_m3_Hwi_Module__root__V                
20000eb4  ti_sysbios_family_arm_m3_Hwi_Module_State_0_excActive__A    
20000eb8  ti_sysbios_family_arm_m3_Hwi_Module_State_0_excContext__A   
20000ebc  ti_sysbios_family_arm_m3_Hwi_Module_State_0_excStack__A     
20000ec0  ti_sysbios_family_arm_m3_Timer_Module__root__V              
20000ec8  ti_sysbios_family_arm_m3_Timer_Module__state__V             
20000ed4  ti_sysbios_family_arm_m3_TimestampProvider_Module__state__V 
20000ed8  ti_sysbios_family_arm_msp432_ClockFreqs_Module__state__V    
20000ee4  ti_sysbios_family_arm_msp432_Timer_Module__root__V          
20000eec  ti_sysbios_family_arm_msp432_Timer_Module_State_0_device__A 
20000f0c  ti_sysbios_family_arm_msp432_Timer_Module_State_0_handles__A
20000f1c  ti_sysbios_family_arm_msp432_Timer_Module__state__V         
20000f28  ti_sysbios_gates_GateHwi_Module__root__V                    
20000f30  ti_sysbios_gates_GateHwi_Object__table__V                   
20000f34  ti_sysbios_gates_GateMutex_Module__root__V                  
20000f3c  ti_sysbios_hal_Hwi_Module__root__V                          
20000f44  ti_sysbios_heaps_HeapMem_Module__root__V                    
20000f4c  ti_sysbios_heaps_HeapMem_Object__table__V                   
20000f64  ti_sysbios_knl_Clock_Module__root__V                        
20000f6c  ti_sysbios_knl_Queue_Module__root__V                        
20000f74  ti_sysbios_knl_Semaphore_Module__root__V                    
20000f7c  ti_sysbios_knl_Swi_Module__root__V                          
20000f84  ti_sysbios_knl_Swi_Module__state__V                         
20000fa0  ti_sysbios_knl_Task_Module__root__V                         
20000fa8  ti_sysbios_knl_Task_Module_State_0_readyQ__A                
20000fc8  ti_sysbios_knl_Task_Module_State_0_idleTask__A              
20000fcc  xdc_runtime_Error_Module__state__V                          
20000fd0  xdc_runtime_Memory_Module__state__V                         
20000fd4  xdc_runtime_Registry_Module__state__V                       
20000fdc  xdc_runtime_Startup_Module__state__V                        
20000fe4  xdc_runtime_System_Module__state__V                         
20000fec  xdc_runtime_Text_Module__state__V                           
20000ff4  __xdc__init__addr                                           
200010c8  PowerMSP432_perfLevels                                      
20001164  ti_sysbios_knl_Task_Object__table__V                        
200011b0  TSK_idle                                                    
200011fc  ti_sysbios_knl_Swi_Module_State_0_readyQ__A                 
200012cc  ti_sysbios_family_arm_msp432_Timer_Object__table__V         
20001318  ti_sysbios_knl_Task_Module__state__V                        
2000135c  ti_sysbios_hal_SecondsClock_Module__state__V                
20001398  ti_sysbios_gates_GateMutex_Object__table__V                 
200013d0  ti_sysbios_family_arm_m3_Hwi_Module__state__V               
20001404  ti_sysbios_family_arm_m3_Hwi_Object__table__V               
20001434  ti_sysbios_family_arm_m3_Timer_Object__table__V             
20001464  ti_sysbios_knl_Swi_Object__table__V                         
20001494  ti_sysbios_knl_Clock_Module__state__V                       
200014c0  PowerMSP432_module                                          
20001508  ti_sysbios_BIOS_Module__state__V                            
20001530  gpioPinConfigs                                              
20001540  gpioCallbackFunctions                                       
2000155c  _tz                                                         
2000156c  _lock                                                       
20001570  _unlock                                                     
20001574  __TI_cleanup_ptr                                            
20001578  __TI_dtors_ptr                                              
20001588  main_func_sp                                                
2000fe00  __stack                                                     
20010000  __STACK_END                                                 
4000480c  WDTCTL_SYM                                                  
e000e000  ti_sysbios_family_arm_m3_Hwi_nvic                           
ffffffff  __binit__                                                   
ffffffff  __c_args__                                                  
ffffffff  binit                                                       
UNDEFED   SHT$$INIT_ARRAY$$Base                                       
UNDEFED   SHT$$INIT_ARRAY$$Limit                                      

[655 symbols]
