******************************************************************************
                  TI ARM Linker PC v5.2.6                      
******************************************************************************
>> Linked Sun Nov 22 14:07:05 2015

OUTPUT FILE NAME:   <HDC1008_RTOS.out>
ENTRY POINT SYMBOL: "_c_int00"  address: 0000488d


MEMORY CONFIGURATION

         name            origin    length      used     unused   attr    fill
----------------------  --------  ---------  --------  --------  ----  --------
  MAIN                  00000000   00040000  00007b76  0003848a  R  X
  INFO                  00200000   00004000  00000000  00004000  R  X
  SRAM_CODE             01000000   00010000  00000000  00010000  RW X
  SRAM_DATA             20000000   00010000  00001a78  0000e588  RW  


SEGMENT ALLOCATION MAP

run origin  load origin   length   init length attrs members
----------  ----------- ---------- ----------- ----- -------
00000000    00000000    00007b80   00007b80    r-x
  00000000    00000000    0000003c   0000003c    r-- .resetVecs
  00000040    00000040    000071b2   000071b2    r-x .text
  000071f4    000071f4    00000510   00000510    r-- .const
  00007708    00007708    00000478   00000478    r-- .cinit
20000000    20000000    00001878   00000000    rw-
  20000000    20000000    00000140   00000000    rw- .vecs
  20000140    20000140    00000fec   00000000    rw- .bss
  2000112c    2000112c    0000074c   00000000    rw- .data
2000fe00    2000fe00    00000200   00000000    rw-
  2000fe00    2000fe00    00000200   00000000    rw- .stack


SECTION ALLOCATION MAP

 output                                  attributes/
section   page    origin      length       input sections
--------  ----  ----------  ----------   ----------------
.resetVecs 
*          0    00000000    0000003c     
                  00000000    0000003c     hdc1008rtos_pem4f.oem4f (.resetVecs)

.text      0    00000040    000071b2     
                  00000040    0000030c     rtsv7M4_T_le_v4SPD16_eabi.lib : lowlev.obj (.text)
                  0000034c    000002fc     ti.sysbios.fatfs.aem4f : ff.oem4f (.text:chk_mounted)
                  00000648    000002d4     rtsv7M4_T_le_v4SPD16_eabi.lib : trgdrv.obj (.text)
                  0000091c    000002a8                                   : mktime.obj (.text)
                  00000bc4    0000023c     drivers_MSP432P401R.aem4f : SDSPIMSP432.oem4f (.text:SDSPIMSP432_diskInitialize)
                  00000e00    000001c4                               : SDSPIMSP432.oem4f (.text:send_cmd)
                  00000fc4    000001a6     ti.sysbios.fatfs.aem4f : ff.oem4f (.text:f_write)
                  0000116a    00000002     power_tirtos_MSP432P401R.aem4f : PowerMSP432_tirtos.oem4f (.text:PowerMSP432_policyInitFxn)
                  0000116c    00000198     drivers_MSP432P401R.aem4f : SDSPIMSP432.oem4f (.text:SDSPIMSP432_open)
                  00001304    00000184                               : I2CMSP432.oem4f (.text:I2CMSP432_open)
                  00001488    00000182     msp432p4xx_driverlib.lib : pcm.o (.text:PCM_setPowerStateWithTimeout)
                  0000160a    00000176     ti.sysbios.fatfs.aem4f : ff.oem4f (.text:f_read)
                  00001780    00000162     drivers_MSP432P401R.aem4f : SDSPIMSP432.oem4f (.text:xmit_datablock)
                  000018e2    00000158     ti.sysbios.fatfs.aem4f : ff.oem4f (.text:f_lseek)
                  00001a3a    00000006     msp432p4xx_driverlib.lib : spi.o (.text:EUSCI_A_SPI_receiveData)
                  00001a40    00000158     sysbios.aem4f : BIOS.obj (.text:ti_sysbios_knl_Semaphore_pend__E)
                  00001b98    00000150     ti.sysbios.fatfs.aem4f : ff.oem4f (.text:f_open)
                  00001ce8    0000013c     drivers_MSP432P401R.aem4f : GPIOMSP432.oem4f (.text:GPIO_setConfig)
                  00001e24    0000011c     ti.sysbios.fatfs.aem4f : ff.oem4f (.text:f_rename)
                  00001f40    00000118     drivers_MSP432P401R.aem4f : I2CMSP432.oem4f (.text:I2CMSP432_hwiIntFxn)
                  00002058    00000118     ti.targets.arm.rtsarm.aem4f : Error.oem4f (.text:xdc_runtime_Error_policyDefault__E)
                  00002170    00000117     ti.sysbios.fatfs.aem4f : ff.oem4f (.text:create_name)
                  00002287    00000001     --HOLE-- [fill = 0]
                  00002288    00000110     drivers_MSP432P401R.aem4f : SDSPIMSP432.oem4f (.text:SDSPIMSP432_diskIOctrl)
                  00002398    00000100                               : SDSPIMSP432.oem4f (.text:SDSPIMSP432_diskWrite)
                  00002498    00000100     ti.targets.arm.rtsarm.aem4f : Core-mem.oem4f (.text:xdc_runtime_Core_createObject__I)
                  00002598    000000fc     ti.sysbios.fatfs.aem4f : ff.oem4f (.text:dir_next)
                  00002694    000000f8     ti.targets.arm.rtsarm.aem4f : Startup.oem4f (.text:xdc_runtime_Startup_startMods__I)
                  0000278c    000000f4     drivers_MSP432P401R.aem4f : PowerMSP432.oem4f (.text:Power_sleep)
                  00002880    000000f4     sysbios.aem4f : m3_Hwi_asm.obj (.text:ti_sysbios_family_arm_m3_Hwi_dispatch__I)
                  00002974    000000f0     drivers_MSP432P401R.aem4f : PowerMSP432.oem4f (.text:initPerfControl)
                  00002a64    000000f0                               : SDSPIMSP432.oem4f (.text:rcvr_datablock)
                  00002b54    000000e2     ti.sysbios.fatfs.aem4f : ff.oem4f (.text:put_fat)
                  00002c36    00000002     hdc1008rtos.obj (.text:readSensorBufferFxn)
                  00002c38    000000e0     msp432p4xx_driverlib.lib : cs.o (.text:CS_initClockSignal)
                  00002d18    000000e0     drivers_MSP432P401R.aem4f : SDSPIMSP432.oem4f (.text:SDSPIMSP432_diskRead)
                  00002df8    000000d4     msp432p4xx_driverlib.lib : pcm.o (.text:PCM_setPowerModeWithTimeout)
                  00002ecc    000000cc     ti.sysbios.fatfs.aem4f : ff.oem4f (.text:get_fat)
                  00002f98    000000cc     sysbios.aem4f : BIOS.obj (.text:ti_sysbios_heaps_HeapMem_alloc__E)
                  00003064    000000cc     ti.targets.arm.rtsarm.aem4f : Core-smem.oem4f (.text:xdc_runtime_Core_constructObject__I)
                  00003130    000000be     ti.sysbios.fatfs.aem4f : ff.oem4f (.text:f_unlink)
                  000031ee    00000002     rtsv7M4_T_le_v4SPD16_eabi.lib : i_div0.obj (.text)
                  000031f0    000000b8     ti.sysbios.fatfs.aem4f : ffcio.oem4f (.text:ffcio_open)
                  000032a8    000000b2                            : ff.oem4f (.text:sync)
                  0000335a    00000002     hdc1008rtos_pem4f.oem4f (.text:ti_sysbios_BIOS_nullFunc__I)
                  0000335c    000000a8     msp432p4xx_driverlib.lib : pcm.o (.text:PCM_setCoreVoltageLevelWithTimeout)
                  00003404    00000004                              : cpu.o (.text:CPU_wfi)
                  00003408    000000a8     sysbios.aem4f : BIOS.obj (.text:ti_sysbios_family_arm_msp432_Timer_periodicStub__E)
                  000034b0    000000a6     ti.sysbios.fatfs.aem4f : ff.oem4f (.text:f_sync)
                  00003556    00000002     hdc1008rtos.obj (.text:writeSensorBufferFxn)
                  00003558    000000a0     auto_init.aem4f : auto_init.oem4f (.text)
                  000035f8    0000009c     rtsv7M4_T_le_v4SPD16_eabi.lib : memcpy_t2.obj (.text)
                  00003694    00000098     ti.sysbios.fatfs.aem4f : ff.oem4f (.text:create_chain)
                  0000372c    00000004     msp432p4xx_driverlib.lib : spi.o (.text:EUSCI_A_SPI_transmitData)
                  00003730    00000094     sysbios.aem4f : BIOS.obj (.text:ti_sysbios_family_arm_m3_Hwi_Instance_init__E)
                  000037c4    00000004     msp432p4xx_driverlib.lib : spi.o (.text:EUSCI_B_SPI_transmitData)
                  000037c8    00000094     sysbios.aem4f : BIOS.obj (.text:ti_sysbios_family_arm_m3_Hwi_initNVIC__E)
                  0000385c    0000008c     drivers_MSP432P401R.aem4f : I2CMSP432.oem4f (.text:I2CMSP432_transfer)
                  000038e8    0000008c     sysbios.aem4f : m3_TaskSupport_asm.obj (.text:ti_sysbios_family_arm_m3_TaskSupport_buildTaskStack)
                  00003974    00000004     tirtosport.aem4f : HwiP_tirtos.oem4f (.text:HwiP_disable)
                  00003978    0000008c     sysbios.aem4f : BIOS.obj (.text:ti_sysbios_hal_SecondsClock_Module_startup__E)
                  00003a04    00000004     msp432p4xx_driverlib.lib : i2c.o (.text:I2C_setSlaveAddress)
                  00003a08    0000008c     sysbios.aem4f : BIOS.obj (.text:ti_sysbios_knl_Task_postInit__I)
                  00003a94    00000088     drivers_MSP432P401R.aem4f : SDSPIMSP432.oem4f (.text:wait_ready)
                  00003b1c    00000080     hdc1008rtos.obj (.text:main)
                  00003b9c    0000007c     msp432p4xx_driverlib.lib : pcm.o (.text:PCM_gotoLPM3)
                  00003c18    0000007c                              : spi.o (.text:SPI_initMaster)
                  00003c94    0000007c     ti.sysbios.fatfs.aem4f : ff.oem4f (.text:dir_sdi)
                  00003d10    0000007c     sysbios.aem4f : BIOS.obj (.text:ti_sysbios_heaps_HeapMem_free__E)
                  00003d8c    0000007a     rtsv7M4_T_le_v4SPD16_eabi.lib : memset_t2.obj (.text)
                  00003e06    00000076     ti.sysbios.fatfs.aem4f : ff.oem4f (.text:follow_path)
                  00003e7c    00000074                            : ff.oem4f (.text:check_fs)
                  00003ef0    00000074     sysbios.aem4f : BIOS.obj (.text:ti_sysbios_family_arm_m3_Hwi_postInit__I)
                  00003f64    00000070     ti.sysbios.fatfs.aem4f : ff.oem4f (.text:move_window)
                  00003fd4    00000004     drivers_MSP432P401R.aem4f : List.oem4f (.text:List_head)
                  00003fd8    00000070     sysbios.aem4f : BIOS.obj (.text:ti_sysbios_knl_Semaphore_post__E)
                  00004048    0000006c                   : BIOS.obj (.text:ti_sysbios_knl_Clock_workFunc__E)
                  000040b4    00000004     drivers_MSP432P401R.aem4f : List.oem4f (.text:List_next)
                  000040b8    0000006c     sysbios.aem4f : BIOS.obj (.text:ti_sysbios_knl_Swi_restoreHwi__E)
                  00004124    00000004     drivers_MSP432P401R.aem4f : PowerMSP432.oem4f (.text:PowerMSP432_getNumPerfLevels)
                  00004128    0000006c     sysbios.aem4f : BIOS.obj (.text:ti_sysbios_knl_Task_exit__E)
                  00004194    0000006c     ti.targets.arm.rtsarm.aem4f : Memory.oem4f (.text:xdc_runtime_Memory_alloc__E)
                  00004200    0000006a     rtsv7M4_T_le_v4SPD16_eabi.lib : copy_decompress_rle.obj (.text)
                  0000426a    00000002     --HOLE-- [fill = 0]
                  0000426c    00000068     drivers_MSP432P401R.aem4f : GPIOMSP432.oem4f (.text:GPIO_init)
                  000042d4    00000068                               : I2CMSP432.oem4f (.text:primeTransfer)
                  0000433c    00000068     rtsv7M4_T_le_v4SPD16_eabi.lib : trgmsg.obj (.text)
                  000043a4    00000066     drivers_MSP432P401R.aem4f : I2CMSP432.oem4f (.text:I2CMSP432_close)
                  0000440a    00000066     ti.targets.arm.rtsarm.aem4f : Core-mem.oem4f (.text:xdc_runtime_Core_deleteObject__I)
                  00004470    00000064     sysbios.aem4f : BIOS.obj (.text:ti_sysbios_family_arm_m3_Hwi_dispatchC__I)
                  000044d4    00000062     tirtosport.aem4f : HwiP_tirtos.oem4f (.text:HwiP_create)
                  00004536    00000062     ti.sysbios.fatfs.aem4f : ff.oem4f (.text:remove_chain)
                  00004598    00000060     sysbios.aem4f : BIOS.obj (.text:ti_sysbios_family_arm_msp432_Timer_Module_startup__E)
                  000045f8    0000005e     drivers_MSP432P401R.aem4f : SDSPIMSP432.oem4f (.text:SDSPIMSP432_close)
                  00004656    0000005e     ti.sysbios.fatfs.aem4f : ff.oem4f (.text:dir_register)
                  000046b4    00000004                            : syncsysbios.oem4f (.text:ff_rel_grant)
                  000046b8    0000005c     sysbios.aem4f : BIOS.obj (.text:ti_sysbios_knl_Swi_run__I)
                  00004714    00000004     ti.sysbios.fatfs.aem4f : diskio.oem4f (.text:get_fattime)
                  00004718    0000005c     sysbios.aem4f : BIOS.obj (.text:ti_sysbios_knl_Swi_schedule__I)
                  00004774    00000004     hdc1008rtos_pem4f.oem4f (.text:ti_sysbios_BIOS_RtsGateProxy_enter__E)
                  00004778    0000005c     sysbios.aem4f : BIOS.obj (.text:ti_sysbios_knl_Task_Module_startup__E)
                  000047d4    00000004     hdc1008rtos_pem4f.oem4f (.text:ti_sysbios_BIOS_RtsGateProxy_leave__E)
                  000047d8    0000005c     sysbios.aem4f : BIOS.obj (.text:ti_sysbios_knl_Task_startCore__E)
                  00004834    00000058     tirtosport.aem4f : SemaphoreP_tirtos.oem4f (.text:SemaphoreP_create)
                  0000488c    00000058     boot.aem4f : boot.oem4f (.text)
                  000048e4    00000058     hdc1008rtos_pem4f.oem4f (.text:ti_sysbios_family_arm_m3_Hwi_construct)
                  0000493c    00000058     sysbios.aem4f : m3_Hwi_asm_switch.obj (.text:ti_sysbios_family_arm_m3_Hwi_initStacks__E)
                  00004994    00000054     drivers_MSP432P401R.aem4f : GPIOMSP432.oem4f (.text:GPIO_hwiIntFxn)
                  000049e8    00000054                               : GPIOMSP432.oem4f (.text:GPIO_setCallback)
                  00004a3c    00000054                               : I2CMSP432.oem4f (.text:initHw)
                  00004a90    00000054                               : SDSPIMSP432.oem4f (.text:send_initial_clock_train)
                  00004ae4    00000004     hdc1008rtos_pem4f.oem4f (.text:ti_sysbios_family_arm_m3_Hwi_destruct)
                  00004ae8    00000054     sysbios.aem4f : BIOS.obj (.text:ti_sysbios_family_arm_m3_Timer_start__E)
                  00004b3c    00000004     hdc1008rtos_pem4f.oem4f (.text:ti_sysbios_family_arm_m3_TaskSupport_Module__startupDone__S)
                  00004b40    00000054     sysbios.aem4f : BIOS.obj (.text:ti_sysbios_family_arm_msp432_Timer_initDevice__I)
                  00004b94    00000004     hdc1008rtos_pem4f.oem4f (.text:ti_sysbios_heaps_HeapMem_Module_GateProxy_enter__E)
                  00004b98    00000054     sysbios.aem4f : BIOS.obj (.text:ti_sysbios_family_arm_msp432_init_Boot_configureClocksHigh)
                  00004bec    00000054     ti.targets.arm.rtsarm.aem4f : Assert.oem4f (.text:xdc_runtime_Assert_raise__I)
                  00004c40    00000050     drivers_MSP432P401R.aem4f : GPIOMSP432.oem4f (.text:GPIO_write)
                  00004c90    00000050     msp432p4xx_driverlib.lib : pcm.o (.text:PCM_shutdownDevice)
                  00004ce0    00000050     power_tirtos_MSP432P401R.aem4f : PowerMSP432_tirtos.oem4f (.text:PowerMSP432_policyFxn)
                  00004d30    00000050     sysbios.aem4f : BIOS.obj (.text:ti_sysbios_family_arm_m3_Hwi_Module_startup__E)
                  00004d80    00000050     ti.targets.arm.rtsarm.aem4f : Startup.oem4f (.text:xdc_runtime_Startup_exec__E)
                  00004dd0    0000004c     msp432p4xx_driverlib.lib : gpio.o (.text:GPIO_setAsPeripheralModuleFunctionInputPin)
                  00004e1c    0000004c                              : gpio.o (.text:GPIO_setAsPeripheralModuleFunctionOutputPin)
                  00004e68    0000004c     rtsv7M4_T_le_v4SPD16_eabi.lib : cpy_tbl.obj (.text)
                  00004eb4    0000004c                                   : localtim.obj (.text)
                  00004f00    0000004c     sysbios.aem4f : BIOS.obj (.text:ti_sysbios_family_arm_msp432_Timer_start__E)
                  00004f4c    0000004c     hdc1008rtos_pem4f.oem4f (.text:ti_sysbios_fatfs_startup)
                  00004f98    0000004c     sysbios.aem4f : BIOS.obj (.text:ti_sysbios_heaps_HeapMem_getStats__E)
                  00004fe4    00000004     hdc1008rtos_pem4f.oem4f (.text:ti_sysbios_heaps_HeapMem_Module_GateProxy_leave__E)
                  00004fe8    0000004c     sysbios.aem4f : BIOS.obj (.text:ti_sysbios_knl_Swi_runLoop__I)
                  00005034    00000004     hdc1008rtos_pem4f.oem4f (.text:ti_sysbios_knl_Clock_TimerProxy_getFreq__E)
                  00005038    0000004c     sysbios.aem4f : BIOS.obj (.text:ti_sysbios_knl_Task_allBlockedFunction__I)
                  00005084    00000004     hdc1008rtos_pem4f.oem4f (.text:ti_sysbios_knl_Clock_TimerProxy_getMaxTicks__E)
                  00005088    0000004c     sysbios.aem4f : BIOS.obj (.text:ti_sysbios_knl_Task_schedule__I)
                  000050d4    00000048     ti.sysbios.fatfs.aem4f : ff.oem4f (.text:dir_find)
                  0000511c    00000004     hdc1008rtos_pem4f.oem4f (.text:ti_sysbios_knl_Clock_TimerProxy_getPeriod__E)
                  00005120    00000048     sysbios.aem4f : BIOS.obj (.text:ti_sysbios_family_arm_m3_Hwi_disableInterrupt__E)
                  00005168    00000048                   : BIOS.obj (.text:ti_sysbios_family_arm_m3_Hwi_enableInterrupt__E)
                  000051b0    00000048                   : BIOS.obj (.text:ti_sysbios_family_arm_m3_Timer_initDevice__I)
                  000051f8    00000048                   : BIOS.obj (.text:ti_sysbios_family_arm_m3_Timer_setPeriod__E)
                  00005240    00000048                   : BIOS.obj (.text:ti_sysbios_hal_SecondsClock_increment__I)
                  00005288    00000046     ti.targets.arm.rtsarm.aem4f : Core-params.oem4f (.text:xdc_runtime_Core_assignParams__I)
                  000052ce    00000002     --HOLE-- [fill = 0]
                  000052d0    00000044     ti.sysbios.fatfs.aem4f : ff.oem4f (.text:f_mount)
                  00005314    00000044     drivers_MSP432P401R.aem4f : SDSPIMSP432.oem4f (.text:initHw)
                  00005358    00000044     rtsv7M4_T_le_v4SPD16_eabi.lib : exit.obj (.text)
                  0000539c    00000004     hdc1008rtos_pem4f.oem4f (.text:ti_sysbios_knl_Queue_destruct)
                  000053a0    00000044     sysbios.aem4f : BIOS.obj (.text:ti_sysbios_family_arm_m3_Hwi_getStackInfo__E)
                  000053e4    00000004     hdc1008rtos_pem4f.oem4f (.text:ti_sysbios_knl_Semaphore_delete)
                  000053e8    00000044     sysbios.aem4f : BIOS.obj (.text:ti_sysbios_knl_Swi_post__E)
                  0000542c    00000044     ti.targets.arm.rtsarm.aem4f : Error.oem4f (.text:xdc_runtime_Error_setX__E)
                  00005470    00000044                                 : SysMin.oem4f (.text:xdc_runtime_SysMin_flush__E)
                  000054b4    00000042     drivers_MSP432P401R.aem4f : I2CMSP432.oem4f (.text:completeTransfer)
                  000054f6    00000002     --HOLE-- [fill = 0]
                  000054f8    00000040     msp432p4xx_driverlib.lib : flash.o (.text:FlashCtl_disableReadBuffering)
                  00005538    00000040                              : i2c.o (.text:I2C_masterSendMultiByteFinish)
                  00005578    00000040     ti.sysbios.fatfs.aem4f : ff.oem4f (.text:dir_read)
                  000055b8    00000040     drivers_MSP432P401R.aem4f : PowerMSP432.oem4f (.text:notify)
                  000055f8    00000040     rtsv7M4_T_le_v4SPD16_eabi.lib : u_divt2.obj (.text)
                  00005638    00000040     sysbios.aem4f : BIOS.obj (.text:ti_sysbios_family_arm_msp432_Timer_startup__E)
                  00005678    00000040                   : BIOS.obj (.text:ti_sysbios_heaps_HeapMem_Instance_init__E)
                  000056b8    0000003e     msp432p4xx_driverlib.lib : i2c.o (.text:I2C_initMaster)
                  000056f6    00000002     --HOLE-- [fill = 0]
                  000056f8    0000003c     sysbios.aem4f : BIOS.obj (.text:ti_sysbios_family_arm_m3_TaskSupport_start__E)
                  00005734    00000004     hdc1008rtos_pem4f.oem4f (.text:ti_sysbios_knl_Semaphore_destruct)
                  00005738    0000003c     sysbios.aem4f : BIOS.obj (.text:ti_sysbios_family_arm_msp432_Timer_getFreq__E)
                  00005774    00000004     hdc1008rtos_pem4f.oem4f (.text:xdc_runtime_System_Module_GateProxy_enter__E)
                  00005778    0000003c     sysbios.aem4f : BIOS.obj (.text:ti_sysbios_heaps_HeapMem_init__I)
                  000057b4    00000004     hdc1008rtos_pem4f.oem4f (.text:xdc_runtime_System_Module_GateProxy_leave__E)
                  000057b8    0000003c     sysbios.aem4f : BIOS.obj (.text:ti_sysbios_knl_Swi_restore__E)
                  000057f4    00000038     drivers_MSP432P401R.aem4f : I2C.oem4f (.text:I2C_init)
                  0000582c    00000038                               : SDSPI.oem4f (.text:SDSPI_init)
                  00005864    00000038                               : I2CMSP432.oem4f (.text:perfChangeNotifyFxn)
                  0000589c    00000038                               : SDSPIMSP432.oem4f (.text:perfChangeNotifyFxn)
                  000058d4    00000038     ti.targets.arm.rtsarm.aem4f : SysMin.oem4f (.text:xdc_runtime_SysMin_putch__E)
                  0000590c    00000038                                 : System.oem4f (.text:xdc_runtime_System_atexit__E)
                  00005944    00000036     hdc1008rtos_pem4f.oem4f (.text:ti_sysbios_fatfs_getFatTime)
                  0000597a    00000002     --HOLE-- [fill = 0]
                  0000597c    00000034     msp432p4xx_driverlib.lib : flash.o (.text:FlashCtl_enableReadBuffering)
                  000059b0    00000034     drivers_MSP432P401R.aem4f : PowerMSP432.oem4f (.text:Power_init)
                  000059e4    00000034     ti.sysbios.fatfs.aem4f : ffcio.oem4f (.text:ffcio_lseek)
                  00005a18    00000034     sysbios.aem4f : BIOS.obj (.text:ti_sysbios_family_arm_m3_Timer_periodicStub__I)
                  00005a4c    00000034     hdc1008rtos_pem4f.oem4f (.text:ti_sysbios_knl_Semaphore_create)
                  00005a80    00000034     ti.targets.arm.rtsarm.aem4f : Core-label.oem4f (.text:xdc_runtime_Core_assignLabel__I)
                  00005ab4    00000004     --HOLE-- [fill = 0]
                  00005ab8    00000032     sysbios.aem4f : BIOS.obj (.text:ti_sysbios_hal_Hwi_initStack)
                  00005aea    00000002     --HOLE-- [fill = 0]
                  00005aec    00000030     msp432p4xx_driverlib.lib : gpio.o (.text:GPIO_getEnabledInterruptStatus)
                  00005b1c    00000030                              : gpio.o (.text:GPIO_setAsInputPinWithPullDownResistor)
                  00005b4c    00000030                              : gpio.o (.text:GPIO_setAsInputPinWithPullUpResistor)
                  00005b7c    00000030                              : spi.o (.text:is_A_Module)
                  00005bac    00000030     rtsv7M4_T_le_v4SPD16_eabi.lib : strncpy.obj (.text)
                  00005bdc    00000030     hdc1008rtos_pem4f.oem4f (.text:ti_sysbios_BIOS_atExitFunc__I)
                  00005c0c    00000004     --HOLE-- [fill = 0]
                  00005c10    00000030     sysbios.aem4f : BIOS.obj (.text:ti_sysbios_family_arm_msp432_Timer_setPeriod__E)
                  00005c40    00000030     hdc1008rtos_pem4f.oem4f (.text:ti_sysbios_gates_GateHwi_Object__create__S)
                  00005c70    00000030     hdc1008rtos_pem4f.oem4f (.text:ti_sysbios_gates_GateMutex_Object__create__S)
                  00005ca0    00000030     sysbios.aem4f : BIOS.obj (.text:ti_sysbios_gates_GateMutex_enter__E)
                  00005cd0    00000030     hdc1008rtos_pem4f.oem4f (.text:ti_sysbios_heaps_HeapMem_Object__create__S)
                  00005d00    00000030     hdc1008rtos_pem4f.oem4f (.text:ti_sysbios_knl_Semaphore_construct)
                  00005d30    00000030     sysbios.aem4f : BIOS.obj (.text:ti_sysbios_knl_Semaphore_pendTimeout__I)
                  00005d60    00000030                   : BIOS.obj (.text:ti_sysbios_knl_Task_processVitalTaskFlag__I)
                  00005d90    00000030                   : BIOS.obj (.text:ti_sysbios_knl_Task_unblockI__E)
                  00005dc0    00000030     ti.sysbios.fatfs.aem4f : ff.oem4f (.text:validate)
                  00005df0    00000030     ti.targets.arm.rtsarm.aem4f : SysMin.oem4f (.text:xdc_runtime_SysMin_abort__E)
                  00005e20    00000030                                 : System.oem4f (.text:xdc_runtime_System_processAtExit__E)
                  00005e50    0000002c     msp432p4xx_driverlib.lib : gpio.o (.text:GPIO_setAsInputPin)
                  00005e7c    0000002c                              : pcm.o (.text:PCM_getCoreVoltageLevel)
                  00005ea8    0000002c     power_tirtos_MSP432P401R.aem4f : PowerMSP432_tirtos.oem4f (.text:PowerMSP432_updateFreqs)
                  00005ed4    0000002c     drivers_MSP432P401R.aem4f : PowerMSP432.oem4f (.text:Power_releaseConstraint)
                  00005f00    0000002c                               : PowerMSP432.oem4f (.text:Power_setConstraint)
                  00005f2c    0000002c     ti.sysbios.fatfs.aem4f : diskio.oem4f (.text:disk_register)
                  00005f58    0000002c     hdc1008rtos_pem4f.oem4f (.text:ti_sysbios_BIOS_startFunc__I)
                  00005f84    00000004     --HOLE-- [fill = 0]
                  00005f88    0000002c     sysbios.aem4f : BIOS.obj (.text:ti_sysbios_family_arm_m3_Hwi_Instance_finalize__E)
                  00005fb4    0000002c     hdc1008rtos_pem4f.oem4f (.text:ti_sysbios_knl_Clock_doTick__I)
                  00005fe0    0000002c     hdc1008rtos_pem4f.oem4f (.text:ti_sysbios_knl_Queue_construct)
                  0000600c    00000004     --HOLE-- [fill = 0]
                  00006010    0000002c     sysbios.aem4f : BIOS.obj (.text:ti_sysbios_knl_Task_restore__E)
                  0000603c    0000002c     ti.targets.arm.rtsarm.aem4f : Text.oem4f (.text:xdc_runtime_Text_cordText__E)
                  00006068    0000002a     msp432p4xx_driverlib.lib : pcm.o (.text:PCM_getPowerMode)
                  00006092    00000002     --HOLE-- [fill = 0]
                  00006094    00000028                              : flash.o (.text:FlashCtl_setWaitState)
                  000060bc    00000028                              : pcm.o (.text:PCM_gotoLPM0)
                  000060e4    00000028     ti.sysbios.fatfs.aem4f : diskio.oem4f (.text:disk_unregister)
                  0000610c    00000004     --HOLE-- [fill = 0]
                  00006110    00000028     sysbios.aem4f : BIOS.obj (.text:ti_sysbios_knl_Clock_addI__E)
                  00006138    00000028                   : BIOS.obj (.text:ti_sysbios_knl_Swi_Module_startup__E)
                  00006160    00000026     drivers_MSP432P401R.aem4f : List.oem4f (.text:List_put)
                  00006186    00000026     msp432p4xx_driverlib.lib : spi.o (.text:SPI_changeMasterClock)
                  000061ac    00000026     sysbios.aem4f : m3_Hwi_asm.obj (.text:ti_sysbios_family_arm_m3_Hwi_pendSV__I)
                  000061d2    00000002     --HOLE-- [fill = 0]
                  000061d4    00000024     msp432p4xx_driverlib.lib : cs.o (.text:CS_setDCOCenteredFrequency)
                  000061f8    00000024                              : gpio.o (.text:GPIO_setAsOutputPin)
                  0000621c    00000024                              : i2c.o (.text:I2C_masterSendMultiByteNext)
                  00006240    00000024                              : rtc_c.o (.text:RTC_C_holdClock)
                  00006264    00000024                              : rtc_c.o (.text:RTC_C_startClock)
                  00006288    00000024     ti.sysbios.fatfs.aem4f : ff.oem4f (.text:dir_remove)
                  000062ac    00000024                            : diskio.oem4f (.text:disk_ioctl)
                  000062d0    00000024                            : ffcio.oem4f (.text:ffcio_close)
                  000062f4    00000024     hdc1008rtos_pem4f.oem4f (.text:ti_sysbios_BIOS_registerRTSLock__I)
                  00006318    00000024     hdc1008rtos_pem4f.oem4f (.text:ti_sysbios_BIOS_removeRTSLock__I)
                  0000633c    00000004     --HOLE-- [fill = 0]
                  00006340    00000024     sysbios.aem4f : BIOS.obj (.text:ti_sysbios_family_arm_m3_Timer_Module_startup__E)
                  00006364    00000004     --HOLE-- [fill = 0]
                  00006368    00000024                   : BIOS.obj (.text:ti_sysbios_family_arm_m3_Timer_postInit__I)
                  0000638c    00000004     --HOLE-- [fill = 0]
                  00006390    00000024                   : BIOS.obj (.text:ti_sysbios_family_arm_m3_Timer_startup__E)
                  000063b4    00000004     --HOLE-- [fill = 0]
                  000063b8    00000024                   : BIOS.obj (.text:ti_sysbios_family_arm_msp432_ClockFreqs_setFrequency__E)
                  000063dc    00000024     hdc1008rtos_pem4f.oem4f (.text:ti_sysbios_gates_GateMutex_Object__delete__S)
                  00006400    00000024     sysbios.aem4f : BIOS.obj (.text:ti_sysbios_knl_Clock_Module_startup__E)
                  00006424    00000004     --HOLE-- [fill = 0]
                  00006428    00000024                   : BIOS.obj (.text:ti_sysbios_knl_Clock_start__E)
                  0000644c    00000004     --HOLE-- [fill = 0]
                  00006450    00000024                   : BIOS.obj (.text:ti_sysbios_knl_Semaphore_Instance_init__E)
                  00006474    00000024     hdc1008rtos_pem4f.oem4f (.text:ti_sysbios_knl_Semaphore_Object__delete__S)
                  00006498    00000024     sysbios.aem4f : BIOS.obj (.text:ti_sysbios_knl_Task_restoreHwi__E)
                  000064bc    00000022     hdc1008rtos_pem4f.oem4f (.text:xdc_runtime_SysMin_output__I)
                  000064de    00000002     --HOLE-- [fill = 0]
                  000064e0    00000020     msp432p4xx_driverlib.lib : gpio.o (.text:GPIO_interruptEdgeSelect)
                  00006500    00000020     drivers_MSP432P401R.aem4f : PowerMSP432.oem4f (.text:PowerMSP432_getFreqs)
                  00006520    00000020                               : PowerMSP432.oem4f (.text:Power_idleFunc)
                  00006540    00000020                               : PowerMSP432.oem4f (.text:Power_unregisterNotify)
                  00006560    00000020     msp432p4xx_driverlib.lib : spi.o (.text:SPI_getInterruptStatus)
                  00006580    00000020                              : spi.o (.text:SPI_transmitData)
                  000065a0    00000020     ti.sysbios.fatfs.aem4f : ffcio.oem4f (.text:ffcio_read)
                  000065c0    00000020                            : ffcio.oem4f (.text:ffcio_write)
                  000065e0    00000020     hdc1008rtos_pem4f.oem4f (.text:ti_sysbios_BIOS_rtsLock__I)
                  00006600    00000020     sysbios.aem4f : m3_Hwi_asm.obj (.text:ti_sysbios_family_arm_m3_Hwi_excHandlerAsm__I)
                  00006620    00000020                   : BIOS.obj (.text:ti_sysbios_family_arm_m3_Hwi_excHandler__I)
                  00006640    00000020                   : BIOS.obj (.text:ti_sysbios_family_arm_m3_TimestampProvider_Module_startup__E)
                  00006660    00000020     hdc1008rtos_pem4f.oem4f (.text:ti_sysbios_gates_GateHwi_Object__delete__S)
                  00006680    00000020     hdc1008rtos_pem4f.oem4f (.text:ti_sysbios_heaps_HeapMem_Object__delete__S)
                  000066a0    00000020     sysbios.aem4f : BIOS.obj (.text:ti_sysbios_knl_Idle_run__E)
                  000066c0    00000020     hdc1008rtos_pem4f.oem4f (.text:ti_sysbios_knl_Semaphore_Object__destruct__S)
                  000066e0    00000020     ti.targets.arm.rtsarm.aem4f : SysMin.oem4f (.text:xdc_runtime_SysMin_Module_startup__E)
                  00006700    0000001e     sysbios.aem4f : m3_Hwi_asm_switch.obj (.text:ti_sysbios_family_xxx_Hwi_switchAndRunFunc)
                  0000671e    00000002     --HOLE-- [fill = 0]
                  00006720    0000001c     drivers_MSP432P401R.aem4f : PowerMSP432.oem4f (.text:Power_registerNotify)
                  0000673c    0000001c     ti.sysbios.fatfs.aem4f : diskio.oem4f (.text:disk_initialize)
                  00006758    0000001c                            : diskio.oem4f (.text:disk_read)
                  00006774    0000001c                            : diskio.oem4f (.text:disk_status)
                  00006790    0000001c                            : diskio.oem4f (.text:disk_write)
                  000067ac    0000001c                            : ff.oem4f (.text:mem_cmp)
                  000067c8    0000001c     hdc1008rtos_pem4f.oem4f (.text:ti_sysbios_family_arm_m3_Hwi_Object__destruct__S)
                  000067e4    00000004     --HOLE-- [fill = 0]
                  000067e8    0000001c     sysbios.aem4f : BIOS.obj (.text:ti_sysbios_family_arm_m3_Timer_stop__E)
                  00006804    00000004     --HOLE-- [fill = 0]
                  00006808    0000001c                   : BIOS.obj (.text:ti_sysbios_gates_GateMutex_Instance_init__E)
                  00006824    0000001c     hdc1008rtos_pem4f.oem4f (.text:ti_sysbios_knl_Queue_Object__destruct__S)
                  00006840    0000001c     sysbios.aem4f : BIOS.obj (.text:ti_sysbios_knl_Queue_put__E)
                  0000685c    00000004     --HOLE-- [fill = 0]
                  00006860    0000001c                   : BIOS.obj (.text:ti_sysbios_knl_Task_enter__I)
                  0000687c    0000001c     ti.targets.arm.rtsarm.aem4f : Error.oem4f (.text:xdc_runtime_Error_raiseX__E)
                  00006898    0000001c                                 : Memory.oem4f (.text:xdc_runtime_Memory_valloc__E)
                  000068b4    0000001c                                 : SysMin.oem4f (.text:xdc_runtime_SysMin_exit__E)
                  000068d0    0000001c                                 : System.oem4f (.text:xdc_runtime_System_abort__E)
                  000068ec    0000001a     drivers_MSP432P401R.aem4f : List.oem4f (.text:List_remove)
                  00006906    0000001a     msp432p4xx_driverlib.lib : spi.o (.text:SPI_disableModule)
                  00006920    0000001a                              : spi.o (.text:SPI_enableModule)
                  0000693a    0000001a                              : spi.o (.text:SPI_receiveData)
                  00006954    0000001a     ti.sysbios.fatfs.aem4f : syncsysbios.oem4f (.text:ff_cre_syncobj)
                  0000696e    00000018     msp432p4xx_driverlib.lib : spi.o (.text:EUSCI_A_SPI_masterChangeClock)
                  00006986    00000018                              : spi.o (.text:EUSCI_B_SPI_masterChangeClock)
                  0000699e    00000002     --HOLE-- [fill = 0]
                  000069a0    00000018                              : gpio.o (.text:GPIO_clearInterruptFlag)
                  000069b8    00000018                              : gpio.o (.text:GPIO_setDriveStrengthLow)
                  000069d0    00000018                              : gpio.o (.text:GPIO_setOutputLowOnPin)
                  000069e8    00000018                              : i2c.o (.text:I2C_masterIsStartSent)
                  00006a00    00000018                              : wdt_a.o (.text:WDT_A_holdTimer)
                  00006a18    00000018     ti.sysbios.fatfs.aem4f : ff.oem4f (.text:clust2sect)
                  00006a30    00000018     rtsv7M4_T_le_v4SPD16_eabi.lib : args_main.obj (.text)
                  00006a48    00000018                                   : strcmp.obj (.text)
                  00006a60    00000018     hdc1008rtos_pem4f.oem4f (.text:ti_sysbios_BIOS_rtsUnlock__I)
                  00006a78    00000018     hdc1008rtos_pem4f.oem4f (.text:ti_sysbios_family_arm_m3_Hwi_Module__startupDone__F)
                  00006a90    00000018     sysbios.aem4f : m3_TaskSupport_asm.obj (.text:ti_sysbios_family_arm_m3_TaskSupport_swap__E)
                  00006aa8    00000018     hdc1008rtos_pem4f.oem4f (.text:ti_sysbios_family_arm_msp432_Timer_Module__startupDone__F)
                  00006ac0    00000018     hdc1008rtos_pem4f.oem4f (.text:ti_sysbios_gates_GateHwi_Handle__label__S)
                  00006ad8    00000018     hdc1008rtos_pem4f.oem4f (.text:ti_sysbios_gates_GateMutex_Handle__label__S)
                  00006af0    00000018     sysbios.aem4f : BIOS.obj (.text:ti_sysbios_gates_GateMutex_leave__E)
                  00006b08    00000018     hdc1008rtos_pem4f.oem4f (.text:ti_sysbios_heaps_HeapMem_Handle__label__S)
                  00006b20    00000018     hdc1008rtos_pem4f.oem4f (.text:ti_sysbios_knl_Clock_Module__startupDone__F)
                  00006b38    00000018     hdc1008rtos_pem4f.oem4f (.text:time)
                  00006b50    00000018     ti.sysbios.fatfs.aem4f : ff.oem4f (.text:unlock_fs)
                  00006b68    00000018     ti.targets.arm.rtsarm.aem4f : Error.oem4f (.text:xdc_runtime_Error_check__E)
                  00006b80    00000018                                 : System.oem4f (.text:xdc_runtime_System_exit__E)
                  00006b98    00000018                                 : Text.oem4f (.text:xdc_runtime_Text_ropeText__E)
                  00006bb0    00000016     tirtosport.aem4f : HwiP_tirtos.oem4f (.text:HwiP_delete)
                  00006bc6    00000016                      : SemaphoreP_tirtos.oem4f (.text:SemaphoreP_delete)
                  00006bdc    00000016     ti.sysbios.fatfs.aem4f : ff.oem4f (.text:mem_cpy)
                  00006bf2    00000016     rtsv7M4_T_le_v4SPD16_eabi.lib : strchr.obj (.text)
                  00006c08    00000016     hdc1008rtos_pem4f.oem4f (.text:ti_sysbios_BIOS_errorRaiseHook__I)
                  00006c1e    00000016     hdc1008rtos_pem4f.oem4f (.text:ti_sysbios_BIOS_exitFunc__I)
                  00006c34    00000004     --HOLE-- [fill = 0]
                  00006c38    00000016     sysbios.aem4f : BIOS.obj (.text:ti_sysbios_knl_Task_unblock__E)
                  00006c4e    00000002     --HOLE-- [fill = 0]
                  00006c50    00000014     msp432p4xx_driverlib.lib : gpio.o (.text:GPIO_setDriveStrengthHigh)
                  00006c64    00000014                              : gpio.o (.text:GPIO_setOutputHighOnPin)
                  00006c78    00000014                              : wdt_a.o (.text:WDT_A_startTimer)
                  00006c8c    00000014     ti.sysbios.fatfs.aem4f : ff.oem4f (.text:mem_set)
                  00006ca0    00000014     rtsv7M4_T_le_v4SPD16_eabi.lib : _lock.obj (.text)
                  00006cb4    00000014                                   : strcpy.obj (.text)
                  00006cc8    00000014                                   : strlen.obj (.text)
                  00006cdc    00000014     hdc1008rtos_pem4f.oem4f (.text:ti_sysbios_family_arm_m3_Hwi_Object__get__S)
                  00006cf0    00000014     sysbios.aem4f : BIOS.obj (.text:ti_sysbios_family_arm_m3_Hwi_switchFromBootStack__E)
                  00006d04    00000014     hdc1008rtos_pem4f.oem4f (.text:ti_sysbios_heaps_HeapMem_Object__get__S)
                  00006d18    00000014     hdc1008rtos_pem4f.oem4f (.text:ti_sysbios_knl_Swi_Object__get__S)
                  00006d2c    00000012     MSP_EXP432P401R.obj (.text:MSP_EXP432P401R_initI2C)
                  00006d3e    00000012     drivers_MSP432P401R.aem4f : SDSPIMSP432.oem4f (.text:SDSPIMSP432_init)
                  00006d50    00000012     tirtosport.aem4f : SemaphoreP_tirtos.oem4f (.text:SemaphoreP_pend)
                  00006d62    00000012     ti.sysbios.fatfs.aem4f : ff.oem4f (.text:chk_chr)
                  00006d74    00000012                            : ffcio.oem4f (.text:ffcio_rename)
                  00006d86    00000012                            : ffcio.oem4f (.text:ffcio_unlink)
                  00006d98    00000012     sysbios.aem4f : BIOS.obj (.text:ti_sysbios_hal_Hwi_Module_startup__E)
                  00006daa    00000012     hdc1008rtos_pem4f.oem4f (.text:xdc_runtime_Startup_exec__I)
                  00006dbc    00000010     msp432p4xx_driverlib.lib : gpio.o (.text:GPIO_getInterruptStatus)
                  00006dcc    00000010                              : i2c.o (.text:I2C_masterReceiveMultiByteStop)
                  00006ddc    00000010                              : i2c.o (.text:I2C_masterReceiveStart)
                  00006dec    00000010                              : i2c.o (.text:I2C_masterSendStart)
                  00006dfc    00000010                              : pcm.o (.text:PCM_getPowerState)
                  00006e0c    00000010     drivers_MSP432P401R.aem4f : SDSPIMSP432.oem4f (.text:SDSPIMSP432_diskStatus)
                  00006e1c    00000010     ti.sysbios.fatfs.aem4f : ff.oem4f (.text:f_close)
                  00006e2c    00000004     --HOLE-- [fill = 0]
                  00006e30    00000010     sysbios.aem4f : BIOS.obj (.text:ti_sysbios_BIOS_exit__E)
                  00006e40    00000010                   : BIOS.obj (.text:ti_sysbios_BIOS_setCpuFreq__E)
                  00006e50    00000010                   : BIOS.obj (.text:ti_sysbios_BIOS_setThreadType__E)
                  00006e60    00000010                   : BIOS.obj (.text:ti_sysbios_BIOS_start__E)
                  00006e70    00000010                   : m3_TaskSupport_asm.obj (.text:ti_sysbios_family_arm_m3_TaskSupport_glue)
                  00006e80    00000010                   : BIOS.obj (.text:ti_sysbios_family_arm_msp432_init_Boot_disableWatchdog)
                  00006e90    00000010                   : BIOS.obj (.text:ti_sysbios_gates_GateMutex_Instance_finalize__E)
                  00006ea0    00000010     hdc1008rtos_pem4f.oem4f (.text:ti_sysbios_knl_Queue_Object__get__S)
                  00006eb0    00000010     sysbios.aem4f : BIOS.obj (.text:ti_sysbios_knl_Semaphore_Instance_finalize__E)
                  00006ec0    00000010                   : BIOS.obj (.text:ti_sysbios_knl_Swi_disable__E)
                  00006ed0    00000010     hdc1008rtos_pem4f.oem4f (.text:ti_sysbios_knl_Task_Object__get__S)
                  00006ee0    00000010     sysbios.aem4f : BIOS.obj (.text:ti_sysbios_knl_Task_disable__E)
                  00006ef0    00000010     ti.targets.arm.rtsarm.aem4f : Gate.oem4f (.text:xdc_runtime_Gate_leaveSystem__E)
                  00006f00    00000010                                 : Memory.oem4f (.text:xdc_runtime_Memory_free__E)
                  00006f10    0000000e     tirtosport.aem4f : HwiP_tirtos.oem4f (.text:HwiP_Params_init)
                  00006f1e    0000000e     msp432p4xx_driverlib.lib : i2c.o (.text:I2C_clearInterruptFlag)
                  00006f2c    0000000e                              : i2c.o (.text:I2C_disableInterrupt)
                  00006f3a    0000000e                              : i2c.o (.text:I2C_setMode)
                  00006f48    0000000e     rtsv7M4_T_le_v4SPD16_eabi.lib : copy_decompress_none.obj (.text:decompress:none)
                  00006f56    0000000e     ti.sysbios.fatfs.aem4f : syncsysbios.oem4f (.text:ff_del_syncobj)
                  00006f64    00000004     --HOLE-- [fill = 0]
                  00006f68    0000000e     sysbios.aem4f : BIOS.obj (.text:ti_sysbios_knl_Idle_loop__E)
                  00006f76    00000002     --HOLE-- [fill = 0]
                  00006f78    0000000e                   : BIOS.obj (.text:ti_sysbios_knl_Queue_empty__E)
                  00006f86    0000000c     hdc1008rtos_pem4f.oem4f (.text:.bootCodeSection:ti_sysbios_family_arm_msp432_init_Boot_init__I)
                  00006f92    0000000c     msp432p4xx_driverlib.lib : cpu.o (.text:CPU_cpsid)
                  00006f9e    0000000c                              : cpu.o (.text:CPU_cpsie)
                  00006faa    00000002     --HOLE-- [fill = 0]
                  00006fac    0000000c     tirtosport.aem4f : ClockP_tirtos.oem4f (.text:ClockP_getSystemTickPeriod)
                  00006fb8    0000000c     msp432p4xx_driverlib.lib : spi.o (.text:EUSCI_A_SPI_disable)
                  00006fc4    0000000c                              : spi.o (.text:EUSCI_A_SPI_enable)
                  00006fd0    0000000c                              : spi.o (.text:EUSCI_B_SPI_disable)
                  00006fdc    0000000c                              : spi.o (.text:EUSCI_B_SPI_enable)
                  00006fe8    0000000c                              : i2c.o (.text:I2C_disableModule)
                  00006ff4    0000000c                              : i2c.o (.text:I2C_enableModule)
                  00007000    0000000c     drivers_MSP432P401R.aem4f : PowerMSP432.oem4f (.text:Power_getConstraintMask)
                  0000700c    0000000c                               : PowerMSP432.oem4f (.text:Power_getPerformanceLevel)
                  00007018    0000000c     rtsv7M4_T_le_v4SPD16_eabi.lib : copy_zero_init.obj (.text:decompress:ZI)
                  00007024    0000000c     hdc1008rtos_pem4f.oem4f (.text:ti_sysbios_family_arm_m3_Hwi_Params__init__S)
                  00007030    0000000c     sysbios.aem4f : BIOS.obj (.text:ti_sysbios_family_arm_m3_Hwi_disableFxn__E)
                  0000703c    00000004     --HOLE-- [fill = 0]
                  00007040    0000000c                   : BIOS.obj (.text:ti_sysbios_family_arm_m3_TimestampProvider_startTimer__E)
                  0000704c    00000004     --HOLE-- [fill = 0]
                  00007050    0000000c                   : BIOS.obj (.text:ti_sysbios_family_arm_msp432_Timer_getMaxTicks__E)
                  0000705c    00000004     --HOLE-- [fill = 0]
                  00007060    0000000c                   : BIOS.obj (.text:ti_sysbios_gates_GateHwi_enter__E)
                  0000706c    00000004     --HOLE-- [fill = 0]
                  00007070    0000000c                   : BIOS.obj (.text:ti_sysbios_hal_SecondsClock_get__E)
                  0000707c    00000004     --HOLE-- [fill = 0]
                  00007080    0000000c                   : BIOS.obj (.text:ti_sysbios_knl_Clock_getTicks__E)
                  0000708c    0000000c     hdc1008rtos_pem4f.oem4f (.text:ti_sysbios_knl_Semaphore_Params__init__S)
                  00007098    0000000c     ti.targets.arm.rtsarm.aem4f : Error.oem4f (.text:xdc_runtime_Error_init__E)
                  000070a4    0000000c                                 : Gate.oem4f (.text:xdc_runtime_Gate_enterSystem__E)
                  000070b0    0000000c                                 : Memory.oem4f (.text:xdc_runtime_Memory_calloc__E)
                  000070bc    0000000c                                 : Memory.oem4f (.text:xdc_runtime_Memory_getMaxDefaultTypeAlign__E)
                  000070c8    0000000a     drivers_MSP432P401R.aem4f : I2CMSP432.oem4f (.text:I2CMSP432_init)
                  000070d2    0000000a     tirtosport.aem4f : SemaphoreP_tirtos.oem4f (.text:SemaphoreP_post)
                  000070dc    0000000a     hdc1008rtos_pem4f.oem4f (.text:xdc_runtime_IHeap_alloc)
                  000070e6    0000000a     hdc1008rtos_pem4f.oem4f (.text:xdc_runtime_IHeap_free)
                  000070f0    00000008     msp432p4xx_driverlib.lib : spi.o (.text:EUSCI_A_SPI_getInterruptStatus)
                  000070f8    00000008                              : spi.o (.text:EUSCI_B_SPI_getInterruptStatus)
                  00007100    00000008                              : i2c.o (.text:I2C_enableInterrupt)
                  00007108    00000008     MSP_EXP432P401R.obj (.text:MSP_EXP432P401R_initGPIO)
                  00007110    00000008     MSP_EXP432P401R.obj (.text:MSP_EXP432P401R_initGeneral)
                  00007118    00000008     MSP_EXP432P401R.obj (.text:MSP_EXP432P401R_initSDSPI)
                  00007120    00000008     tirtosport.aem4f : SemaphoreP_tirtos.oem4f (.text:SemaphoreP_Params_init)
                  00007128    00000008     drivers_MSP432P401R.aem4f : I2CMSP432.oem4f (.text:blockingTransferCallback)
                  00007130    00000008     ti.sysbios.fatfs.aem4f : syncsysbios.oem4f (.text:ff_req_grant)
                  00007138    00000008     sysbios.aem4f : BIOS.obj (.text:ti_sysbios_family_arm_m3_Hwi_doSwiRestore__I)
                  00007140    00000008                   : BIOS.obj (.text:ti_sysbios_family_arm_m3_Hwi_startup__E)
                  00007148    00000006     msp432p4xx_driverlib.lib : spi.o (.text:EUSCI_B_SPI_receiveData)
                  0000714e    00000006     drivers_MSP432P401R.aem4f : I2CMSP432.oem4f (.text:I2CMSP432_control)
                  00007154    00000006     msp432p4xx_driverlib.lib : i2c.o (.text:I2C_getEnabledInterruptStatus)
                  0000715a    00000006                              : i2c.o (.text:I2C_getInterruptStatus)
                  00007160    00000006                              : i2c.o (.text:I2C_masterReceiveMultiByteNext)
                  00007166    00000006                              : pcm.o (.text:PCM_setPowerMode)
                  0000716c    00000006                              : pcm.o (.text:PCM_setPowerState)
                  00007172    00000006     drivers_MSP432P401R.aem4f : SDSPIMSP432.oem4f (.text:SDSPIMSP432_control)
                  00007178    00000006     ti.targets.arm.rtsarm.aem4f : xdc_noinit.oem4f (.text:__xdc__init)
                  0000717e    00000006     rtsv7M4_T_le_v4SPD16_eabi.lib : copy_decompress_rle.obj (.text:decompress:rle24)
                  00007184    00000006     ti.sysbios.fatfs.aem4f : ff.oem4f (.text:lock_fs)
                  0000718a    00000006     ti.targets.arm.rtsarm.aem4f : System.oem4f (.text:xdc_runtime_System_Module_startup__E)
                  00007190    00000006     sysbios.aem4f : BIOS.obj (.text:ti_sysbios_family_arm_m3_Hwi_doTaskRestore__I)
                  00007196    00000002     --HOLE-- [fill = 0]
                  00007198    00000006                   : BIOS.obj (.text:ti_sysbios_family_arm_m3_Hwi_restoreFxn__E)
                  0000719e    00000002     --HOLE-- [fill = 0]
                  000071a0    00000006                   : BIOS.obj (.text:ti_sysbios_gates_GateHwi_leave__E)
                  000071a6    00000002     --HOLE-- [fill = 0]
                  000071a8    00000006                   : BIOS.obj (.text:ti_sysbios_heaps_HeapMem_isBlocking__E)
                  000071ae    00000002     --HOLE-- [fill = 0]
                  000071b0    00000006                   : BIOS.obj (.text:ti_sysbios_knl_Queue_Instance_init__E)
                  000071b6    00000002     --HOLE-- [fill = 0]
                  000071b8    00000006                   : BIOS.obj (.text:ti_sysbios_knl_Swi_startup__E)
                  000071be    00000002     --HOLE-- [fill = 0]
                  000071c0    00000004                   : BIOS.obj (.text:ti_sysbios_family_arm_msp432_Timer_getPeriod__E)
                  000071c4    00000004     --HOLE-- [fill = 0]
                  000071c8    00000004                   : BIOS.obj (.text:ti_sysbios_gates_GateHwi_query__E)
                  000071cc    00000004     --HOLE-- [fill = 0]
                  000071d0    00000004                   : BIOS.obj (.text:ti_sysbios_gates_GateMutex_query__E)
                  000071d4    00000004     --HOLE-- [fill = 0]
                  000071d8    00000004                   : BIOS.obj (.text:ti_sysbios_knl_Task_startup__E)
                  000071dc    00000004     --HOLE-- [fill = 0]
                  000071e0    00000002                   : BIOS.obj (.text:ti_sysbios_family_arm_m3_TimestampProvider_rolloverFunc__E)
                  000071e2    00000006     --HOLE-- [fill = 0]
                  000071e8    00000002                   : BIOS.obj (.text:ti_sysbios_gates_GateHwi_Instance_init__E)
                  000071ea    00000006     --HOLE-- [fill = 0]
                  000071f0    00000002                   : BIOS.obj (.text:ti_sysbios_knl_Clock_logTick__E)

.const     0    000071f4    00000510     
                  000071f4    00000060     rtsv7M4_T_le_v4SPD16_eabi.lib : mktime.obj (.const)
                  00007254    00000048     hdc1008rtos_pem4f.oem4f (.const:.string)
                  0000729c    00000030     msp432p4xx_driverlib.lib : gpio.o (.const:GPIO_PORT_TO_BASE)
                  000072cc    00000030     hdc1008rtos_pem4f.oem4f (.const:ti_sysbios_family_arm_m3_Hwi_Object__PARAMS__C)
                  000072fc    0000002c     hdc1008rtos_pem4f.oem4f (.const:xdc_runtime_Startup_sfxnTab__A)
                  00007328    00000028     hdc1008rtos_pem4f.oem4f (.const:ti_sysbios_heaps_HeapMem_Module__FXNS__C)
                  00007350    00000024     hdc1008rtos_pem4f.oem4f (.const:ti_sysbios_gates_GateHwi_Module__FXNS__C)
                  00007374    00000024     hdc1008rtos_pem4f.oem4f (.const:ti_sysbios_gates_GateMutex_Module__FXNS__C)
                  00007398    00000024     hdc1008rtos_pem4f.oem4f (.const:ti_sysbios_heaps_HeapMem_Object__PARAMS__C)
                  000073bc    00000024     hdc1008rtos_pem4f.oem4f (.const:ti_sysbios_knl_Semaphore_Object__PARAMS__C)
                  000073e0    00000020     hdc1008rtos_pem4f.oem4f (.const:ti_sysbios_family_arm_m3_Hwi_Object__DESC__C)
                  00007400    00000020     hdc1008rtos_pem4f.oem4f (.const:ti_sysbios_gates_GateHwi_Object__DESC__C)
                  00007420    00000020     hdc1008rtos_pem4f.oem4f (.const:ti_sysbios_gates_GateMutex_Object__DESC__C)
                  00007440    00000020     hdc1008rtos_pem4f.oem4f (.const:ti_sysbios_heaps_HeapMem_Object__DESC__C)
                  00007460    00000020     hdc1008rtos_pem4f.oem4f (.const:ti_sysbios_knl_Queue_Object__DESC__C)
                  00007480    00000020     hdc1008rtos_pem4f.oem4f (.const:ti_sysbios_knl_Semaphore_Object__DESC__C)
                  000074a0    0000001c     drivers_MSP432P401R.aem4f : I2CMSP432.oem4f (.const)
                  000074bc    00000018     MSP_EXP432P401R.obj (.const:I2C_config)
                  000074d4    00000018     MSP_EXP432P401R.obj (.const:SDSPI_config)
                  000074ec    00000018     hdc1008rtos_pem4f.oem4f (.const:ti_sysbios_gates_GateHwi_Object__PARAMS__C)
                  00007504    00000018     hdc1008rtos_pem4f.oem4f (.const:ti_sysbios_gates_GateMutex_Object__PARAMS__C)
                  0000751c    00000018     hdc1008rtos_pem4f.oem4f (.const:ti_sysbios_knl_Queue_Object__PARAMS__C)
                  00007534    00000016     hdc1008rtos_pem4f.oem4f (.const:xdc_runtime_Startup_sfxnRts__A)
                  0000754a    00000002     hdc1008rtos_pem4f.oem4f (.const:ti_sysbios_family_arm_m3_Hwi_Module__id__C)
                  0000754c    00000014     MSP_EXP432P401R.obj (.const:GPIOMSP432_config)
                  00007560    00000014     MSP_EXP432P401R.obj (.const:sdspiMSP432HWAttrs)
                  00007574    00000010     MSP_EXP432P401R.obj (.const)
                  00007584    00000010     drivers_MSP432P401R.aem4f : I2C.oem4f (.const)
                  00007594    00000010                               : SDSPIMSP432.oem4f (.const)
                  000075a4    00000010     hdc1008rtos_pem4f.oem4f (.const)
                  000075b4    00000010     MSP_EXP432P401R.obj (.const:i2cMSP432HWAttrs)
                  000075c4    0000000c     drivers_MSP432P401R.aem4f : GPIOMSP432.oem4f (.const:.string)
                  000075d0    0000000c     hdc1008rtos_pem4f.oem4f (.const:xdc_runtime_Startup_firstFxns__A)
                  000075dc    00000008     drivers_MSP432P401R.aem4f : SDSPI.oem4f (.const)
                  000075e4    00000008     hdc1008rtos_pem4f.oem4f (.const:ti_sysbios_knl_Idle_funcList__C)
                  000075ec    00000008     hdc1008rtos_pem4f.oem4f (.const:xdc_runtime_Startup_firstFxns__C)
                  000075f4    00000008     hdc1008rtos_pem4f.oem4f (.const:xdc_runtime_Startup_lastFxns__C)
                  000075fc    00000004     hdc1008rtos_pem4f.oem4f (.const:ti_sysbios_family_arm_m3_Hwi_E_alreadyDefined__C)
                  00007600    00000004     hdc1008rtos_pem4f.oem4f (.const:ti_sysbios_family_arm_m3_Hwi_NUM_INTERRUPTS__C)
                  00007604    00000004     hdc1008rtos_pem4f.oem4f (.const:ti_sysbios_family_arm_m3_Hwi_Object__count__C)
                  00007608    00000004     hdc1008rtos_pem4f.oem4f (.const:ti_sysbios_family_arm_m3_Hwi_ccr__C)
                  0000760c    00000004     hdc1008rtos_pem4f.oem4f (.const:ti_sysbios_family_arm_m3_Hwi_excHandlerFunc__C)
                  00007610    00000004     hdc1008rtos_pem4f.oem4f (.const:ti_sysbios_family_arm_m3_Hwi_nullIsrFunc__C)
                  00007614    00000004     hdc1008rtos_pem4f.oem4f (.const:ti_sysbios_family_arm_m3_Hwi_priGroup__C)
                  00007618    00000004     hdc1008rtos_pem4f.oem4f (.const:ti_sysbios_family_arm_m3_Timer_E_cannotSupport__C)
                  0000761c    00000004     hdc1008rtos_pem4f.oem4f (.const:ti_sysbios_family_arm_m3_Timer_startupNeeded__C)
                  00007620    00000004     hdc1008rtos_pem4f.oem4f (.const:ti_sysbios_family_arm_msp432_Timer_numTimerDevices__C)
                  00007624    00000004     hdc1008rtos_pem4f.oem4f (.const:ti_sysbios_family_arm_msp432_Timer_startupNeeded__C)
                  00007628    00000004     hdc1008rtos_pem4f.oem4f (.const:ti_sysbios_gates_GateMutex_Instance_State_sem__O)
                  0000762c    00000004     hdc1008rtos_pem4f.oem4f (.const:ti_sysbios_hal_SecondsClock_Module_State_clock__O)
                  00007630    00000004     hdc1008rtos_pem4f.oem4f (.const:ti_sysbios_heaps_HeapMem_E_memory__C)
                  00007634    00000004     hdc1008rtos_pem4f.oem4f (.const:ti_sysbios_heaps_HeapMem_Module__gateObj__C)
                  00007638    00000004     hdc1008rtos_pem4f.oem4f (.const:ti_sysbios_heaps_HeapMem_Object__count__C)
                  0000763c    00000004     hdc1008rtos_pem4f.oem4f (.const:ti_sysbios_heaps_HeapMem_reqAlign__C)
                  00007640    00000004     hdc1008rtos_pem4f.oem4f (.const:ti_sysbios_knl_Clock_Module_State_clockQ__O)
                  00007644    00000004     hdc1008rtos_pem4f.oem4f (.const:ti_sysbios_knl_Clock_tickPeriod__C)
                  00007648    00000004     hdc1008rtos_pem4f.oem4f (.const:ti_sysbios_knl_Idle_funcList__A)
                  0000764c    00000004     hdc1008rtos_pem4f.oem4f (.const:ti_sysbios_knl_Semaphore_Instance_State_pendQ__O)
                  00007650    00000004     hdc1008rtos_pem4f.oem4f (.const:ti_sysbios_knl_Swi_Object__count__C)
                  00007654    00000004     hdc1008rtos_pem4f.oem4f (.const:ti_sysbios_knl_Task_Module_State_inactiveQ__O)
                  00007658    00000004     hdc1008rtos_pem4f.oem4f (.const:ti_sysbios_knl_Task_Object__count__C)
                  0000765c    00000004     hdc1008rtos_pem4f.oem4f (.const:ti_sysbios_knl_Task_allBlockedFunc__C)
                  00007660    00000004     hdc1008rtos_pem4f.oem4f (.const:ti_sysbios_knl_Task_numConstructedTasks__C)
                  00007664    00000004     hdc1008rtos_pem4f.oem4f (.const:xdc_runtime_Assert_E_assertFailed__C)
                  00007668    00000004     hdc1008rtos_pem4f.oem4f (.const:xdc_runtime_Core_A_initializedParams__C)
                  0000766c    00000004     hdc1008rtos_pem4f.oem4f (.const:xdc_runtime_Core_Module__diagsEnabled__C)
                  00007670    00000004     hdc1008rtos_pem4f.oem4f (.const:xdc_runtime_Core_Module__diagsIncluded__C)
                  00007674    00000004     hdc1008rtos_pem4f.oem4f (.const:xdc_runtime_Core_Module__diagsMask__C)
                  00007678    00000004     hdc1008rtos_pem4f.oem4f (.const:xdc_runtime_Error_E_memory__C)
                  0000767c    00000004     hdc1008rtos_pem4f.oem4f (.const:xdc_runtime_Error_Module__diagsEnabled__C)
                  00007680    00000004     hdc1008rtos_pem4f.oem4f (.const:xdc_runtime_Error_Module__diagsIncluded__C)
                  00007684    00000004     hdc1008rtos_pem4f.oem4f (.const:xdc_runtime_Error_Module__diagsMask__C)
                  00007688    00000004     hdc1008rtos_pem4f.oem4f (.const:xdc_runtime_Error_Module__loggerFxn8__C)
                  0000768c    00000004     hdc1008rtos_pem4f.oem4f (.const:xdc_runtime_Error_Module__loggerObj__C)
                  00007690    00000004     hdc1008rtos_pem4f.oem4f (.const:xdc_runtime_Error_policyFxn__C)
                  00007694    00000004     hdc1008rtos_pem4f.oem4f (.const:xdc_runtime_Error_raiseHook__C)
                  00007698    00000004     hdc1008rtos_pem4f.oem4f (.const:xdc_runtime_IGateProvider_Interface__BASE__C)
                  0000769c    00000004     hdc1008rtos_pem4f.oem4f (.const:xdc_runtime_IHeap_Interface__BASE__C)
                  000076a0    00000004     hdc1008rtos_pem4f.oem4f (.const:xdc_runtime_IModule_Interface__BASE__C)
                  000076a4    00000004     hdc1008rtos_pem4f.oem4f (.const:xdc_runtime_Log_L_error__C)
                  000076a8    00000004     hdc1008rtos_pem4f.oem4f (.const:xdc_runtime_Memory_defaultHeapInstance__C)
                  000076ac    00000004     hdc1008rtos_pem4f.oem4f (.const:xdc_runtime_Startup_execImpl__C)
                  000076b0    00000004     hdc1008rtos_pem4f.oem4f (.const:xdc_runtime_Startup_lastFxns__A)
                  000076b4    00000004     hdc1008rtos_pem4f.oem4f (.const:xdc_runtime_Startup_maxPasses__C)
                  000076b8    00000004     hdc1008rtos_pem4f.oem4f (.const:xdc_runtime_Startup_sfxnRts__C)
                  000076bc    00000004     hdc1008rtos_pem4f.oem4f (.const:xdc_runtime_Startup_sfxnTab__C)
                  000076c0    00000004     hdc1008rtos_pem4f.oem4f (.const:xdc_runtime_SysMin_bufSize__C)
                  000076c4    00000004     hdc1008rtos_pem4f.oem4f (.const:xdc_runtime_SysMin_outputFunc__C)
                  000076c8    00000004     hdc1008rtos_pem4f.oem4f (.const:xdc_runtime_System_Module__gateObj__C)
                  000076cc    00000004     hdc1008rtos_pem4f.oem4f (.const:xdc_runtime_System_abortFxn__C)
                  000076d0    00000004     hdc1008rtos_pem4f.oem4f (.const:xdc_runtime_System_exitFxn__C)
                  000076d4    00000004     hdc1008rtos_pem4f.oem4f (.const:xdc_runtime_System_maxAtexitHandlers__C)
                  000076d8    00000004     hdc1008rtos_pem4f.oem4f (.const:xdc_runtime_Text_charTab__C)
                  000076dc    00000004     hdc1008rtos_pem4f.oem4f (.const:xdc_runtime_Text_nameEmpty__C)
                  000076e0    00000004     hdc1008rtos_pem4f.oem4f (.const:xdc_runtime_Text_nameStatic__C)
                  000076e4    00000004     hdc1008rtos_pem4f.oem4f (.const:xdc_runtime_Text_nameUnknown__C)
                  000076e8    00000004     hdc1008rtos_pem4f.oem4f (.const:xdc_runtime_Text_nodeTab__A)
                  000076ec    00000002     hdc1008rtos_pem4f.oem4f (.const:ti_sysbios_family_arm_m3_Timer_Module__id__C)
                  000076ee    00000002     hdc1008rtos_pem4f.oem4f (.const:ti_sysbios_family_arm_m3_TimestampProvider_configTimer__C)
                  000076f0    00000002     hdc1008rtos_pem4f.oem4f (.const:ti_sysbios_heaps_HeapMem_Module__id__C)
                  000076f2    00000002     hdc1008rtos_pem4f.oem4f (.const:ti_sysbios_knl_Task_initStackFlag__C)
                  000076f4    00000002     hdc1008rtos_pem4f.oem4f (.const:xdc_runtime_Core_Module__id__C)
                  000076f6    00000002     hdc1008rtos_pem4f.oem4f (.const:xdc_runtime_Error_Module__loggerDefined__C)
                  000076f8    00000002     hdc1008rtos_pem4f.oem4f (.const:xdc_runtime_Error_maxDepth__C)
                  000076fa    00000002     hdc1008rtos_pem4f.oem4f (.const:xdc_runtime_Memory_Module__id__C)
                  000076fc    00000002     hdc1008rtos_pem4f.oem4f (.const:xdc_runtime_SysMin_flushAtExit__C)
                  000076fe    00000002     hdc1008rtos_pem4f.oem4f (.const:xdc_runtime_Text_charCnt__C)
                  00007700    00000002     hdc1008rtos_pem4f.oem4f (.const:xdc_runtime_Text_isLoaded__C)
                  00007702    00000001     hdc1008rtos_pem4f.oem4f (.const:xdc_runtime_Error_policy__C)
                  00007703    00000001     hdc1008rtos_pem4f.oem4f (.const:xdc_runtime_Text_charTab__A)

.cinit     0    00007708    00000478     
                  00007708    00000442     (.cinit..data.load) [load image, compression = rle]
                  00007b4a    00000002     --HOLE-- [fill = 0]
                  00007b4c    0000000c     (__TI_handler_table)
                  00007b58    00000008     (.cinit..bss.load) [load image, compression = zero_init]
                  00007b60    00000008     (.cinit..vecs.load) [load image, compression = zero_init]
                  00007b68    00000018     (__TI_cinit_table)

.vecs      0    20000000    00000140     UNINITIALIZED
                  20000000    00000140     hdc1008rtos_pem4f.oem4f (.vecs)

.bss       0    20000140    00000fec     UNINITIALIZED
                  20000140    00000600     hdc1008rtos_pem4f.oem4f (.bss:taskStackSection)
                  20000740    00000400     hdc1008rtos_pem4f.oem4f (.bss:ti_sysbios_heaps_HeapMem_Instance_State_0_buf__A)
                  20000b40    00000254     MSP_EXP432P401R.obj (.bss:sdspiMSP432Objects)
                  20000d94    00000140     hdc1008rtos_pem4f.oem4f (.bss:ti_sysbios_family_arm_m3_Hwi_dispatchTable)
                  20000ed4    00000120     rtsv7M4_T_le_v4SPD16_eabi.lib : trgmsg.obj (.bss:__CIOBUF_)
                  20000ff4    00000080     hdc1008rtos_pem4f.oem4f (.bss:xdc_runtime_SysMin_Module_State_0_outbuf__A)
                  20001074    00000048     MSP_EXP432P401R.obj (.bss:i2cMSP432Objects)
                  200010bc    00000030     drivers_MSP432P401R.aem4f : GPIOMSP432.oem4f (.bss:gpioCallbackInfo)
                  200010ec    00000028     ti.sysbios.fatfs.aem4f : ffcio.oem4f (.bss:filTable)
                  20001114    00000010     (.common:sdspiHandles)
                  20001124    00000008     (.common:parmbuf)

.data      0    2000112c    0000074c     UNINITIALIZED
                  2000112c    00000168     hdc1008rtos_pem4f.oem4f (.data)
                  20001294    000000e4     hdc1008rtos_pem4f.oem4f (.data:ti_sysbios_knl_Task_Object__table__V)
                  20001378    000000d0     rtsv7M4_T_le_v4SPD16_eabi.lib : lowlev.obj (.data)
                  20001448    0000009c     drivers_MSP432P401R.aem4f : PowerMSP432.oem4f (.data:PowerMSP432_perfLevels)
                  200014e4    00000080     hdc1008rtos_pem4f.oem4f (.data:ti_sysbios_knl_Swi_Module_State_0_readyQ__A)
                  20001564    00000050     ti.sysbios.fatfs.aem4f : diskio.oem4f (.data:drive_fxn_table)
                  200015b4    0000004c     hdc1008rtos_pem4f.oem4f (.data:ti_sysbios_family_arm_msp432_Timer_Object__table__V)
                  20001600    00000044     hdc1008rtos_pem4f.oem4f (.data:ti_sysbios_knl_Task_Module__state__V)
                  20001644    0000003c     hdc1008rtos_pem4f.oem4f (.data:ti_sysbios_hal_SecondsClock_Module__state__V)
                  20001680    00000038     hdc1008rtos_pem4f.oem4f (.data:ti_sysbios_gates_GateMutex_Object__table__V)
                  200016b8    00000034     hdc1008rtos_pem4f.oem4f (.data:ti_sysbios_family_arm_m3_Hwi_Module__state__V)
                  200016ec    00000030     hdc1008rtos_pem4f.oem4f (.data:ti_sysbios_family_arm_m3_Hwi_Object__table__V)
                  2000171c    00000030     hdc1008rtos_pem4f.oem4f (.data:ti_sysbios_family_arm_m3_Timer_Object__table__V)
                  2000174c    00000030     hdc1008rtos_pem4f.oem4f (.data:ti_sysbios_knl_Swi_Object__table__V)
                  2000177c    0000002c     hdc1008rtos_pem4f.oem4f (.data:ti_sysbios_knl_Clock_Module__state__V)
                  200017a8    00000024     drivers_MSP432P401R.aem4f : PowerMSP432.oem4f (.data:PowerMSP432_module)
                  200017cc    00000024     rtsv7M4_T_le_v4SPD16_eabi.lib : localtim.obj (.data:local_tm)
                  200017f0    00000024     hdc1008rtos_pem4f.oem4f (.data:ti_sysbios_BIOS_Module__state__V)
                  20001814    0000001c     MSP_EXP432P401R.obj (.data)
                  20001830    00000012     ti.sysbios.fatfs.aem4f : ff.oem4f (.data)
                  20001842    00000001     drivers_MSP432P401R.aem4f : GPIOMSP432.oem4f (.data)
                  20001843    00000001     --HOLE--
                  20001844    00000010     rtsv7M4_T_le_v4SPD16_eabi.lib : tmzone.obj (.data)
                  20001854    00000008                                   : _lock.obj (.data)
                  2000185c    00000008                                   : exit.obj (.data)
                  20001864    00000004     drivers_MSP432P401R.aem4f : I2C.oem4f (.data)
                  20001868    00000004                               : SDSPI.oem4f (.data)
                  2000186c    00000004                               : SDSPIMSP432.oem4f (.data)
                  20001870    00000004     rtsv7M4_T_le_v4SPD16_eabi.lib : stkdepth_vars.obj (.data)
                  20001874    00000004     ti.sysbios.fatfs.aem4f : ffcio.oem4f (.data)

.stack     0    2000fe00    00000200     UNINITIALIZED
                  2000fe00    00000200     --HOLE--

.bootVecs 
*          0    00000000    00000008     DSECT
                  00000000    00000008     boot.aem4f : boot.oem4f (.bootVecs)

xdc.meta   0    00000000    000000ec     COPY SECTION
                  00000000    000000ec     hdc1008rtos_pem4f.oem4f (xdc.meta)

xdc.noload 
*          0    00000000    00000000     COPY SECTION

.TI.noinit 
*          0    20000140    00000000     UNINITIALIZED

.TI.persistent 
*          0    2000112c    00000000     UNINITIALIZED


LINKER GENERATED COPY TABLES

__TI_cinit_table @ 00007b68 records: 3, size/record: 8, table size: 24
	.data: load addr=00007708, load size=00000442 bytes, run addr=2000112c, run size=0000074c bytes, compression=rle
	.bss: load addr=00007b58, load size=00000008 bytes, run addr=20000140, run size=00000fec bytes, compression=zero_init
	.vecs: load addr=00007b60, load size=00000008 bytes, run addr=20000000, run size=00000140 bytes, compression=zero_init


LINKER GENERATED HANDLER TABLE

__TI_handler_table @ 00007b4c records: 3, size/record: 4, table size: 12
	index: 0, handler: __TI_decompress_rle24
	index: 1, handler: __TI_decompress_none
	index: 2, handler: __TI_zero_init


GLOBAL SYMBOLS: SORTED ALPHABETICALLY BY Name 

address   name                                                        
-------   ----                                                        
00005359  C$$EXIT                                                     
0000436b  C$$IO$$                                                     
00006f93  CPU_cpsid                                                   
00006f9f  CPU_cpsie                                                   
00003405  CPU_wfi                                                     
00002c39  CS_initClockSignal                                          
000061d5  CS_setDCOCenteredFrequency                                  
00006fad  ClockP_getSystemTickPeriod                                  
00007081  ClockP_getSystemTicks                                       
00006fb9  EUSCI_A_SPI_disable                                         
00006fc5  EUSCI_A_SPI_enable                                          
000070f1  EUSCI_A_SPI_getInterruptStatus                              
0000696f  EUSCI_A_SPI_masterChangeClock                               
00001a3b  EUSCI_A_SPI_receiveData                                     
0000372d  EUSCI_A_SPI_transmitData                                    
00006fd1  EUSCI_B_SPI_disable                                         
00006fdd  EUSCI_B_SPI_enable                                          
000070f9  EUSCI_B_SPI_getInterruptStatus                              
00006987  EUSCI_B_SPI_masterChangeClock                               
00007149  EUSCI_B_SPI_receiveData                                     
000037c5  EUSCI_B_SPI_transmitData                                    
000054f9  FlashCtl_disableReadBuffering                               
0000597d  FlashCtl_enableReadBuffering                                
00006095  FlashCtl_setWaitState                                       
0000754c  GPIOMSP432_config                                           
000069a1  GPIO_clearInterruptFlag                                     
00005aed  GPIO_getEnabledInterruptStatus                              
00006dbd  GPIO_getInterruptStatus                                     
00004995  GPIO_hwiIntFxn                                              
0000426d  GPIO_init                                                   
000064e1  GPIO_interruptEdgeSelect                                    
00005e51  GPIO_setAsInputPin                                          
00005b1d  GPIO_setAsInputPinWithPullDownResistor                      
00005b4d  GPIO_setAsInputPinWithPullUpResistor                        
000061f9  GPIO_setAsOutputPin                                         
00004dd1  GPIO_setAsPeripheralModuleFunctionInputPin                  
00004e1d  GPIO_setAsPeripheralModuleFunctionOutputPin                 
000049e9  GPIO_setCallback                                            
00001ce9  GPIO_setConfig                                              
00006c51  GPIO_setDriveStrengthHigh                                   
000069b9  GPIO_setDriveStrengthLow                                    
00006c65  GPIO_setOutputHighOnPin                                     
000069d1  GPIO_setOutputLowOnPin                                      
00004c41  GPIO_write                                                  
000008d5  HOSTclock                                                   
0000089d  HOSTclose                                                   
0000085f  HOSTgetenv                                                  
00000803  HOSTlseek                                                   
000007b1  HOSTopen                                                    
00000765  HOSTread                                                    
00000707  HOSTrename                                                  
000006cd  HOSTtime                                                    
00000695  HOSTunlink                                                  
00000649  HOSTwrite                                                   
00006f11  HwiP_Params_init                                            
000044d5  HwiP_create                                                 
00006bb1  HwiP_delete                                                 
00003975  HwiP_disable                                                
00007199  HwiP_restore                                                
000043a5  I2CMSP432_close                                             
0000714f  I2CMSP432_control                                           
000074a0  I2CMSP432_fxnTable                                          
00001f41  I2CMSP432_hwiIntFxn                                         
000070c9  I2CMSP432_init                                              
00001305  I2CMSP432_open                                              
0000385d  I2CMSP432_transfer                                          
00006f1f  I2C_clearInterruptFlag                                      
000074bc  I2C_config                                                  
00007584  I2C_defaultParams                                           
00006f2d  I2C_disableInterrupt                                        
00006fe9  I2C_disableModule                                           
00007101  I2C_enableInterrupt                                         
00006ff5  I2C_enableModule                                            
00007155  I2C_getEnabledInterruptStatus                               
0000715b  I2C_getInterruptStatus                                      
000057f5  I2C_init                                                    
000056b9  I2C_initMaster                                              
000069e9  I2C_masterIsStartSent                                       
00007161  I2C_masterReceiveMultiByteNext                              
00006dcd  I2C_masterReceiveMultiByteStop                              
00006ddd  I2C_masterReceiveStart                                      
00005539  I2C_masterSendMultiByteFinish                               
0000621d  I2C_masterSendMultiByteNext                                 
00006ded  I2C_masterSendStart                                         
00006f3b  I2C_setMode                                                 
00003a05  I2C_setSlaveAddress                                         
00003fd5  List_head                                                   
000040b5  List_next                                                   
00006161  List_put                                                    
000068ed  List_remove                                                 
00007109  MSP_EXP432P401R_initGPIO                                    
00007111  MSP_EXP432P401R_initGeneral                                 
00006d2d  MSP_EXP432P401R_initI2C                                     
00007119  MSP_EXP432P401R_initSDSPI                                   
00005e7d  PCM_getCoreVoltageLevel                                     
00006069  PCM_getPowerMode                                            
00006dfd  PCM_getPowerState                                           
000060bd  PCM_gotoLPM0                                                
00003b9d  PCM_gotoLPM3                                                
0000335d  PCM_setCoreVoltageLevelWithTimeout                          
00007167  PCM_setPowerMode                                            
00002df9  PCM_setPowerModeWithTimeout                                 
0000716d  PCM_setPowerState                                           
00001489  PCM_setPowerStateWithTimeout                                
00004c91  PCM_shutdownDevice                                          
00007574  PowerMSP432_config                                          
00006501  PowerMSP432_getFreqs                                        
00004125  PowerMSP432_getNumPerfLevels                                
200017a8  PowerMSP432_module                                          
20001448  PowerMSP432_perfLevels                                      
00004ce1  PowerMSP432_policyFxn                                       
0000116b  PowerMSP432_policyInitFxn                                   
00005ea9  PowerMSP432_updateFreqs                                     
00007001  Power_getConstraintMask                                     
0000700d  Power_getPerformanceLevel                                   
00006521  Power_idleFunc                                              
000059b1  Power_init                                                  
00006721  Power_registerNotify                                        
00005ed5  Power_releaseConstraint                                     
00005f01  Power_setConstraint                                         
0000278d  Power_sleep                                                 
00006541  Power_unregisterNotify                                      
00006241  RTC_C_holdClock                                             
00006265  RTC_C_startClock                                            
000045f9  SDSPIMSP432_close                                           
00007173  SDSPIMSP432_control                                         
00002289  SDSPIMSP432_diskIOctrl                                      
00000bc5  SDSPIMSP432_diskInitialize                                  
00002d19  SDSPIMSP432_diskRead                                        
00006e0d  SDSPIMSP432_diskStatus                                      
00002399  SDSPIMSP432_diskWrite                                       
00007594  SDSPIMSP432_fxnTable                                        
00006d3f  SDSPIMSP432_init                                            
[...]
00006ec1  ti_sysbios_knl_Swi_disable__E                               
00006ed1  ti_sysbios_knl_Task_Object__get__S                          
00006ee1  ti_sysbios_knl_Task_disable__E                              
00006ef1  xdc_runtime_Gate_leaveSystem__E                             
00006f01  xdc_runtime_Memory_free__E                                  
00006f11  HwiP_Params_init                                            
00006f1f  I2C_clearInterruptFlag                                      
00006f2d  I2C_disableInterrupt                                        
00006f3b  I2C_setMode                                                 
00006f49  __TI_decompress_none                                        
00006f57  ff_del_syncobj                                              
00006f69  ti_sysbios_knl_Idle_loop__E                                 
00006f79  ti_sysbios_knl_Queue_empty__E                               
00006f87  ti_sysbios_family_arm_msp432_init_Boot_init__I              
00006f87  xdc_runtime_Startup_reset__I                                
00006f93  CPU_cpsid                                                   
00006f9f  CPU_cpsie                                                   
00006fad  ClockP_getSystemTickPeriod                                  
00006fb9  EUSCI_A_SPI_disable                                         
00006fc5  EUSCI_A_SPI_enable                                          
00006fd1  EUSCI_B_SPI_disable                                         
00006fdd  EUSCI_B_SPI_enable                                          
00006fe9  I2C_disableModule                                           
00006ff5  I2C_enableModule                                            
00007001  Power_getConstraintMask                                     
0000700d  Power_getPerformanceLevel                                   
00007019  __TI_zero_init                                              
00007025  ti_sysbios_family_arm_m3_Hwi_Params__init__S                
00007025  ti_sysbios_hal_Hwi_HwiProxy_Params__init__S                 
00007031  ti_sysbios_family_arm_m3_Hwi_disableFxn__E                  
00007031  ti_sysbios_hal_Hwi_HwiProxy_disable__E                      
00007041  ti_sysbios_family_arm_m3_TimestampProvider_startTimer__E    
00007051  ti_sysbios_family_arm_msp432_Timer_getMaxTicks__E           
00007061  ti_sysbios_gates_GateHwi_enter__E                           
00007071  ti_sysbios_hal_SecondsClock_get__E                          
00007071  ti_sysbios_hal_Seconds_SecondsProxy_get__E                  
00007081  ClockP_getSystemTicks                                       
00007081  ti_sysbios_knl_Clock_getTicks__E                            
0000708d  ti_sysbios_knl_Semaphore_Params__init__S                    
00007099  xdc_runtime_Error_init__E                                   
000070a5  xdc_runtime_Gate_enterSystem__E                             
000070b1  xdc_runtime_Memory_calloc__E                                
000070bd  xdc_runtime_Memory_getMaxDefaultTypeAlign__E                
000070c9  I2CMSP432_init                                              
000070d3  SemaphoreP_post                                             
000070d3  SemaphoreP_postFromClock                                    
000070d3  SemaphoreP_postFromISR                                      
000070dd  xdc_runtime_Memory_HeapProxy_alloc__E                       
000070e7  xdc_runtime_Memory_HeapProxy_free__E                        
000070f1  EUSCI_A_SPI_getInterruptStatus                              
000070f9  EUSCI_B_SPI_getInterruptStatus                              
00007101  I2C_enableInterrupt                                         
00007109  MSP_EXP432P401R_initGPIO                                    
00007111  MSP_EXP432P401R_initGeneral                                 
00007119  MSP_EXP432P401R_initSDSPI                                   
00007121  SemaphoreP_Params_init                                      
00007131  ff_req_grant                                                
00007139  ti_sysbios_family_arm_m3_Hwi_doSwiRestore__I                
00007141  ti_sysbios_family_arm_m3_Hwi_startup__E                     
00007141  ti_sysbios_hal_Hwi_HwiProxy_startup__E                      
00007149  EUSCI_B_SPI_receiveData                                     
0000714f  I2CMSP432_control                                           
00007155  I2C_getEnabledInterruptStatus                               
0000715b  I2C_getInterruptStatus                                      
00007161  I2C_masterReceiveMultiByteNext                              
00007167  PCM_setPowerMode                                            
0000716d  PCM_setPowerState                                           
00007173  SDSPIMSP432_control                                         
00007179  __xdc__init                                                 
0000717f  __TI_decompress_rle24                                       
0000718b  xdc_runtime_System_Module_startup__E                        
00007191  ti_sysbios_family_arm_m3_Hwi_doTaskRestore__I               
00007199  HwiP_restore                                                
00007199  ti_sysbios_family_arm_m3_Hwi_restoreFxn__E                  
00007199  ti_sysbios_hal_Hwi_HwiProxy_restore__E                      
000071a1  ti_sysbios_gates_GateHwi_leave__E                           
000071a9  ti_sysbios_heaps_HeapMem_isBlocking__E                      
000071b1  ti_sysbios_knl_Queue_Instance_init__E                       
000071b9  ti_sysbios_knl_Swi_startup__E                               
000071c1  ti_sysbios_family_arm_msp432_Timer_getPeriod__E             
000071c9  ti_sysbios_gates_GateHwi_query__E                           
000071c9  xdc_runtime_Main_Module_GateProxy_query__E                  
000071c9  xdc_runtime_System_Module_GateProxy_query__E                
000071d1  ti_sysbios_BIOS_RtsGateProxy_query__E                       
000071d1  ti_sysbios_gates_GateMutex_query__E                         
000071d1  ti_sysbios_heaps_HeapMem_Module_GateProxy_query__E          
000071d9  ti_sysbios_knl_Task_startup__E                              
000071e1  ti_sysbios_family_arm_m3_TimestampProvider_rolloverFunc__E  
000071e9  ti_sysbios_gates_GateHwi_Instance_init__E                   
000071f1  ti_sysbios_knl_Clock_logTick__E                             
000072cc  ti_sysbios_family_arm_m3_Hwi_Object__PARAMS__C              
000072fc  xdc_runtime_Startup_sfxnTab__A                              
00007328  ti_sysbios_heaps_HeapMem_Module__FXNS__C                    
00007350  ti_sysbios_gates_GateHwi_Module__FXNS__C                    
00007374  ti_sysbios_gates_GateMutex_Module__FXNS__C                  
00007398  ti_sysbios_heaps_HeapMem_Object__PARAMS__C                  
000073bc  ti_sysbios_knl_Semaphore_Object__PARAMS__C                  
000073e0  ti_sysbios_family_arm_m3_Hwi_Object__DESC__C                
00007400  ti_sysbios_gates_GateHwi_Object__DESC__C                    
00007420  ti_sysbios_gates_GateMutex_Object__DESC__C                  
00007440  ti_sysbios_heaps_HeapMem_Object__DESC__C                    
00007460  ti_sysbios_knl_Queue_Object__DESC__C                        
00007480  ti_sysbios_knl_Semaphore_Object__DESC__C                    
000074a0  I2CMSP432_fxnTable                                          
000074bc  I2C_config                                                  
000074d4  SDSPI_config                                                
000074ec  ti_sysbios_gates_GateHwi_Object__PARAMS__C                  
00007504  ti_sysbios_gates_GateMutex_Object__PARAMS__C                
0000751c  ti_sysbios_knl_Queue_Object__PARAMS__C                      
00007534  xdc_runtime_Startup_sfxnRts__A                              
0000754a  ti_sysbios_family_arm_m3_Hwi_Module__id__C                  
0000754c  GPIOMSP432_config                                           
00007560  sdspiMSP432HWAttrs                                          
00007574  PowerMSP432_config                                          
00007584  I2C_defaultParams                                           
00007594  SDSPIMSP432_fxnTable                                        
000075a4  toReadQueue                                                 
000075a8  toWriteQueue                                                
000075ac  readSensorBuffer                                            
000075b0  writeSensorBuffer                                           
000075b4  i2cMSP432HWAttrs                                            
000075d0  xdc_runtime_Startup_firstFxns__A                            
000075dc  SDSPI_defaultParams                                         
000075e4  ti_sysbios_knl_Idle_funcList__C                             
000075ec  xdc_runtime_Startup_firstFxns__C                            
000075f4  xdc_runtime_Startup_lastFxns__C                             
000075fc  ti_sysbios_family_arm_m3_Hwi_E_alreadyDefined__C            
00007600  ti_sysbios_family_arm_m3_Hwi_NUM_INTERRUPTS__C              
00007604  ti_sysbios_family_arm_m3_Hwi_Object__count__C               
00007608  ti_sysbios_family_arm_m3_Hwi_ccr__C                         
0000760c  ti_sysbios_family_arm_m3_Hwi_excHandlerFunc__C              
00007610  ti_sysbios_family_arm_m3_Hwi_nullIsrFunc__C                 
00007614  ti_sysbios_family_arm_m3_Hwi_priGroup__C                    
00007618  ti_sysbios_family_arm_m3_Timer_E_cannotSupport__C           
0000761c  ti_sysbios_family_arm_m3_Timer_startupNeeded__C             
00007620  ti_sysbios_family_arm_msp432_Timer_numTimerDevices__C       
00007624  ti_sysbios_family_arm_msp432_Timer_startupNeeded__C         
00007628  ti_sysbios_gates_GateMutex_Instance_State_sem__O            
0000762c  ti_sysbios_hal_SecondsClock_Module_State_clock__O           
00007630  ti_sysbios_heaps_HeapMem_E_memory__C                        
00007634  ti_sysbios_heaps_HeapMem_Module__gateObj__C                 
00007638  ti_sysbios_heaps_HeapMem_Object__count__C                   
0000763c  ti_sysbios_heaps_HeapMem_reqAlign__C                        
00007640  ti_sysbios_knl_Clock_Module_State_clockQ__O                 
00007644  ti_sysbios_knl_Clock_tickPeriod__C                          
00007648  ti_sysbios_knl_Idle_funcList__A                             
0000764c  ti_sysbios_knl_Semaphore_Instance_State_pendQ__O            
00007650  ti_sysbios_knl_Swi_Object__count__C                         
00007654  ti_sysbios_knl_Task_Module_State_inactiveQ__O               
00007658  ti_sysbios_knl_Task_Object__count__C                        
0000765c  ti_sysbios_knl_Task_allBlockedFunc__C                       
00007660  ti_sysbios_knl_Task_numConstructedTasks__C                  
00007664  xdc_runtime_Assert_E_assertFailed__C                        
00007668  xdc_runtime_Core_A_initializedParams__C                     
0000766c  xdc_runtime_Core_Module__diagsEnabled__C                    
00007670  xdc_runtime_Core_Module__diagsIncluded__C                   
00007674  xdc_runtime_Core_Module__diagsMask__C                       
00007678  xdc_runtime_Error_E_memory__C                               
0000767c  xdc_runtime_Error_Module__diagsEnabled__C                   
00007680  xdc_runtime_Error_Module__diagsIncluded__C                  
00007684  xdc_runtime_Error_Module__diagsMask__C                      
00007688  xdc_runtime_Error_Module__loggerFxn8__C                     
0000768c  xdc_runtime_Error_Module__loggerObj__C                      
00007690  xdc_runtime_Error_policyFxn__C                              
00007694  xdc_runtime_Error_raiseHook__C                              
00007698  xdc_runtime_IGateProvider_Interface__BASE__C                
0000769c  xdc_runtime_IHeap_Interface__BASE__C                        
000076a0  xdc_runtime_IModule_Interface__BASE__C                      
000076a4  xdc_runtime_Log_L_error__C                                  
000076a8  xdc_runtime_Memory_defaultHeapInstance__C                   
000076ac  xdc_runtime_Startup_execImpl__C                             
000076b0  xdc_runtime_Startup_lastFxns__A                             
000076b4  xdc_runtime_Startup_maxPasses__C                            
000076b8  xdc_runtime_Startup_sfxnRts__C                              
000076bc  xdc_runtime_Startup_sfxnTab__C                              
000076c0  xdc_runtime_SysMin_bufSize__C                               
000076c4  xdc_runtime_SysMin_outputFunc__C                            
000076c8  xdc_runtime_System_Module__gateObj__C                       
000076cc  xdc_runtime_System_abortFxn__C                              
000076d0  xdc_runtime_System_exitFxn__C                               
000076d4  xdc_runtime_System_maxAtexitHandlers__C                     
000076d8  xdc_runtime_Text_charTab__C                                 
000076dc  xdc_runtime_Text_nameEmpty__C                               
000076e0  xdc_runtime_Text_nameStatic__C                              
000076e4  xdc_runtime_Text_nameUnknown__C                             
000076e8  xdc_runtime_Text_nodeTab__A                                 
000076ec  ti_sysbios_family_arm_m3_Timer_Module__id__C                
000076ee  ti_sysbios_family_arm_m3_TimestampProvider_configTimer__C   
000076f0  ti_sysbios_heaps_HeapMem_Module__id__C                      
000076f2  ti_sysbios_knl_Task_initStackFlag__C                        
000076f4  xdc_runtime_Core_Module__id__C                              
000076f6  xdc_runtime_Error_Module__loggerDefined__C                  
000076f8  xdc_runtime_Error_maxDepth__C                               
000076fa  xdc_runtime_Memory_Module__id__C                            
000076fc  xdc_runtime_SysMin_flushAtExit__C                           
000076fe  xdc_runtime_Text_charCnt__C                                 
00007700  xdc_runtime_Text_isLoaded__C                                
00007702  xdc_runtime_Error_policy__C                                 
00007703  xdc_runtime_Text_charTab__A                                 
00007708  __TI_static_base__                                          
00007b4c  __TI_Handler_Table_Base                                     
00007b58  __TI_Handler_Table_Limit                                    
00007b68  __TI_CINIT_Base                                             
00007b80  __TI_CINIT_Limit                                            
20000000  ti_sysbios_family_arm_m3_Hwi_ramVectors                     
20000140  ti_sysbios_knl_Task_Instance_State_0_stack__A               
20000340  ti_sysbios_knl_Task_Instance_State_1_stack__A               
20000540  ti_sysbios_knl_Task_Instance_State_2_stack__A               
20000740  ti_sysbios_heaps_HeapMem_Instance_State_0_buf__A            
20000b40  sdspiMSP432Objects                                          
20000d94  ti_sysbios_family_arm_m3_Hwi_dispatchTable                  
20000ed4  __CIOBUF_                                                   
20000ff4  xdc_runtime_SysMin_Module_State_0_outbuf__A                 
20001074  i2cMSP432Objects                                            
2000112c  ti_sysbios_family_arm_m3_Hwi_Module__root__V                
20001134  ti_sysbios_family_arm_m3_Hwi_Module_State_0_excActive__A    
20001138  ti_sysbios_family_arm_m3_Hwi_Module_State_0_excContext__A   
2000113c  ti_sysbios_family_arm_m3_Hwi_Module_State_0_excStack__A     
20001140  ti_sysbios_family_arm_m3_Timer_Module__root__V              
20001148  ti_sysbios_family_arm_m3_Timer_Module__state__V             
20001154  ti_sysbios_family_arm_m3_TimestampProvider_Module__state__V 
20001158  ti_sysbios_family_arm_msp432_ClockFreqs_Module__state__V    
20001164  ti_sysbios_family_arm_msp432_Timer_Module__root__V          
2000116c  ti_sysbios_family_arm_msp432_Timer_Module_State_0_device__A 
2000118c  ti_sysbios_family_arm_msp432_Timer_Module_State_0_handles__A
2000119c  ti_sysbios_family_arm_msp432_Timer_Module__state__V         
200011a8  ti_sysbios_gates_GateHwi_Module__root__V                    
200011b0  ti_sysbios_gates_GateHwi_Object__table__V                   
200011b4  ti_sysbios_gates_GateMutex_Module__root__V                  
200011bc  ti_sysbios_hal_Hwi_Module__root__V                          
200011c4  ti_sysbios_heaps_HeapMem_Module__root__V                    
200011cc  ti_sysbios_heaps_HeapMem_Object__table__V                   
200011e4  ti_sysbios_knl_Clock_Module__root__V                        
200011ec  ti_sysbios_knl_Queue_Module__root__V                        
200011f4  ti_sysbios_knl_Queue_Object__table__V                       
20001204  ti_sysbios_knl_Semaphore_Module__root__V                    
2000120c  ti_sysbios_knl_Swi_Module__root__V                          
20001214  ti_sysbios_knl_Swi_Module__state__V                         
20001230  ti_sysbios_knl_Task_Module__root__V                         
20001238  ti_sysbios_knl_Task_Module_State_0_readyQ__A                
20001258  ti_sysbios_knl_Task_Module_State_0_idleTask__A              
2000125c  xdc_runtime_Error_Module__state__V                          
20001260  xdc_runtime_Memory_Module__state__V                         
20001264  xdc_runtime_Registry_Module__state__V                       
2000126c  xdc_runtime_Startup_Module__state__V                        
20001274  xdc_runtime_SysMin_Module__state__V                         
20001280  xdc_runtime_System_Module__state__V                         
20001288  xdc_runtime_Text_Module__state__V                           
20001290  __xdc__init__addr                                           
20001294  ti_sysbios_knl_Task_Object__table__V                        
2000132c  TSK_idle                                                    
20001448  PowerMSP432_perfLevels                                      
200014e4  ti_sysbios_knl_Swi_Module_State_0_readyQ__A                 
200015b4  ti_sysbios_family_arm_msp432_Timer_Object__table__V         
20001600  ti_sysbios_knl_Task_Module__state__V                        
20001644  ti_sysbios_hal_SecondsClock_Module__state__V                
20001680  ti_sysbios_gates_GateMutex_Object__table__V                 
200016b8  ti_sysbios_family_arm_m3_Hwi_Module__state__V               
200016ec  ti_sysbios_family_arm_m3_Hwi_Object__table__V               
2000171c  ti_sysbios_family_arm_m3_Timer_Object__table__V             
2000174c  ti_sysbios_knl_Swi_Object__table__V                         
2000177c  ti_sysbios_knl_Clock_Module__state__V                       
200017a8  PowerMSP432_module                                          
200017f0  ti_sysbios_BIOS_Module__state__V                            
20001818  gpioPinConfigs                                              
20001828  gpioCallbackFunctions                                       
20001844  _tz                                                         
20001854  _lock                                                       
20001858  _unlock                                                     
2000185c  __TI_cleanup_ptr                                            
20001860  __TI_dtors_ptr                                              
20001870  main_func_sp                                                
2000fe00  __stack                                                     
20010000  __STACK_END                                                 
4000480c  WDTCTL_SYM                                                  
e000e000  ti_sysbios_family_arm_m3_Hwi_nvic                           
ffffffff  __binit__                                                   
ffffffff  __c_args__                                                  
ffffffff  binit                                                       
UNDEFED   SHT$$INIT_ARRAY$$Base                                       
UNDEFED   SHT$$INIT_ARRAY$$Limit                                      

[665 symbols]
